Component: ARM Compiler 5.06 update 6 (build 750) Tool: armlink [4d35ed]

==============================================================================

Section Cross References

    main.o(i.main) refers to _printf_percent.o(.ARM.Collect$$_printf_percent$$00000000) for _printf_percent
    main.o(i.main) refers to _printf_d.o(.ARM.Collect$$_printf_percent$$00000009) for _printf_d
    main.o(i.main) refers to _printf_dec.o(.text) for _printf_int_dec
    main.o(i.main) refers to _printf_s.o(.ARM.Collect$$_printf_percent$$00000014) for _printf_s
    main.o(i.main) refers to _printf_str.o(.text) for _printf_str
    main.o(i.main) refers to delay.o(i.delay_init) for delay_init
    main.o(i.main) refers to misc.o(i.NVIC_PriorityGroupConfig) for NVIC_PriorityGroupConfig
    main.o(i.main) refers to usart.o(i.uart_init) for uart_init
    main.o(i.main) refers to led.o(i.LED_Init) for LED_Init
    main.o(i.main) refers to wire.o(i.light_sensor_init) for light_sensor_init
    main.o(i.main) refers to wire.o(i.smoke_sensor_init) for smoke_sensor_init
    main.o(i.main) refers to __2printf.o(.text) for __2printf
    main.o(i.main) refers to delay.o(i.delay_ms) for delay_ms
    main.o(i.main) refers to dht11.o(i.DHT11_Init) for DHT11_Init
    main.o(i.main) refers to usart3.o(i.usart3_init) for usart3_init
    main.o(i.main) refers to malloc.o(i.my_mem_init) for my_mem_init
    main.o(i.main) refers to sdio_sdcard.o(i.SD_Init) for SD_Init
    main.o(i.main) refers to exfuns.o(i.exfuns_init) for exfuns_init
    main.o(i.main) refers to ff.o(i.f_mount) for f_mount
    main.o(i.main) refers to ff.o(i.f_mkdir) for f_mkdir
    main.o(i.main) refers to ov7725.o(i.OV7725_Init) for OV7725_Init
    main.o(i.main) refers to ov7725.o(i.OV7725_Window_Set) for OV7725_Window_Set
    main.o(i.main) refers to timer.o(i.TIM6_Int_Init) for TIM6_Int_Init
    main.o(i.main) refers to exti.o(i.EXTI8_Init) for EXTI8_Init
    main.o(i.main) refers to common.o(i.atk_8266_send_cmd) for atk_8266_send_cmd
    main.o(i.main) refers to delay.o(i.delay) for delay
    main.o(i.main) refers to strlen.o(.text) for strlen
    main.o(i.main) refers to main.o(i.htonl) for htonl
    main.o(i.main) refers to common.o(i.atk_8266_send_data_neat) for atk_8266_send_data_neat
    main.o(i.main) refers to common.o(i.atk_8266_send_data_neat_large) for atk_8266_send_data_neat_large
    main.o(i.main) refers to dht11.o(i.DHT11_Read_Data) for DHT11_Read_Data
    main.o(i.main) refers to wire.o(i.get_light) for get_light
    main.o(i.main) refers to wire.o(i.get_smoke) for get_smoke
    main.o(i.main) refers to __2sprintf.o(.text) for __2sprintf
    main.o(i.main) refers to main.o(i.photo_generate) for photo_generate
    main.o(i.main) refers to main.o(.data) for SIZE
    main.o(i.main) refers to exfuns.o(.data) for fs
    main.o(i.photo_generate) refers to _printf_percent.o(.ARM.Collect$$_printf_percent$$00000000) for _printf_percent
    main.o(i.photo_generate) refers to _printf_s.o(.ARM.Collect$$_printf_percent$$00000014) for _printf_s
    main.o(i.photo_generate) refers to _printf_str.o(.text) for _printf_str
    main.o(i.photo_generate) refers to piclib.o(i.pic_memalloc) for pic_memalloc
    main.o(i.photo_generate) refers to __2printf.o(.text) for __2printf
    main.o(i.photo_generate) refers to bmp.o(i.bmp_encode_in) for bmp_encode_in
    main.o(i.photo_generate) refers to delay.o(i.delay_ms) for delay_ms
    main.o(i.photo_generate) refers to ff.o(i.f_write) for f_write
    main.o(i.photo_generate) refers to common.o(i.atk_8266_send_data_neat_large) for atk_8266_send_data_neat_large
    main.o(i.photo_generate) refers to ff.o(i.f_close) for f_close
    main.o(i.photo_generate) refers to piclib.o(i.pic_memfree) for pic_memfree
    main.o(i.photo_generate) refers to exti.o(.data) for ov_sta
    main.o(i.photo_generate) refers to exfuns.o(.data) for bw
    system_stm32f10x.o(i.SetSysClock) refers to system_stm32f10x.o(i.SetSysClockTo72) for SetSysClockTo72
    system_stm32f10x.o(i.SystemCoreClockUpdate) refers to system_stm32f10x.o(.data) for SystemCoreClock
    system_stm32f10x.o(i.SystemInit) refers to system_stm32f10x.o(i.SetSysClock) for SetSysClock
    wire.o(i.get_light) refers to stm32f10x_gpio.o(i.GPIO_ReadInputDataBit) for GPIO_ReadInputDataBit
    wire.o(i.get_smoke) refers to stm32f10x_gpio.o(i.GPIO_ReadInputDataBit) for GPIO_ReadInputDataBit
    wire.o(i.light_sensor_init) refers to stm32f10x_rcc.o(i.RCC_APB2PeriphClockCmd) for RCC_APB2PeriphClockCmd
    wire.o(i.light_sensor_init) refers to stm32f10x_gpio.o(i.GPIO_Init) for GPIO_Init
    wire.o(i.smoke_sensor_init) refers to stm32f10x_rcc.o(i.RCC_APB2PeriphClockCmd) for RCC_APB2PeriphClockCmd
    wire.o(i.smoke_sensor_init) refers to stm32f10x_gpio.o(i.GPIO_Init) for GPIO_Init
    startup_stm32f10x_hd.o(STACK) refers (Special) to heapauxi.o(.text) for __use_two_region_memory
    startup_stm32f10x_hd.o(HEAP) refers (Special) to heapauxi.o(.text) for __use_two_region_memory
[...]
    __rt_lib_init                            0x08000235   Thumb Code     0  libinit.o(.ARM.Collect$$libinit$$00000000)
    __rt_lib_init_fp_1                       0x08000237   Thumb Code     0  libinit2.o(.ARM.Collect$$libinit$$00000002)
    __rt_lib_init_heap_1                     0x08000237   Thumb Code     0  libinit2.o(.ARM.Collect$$libinit$$0000000A)
    __rt_lib_init_lc_common                  0x08000237   Thumb Code     0  libinit2.o(.ARM.Collect$$libinit$$0000000F)
    __rt_lib_init_preinit_1                  0x08000237   Thumb Code     0  libinit2.o(.ARM.Collect$$libinit$$00000004)
    __rt_lib_init_rand_1                     0x08000237   Thumb Code     0  libinit2.o(.ARM.Collect$$libinit$$0000000E)
    __rt_lib_init_user_alloc_1               0x08000237   Thumb Code     0  libinit2.o(.ARM.Collect$$libinit$$0000000C)
    __rt_lib_init_lc_collate_1               0x0800023d   Thumb Code     0  libinit2.o(.ARM.Collect$$libinit$$00000011)
    __rt_lib_init_lc_ctype_2                 0x0800023d   Thumb Code     0  libinit2.o(.ARM.Collect$$libinit$$00000012)
    __rt_lib_init_lc_ctype_1                 0x08000249   Thumb Code     0  libinit2.o(.ARM.Collect$$libinit$$00000013)
    __rt_lib_init_lc_monetary_1              0x08000249   Thumb Code     0  libinit2.o(.ARM.Collect$$libinit$$00000015)
    __rt_lib_init_lc_numeric_2               0x08000249   Thumb Code     0  libinit2.o(.ARM.Collect$$libinit$$00000016)
    __rt_lib_init_alloca_1                   0x08000253   Thumb Code     0  libinit2.o(.ARM.Collect$$libinit$$0000002E)
    __rt_lib_init_argv_1                     0x08000253   Thumb Code     0  libinit2.o(.ARM.Collect$$libinit$$0000002C)
    __rt_lib_init_atexit_1                   0x08000253   Thumb Code     0  libinit2.o(.ARM.Collect$$libinit$$0000001B)
    __rt_lib_init_clock_1                    0x08000253   Thumb Code     0  libinit2.o(.ARM.Collect$$libinit$$00000021)
    __rt_lib_init_cpp_1                      0x08000253   Thumb Code     0  libinit2.o(.ARM.Collect$$libinit$$00000032)
    __rt_lib_init_exceptions_1               0x08000253   Thumb Code     0  libinit2.o(.ARM.Collect$$libinit$$00000030)
    __rt_lib_init_fp_trap_1                  0x08000253   Thumb Code     0  libinit2.o(.ARM.Collect$$libinit$$0000001F)
    __rt_lib_init_getenv_1                   0x08000253   Thumb Code     0  libinit2.o(.ARM.Collect$$libinit$$00000023)
    __rt_lib_init_lc_numeric_1               0x08000253   Thumb Code     0  libinit2.o(.ARM.Collect$$libinit$$00000017)
    __rt_lib_init_lc_time_1                  0x08000253   Thumb Code     0  libinit2.o(.ARM.Collect$$libinit$$00000019)
    __rt_lib_init_return                     0x08000253   Thumb Code     0  libinit2.o(.ARM.Collect$$libinit$$00000033)
    __rt_lib_init_signal_1                   0x08000253   Thumb Code     0  libinit2.o(.ARM.Collect$$libinit$$0000001D)
    __rt_lib_init_stdio_1                    0x08000253   Thumb Code     0  libinit2.o(.ARM.Collect$$libinit$$00000025)
    __rt_lib_shutdown                        0x08000255   Thumb Code     0  libshutdown.o(.ARM.Collect$$libshutdown$$00000000)
    __rt_lib_shutdown_cpp_1                  0x08000257   Thumb Code     0  libshutdown2.o(.ARM.Collect$$libshutdown$$00000002)
    __rt_lib_shutdown_fp_trap_1              0x08000257   Thumb Code     0  libshutdown2.o(.ARM.Collect$$libshutdown$$00000007)
    __rt_lib_shutdown_heap_1                 0x08000257   Thumb Code     0  libshutdown2.o(.ARM.Collect$$libshutdown$$0000000F)
    __rt_lib_shutdown_return                 0x08000257   Thumb Code     0  libshutdown2.o(.ARM.Collect$$libshutdown$$00000010)
    __rt_lib_shutdown_signal_1               0x08000257   Thumb Code     0  libshutdown2.o(.ARM.Collect$$libshutdown$$0000000A)
    __rt_lib_shutdown_stdio_1                0x08000257   Thumb Code     0  libshutdown2.o(.ARM.Collect$$libshutdown$$00000004)
    __rt_lib_shutdown_user_alloc_1           0x08000257   Thumb Code     0  libshutdown2.o(.ARM.Collect$$libshutdown$$0000000C)
    __rt_entry                               0x08000259   Thumb Code     0  __rtentry.o(.ARM.Collect$$rtentry$$00000000)
    __rt_entry_presh_1                       0x08000259   Thumb Code     0  __rtentry2.o(.ARM.Collect$$rtentry$$00000002)
    __rt_entry_sh                            0x08000259   Thumb Code     0  __rtentry4.o(.ARM.Collect$$rtentry$$00000004)
    __rt_entry_li                            0x0800025f   Thumb Code     0  __rtentry2.o(.ARM.Collect$$rtentry$$0000000A)
    __rt_entry_postsh_1                      0x0800025f   Thumb Code     0  __rtentry2.o(.ARM.Collect$$rtentry$$00000009)
    __rt_entry_main                          0x08000263   Thumb Code     0  __rtentry2.o(.ARM.Collect$$rtentry$$0000000D)
    __rt_entry_postli_1                      0x08000263   Thumb Code     0  __rtentry2.o(.ARM.Collect$$rtentry$$0000000C)
    __rt_exit                                0x0800026b   Thumb Code     0  rtexit.o(.ARM.Collect$$rtexit$$00000000)
    __rt_exit_ls                             0x0800026d   Thumb Code     0  rtexit2.o(.ARM.Collect$$rtexit$$00000003)
    __rt_exit_prels_1                        0x0800026d   Thumb Code     0  rtexit2.o(.ARM.Collect$$rtexit$$00000002)
    __rt_exit_exit                           0x08000271   Thumb Code     0  rtexit2.o(.ARM.Collect$$rtexit$$00000004)
    Reset_Handler                            0x0800027d   Thumb Code     8  startup_stm32f10x_hd.o(.text)
    ADC1_2_IRQHandler                        0x08000297   Thumb Code     0  startup_stm32f10x_hd.o(.text)
    ADC3_IRQHandler                          0x08000297   Thumb Code     0  startup_stm32f10x_hd.o(.text)
    CAN1_RX1_IRQHandler                      0x08000297   Thumb Code     0  startup_stm32f10x_hd.o(.text)
    CAN1_SCE_IRQHandler                      0x08000297   Thumb Code     0  startup_stm32f10x_hd.o(.text)
    DMA1_Channel1_IRQHandler                 0x08000297   Thumb Code     0  startup_stm32f10x_hd.o(.text)
    DMA1_Channel2_IRQHandler                 0x08000297   Thumb Code     0  startup_stm32f10x_hd.o(.text)
    DMA1_Channel3_IRQHandler                 0x08000297   Thumb Code     0  startup_stm32f10x_hd.o(.text)
    DMA1_Channel4_IRQHandler                 0x08000297   Thumb Code     0  startup_stm32f10x_hd.o(.text)
    DMA1_Channel5_IRQHandler                 0x08000297   Thumb Code     0  startup_stm32f10x_hd.o(.text)
    DMA1_Channel6_IRQHandler                 0x08000297   Thumb Code     0  startup_stm32f10x_hd.o(.text)
    DMA1_Channel7_IRQHandler                 0x08000297   Thumb Code     0  startup_stm32f10x_hd.o(.text)
    DMA2_Channel1_IRQHandler                 0x08000297   Thumb Code     0  startup_stm32f10x_hd.o(.text)
    DMA2_Channel2_IRQHandler                 0x08000297   Thumb Code     0  startup_stm32f10x_hd.o(.text)
    DMA2_Channel3_IRQHandler                 0x08000297   Thumb Code     0  startup_stm32f10x_hd.o(.text)
    DMA2_Channel4_5_IRQHandler               0x08000297   Thumb Code     0  startup_stm32f10x_hd.o(.text)
    EXTI15_10_IRQHandler                     0x08000297   Thumb Code     0  startup_stm32f10x_hd.o(.text)
    EXTI1_IRQHandler                         0x08000297   Thumb Code     0  startup_stm32f10x_hd.o(.text)
    EXTI2_IRQHandler                         0x08000297   Thumb Code     0  startup_stm32f10x_hd.o(.text)
    FLASH_IRQHandler                         0x08000297   Thumb Code     0  startup_stm32f10x_hd.o(.text)
    FSMC_IRQHandler                          0x08000297   Thumb Code     0  startup_stm32f10x_hd.o(.text)
    I2C1_ER_IRQHandler                       0x08000297   Thumb Code     0  startup_stm32f10x_hd.o(.text)
    I2C1_EV_IRQHandler                       0x08000297   Thumb Code     0  startup_stm32f10x_hd.o(.text)
    I2C2_ER_IRQHandler                       0x08000297   Thumb Code     0  startup_stm32f10x_hd.o(.text)
    I2C2_EV_IRQHandler                       0x08000297   Thumb Code     0  startup_stm32f10x_hd.o(.text)
    PVD_IRQHandler                           0x08000297   Thumb Code     0  startup_stm32f10x_hd.o(.text)
    RCC_IRQHandler                           0x08000297   Thumb Code     0  startup_stm32f10x_hd.o(.text)
    RTCAlarm_IRQHandler                      0x08000297   Thumb Code     0  startup_stm32f10x_hd.o(.text)
    RTC_IRQHandler                           0x08000297   Thumb Code     0  startup_stm32f10x_hd.o(.text)
    SPI1_IRQHandler                          0x08000297   Thumb Code     0  startup_stm32f10x_hd.o(.text)
    SPI2_IRQHandler                          0x08000297   Thumb Code     0  startup_stm32f10x_hd.o(.text)
    SPI3_IRQHandler                          0x08000297   Thumb Code     0  startup_stm32f10x_hd.o(.text)
    TAMPER_IRQHandler                        0x08000297   Thumb Code     0  startup_stm32f10x_hd.o(.text)
    TIM1_BRK_IRQHandler                      0x08000297   Thumb Code     0  startup_stm32f10x_hd.o(.text)
    TIM1_CC_IRQHandler                       0x08000297   Thumb Code     0  startup_stm32f10x_hd.o(.text)
    TIM1_TRG_COM_IRQHandler                  0x08000297   Thumb Code     0  startup_stm32f10x_hd.o(.text)
    TIM1_UP_IRQHandler                       0x08000297   Thumb Code     0  startup_stm32f10x_hd.o(.text)
    TIM2_IRQHandler                          0x08000297   Thumb Code     0  startup_stm32f10x_hd.o(.text)
    TIM4_IRQHandler                          0x08000297   Thumb Code     0  startup_stm32f10x_hd.o(.text)
    TIM8_BRK_IRQHandler                      0x08000297   Thumb Code     0  startup_stm32f10x_hd.o(.text)
    TIM8_CC_IRQHandler                       0x08000297   Thumb Code     0  startup_stm32f10x_hd.o(.text)
    TIM8_TRG_COM_IRQHandler                  0x08000297   Thumb Code     0  startup_stm32f10x_hd.o(.text)
    TIM8_UP_IRQHandler                       0x08000297   Thumb Code     0  startup_stm32f10x_hd.o(.text)
    UART4_IRQHandler                         0x08000297   Thumb Code     0  startup_stm32f10x_hd.o(.text)
    UART5_IRQHandler                         0x08000297   Thumb Code     0  startup_stm32f10x_hd.o(.text)
    USART2_IRQHandler                        0x08000297   Thumb Code     0  startup_stm32f10x_hd.o(.text)
    USBWakeUp_IRQHandler                     0x08000297   Thumb Code     0  startup_stm32f10x_hd.o(.text)
    USB_HP_CAN1_TX_IRQHandler                0x08000297   Thumb Code     0  startup_stm32f10x_hd.o(.text)
    USB_LP_CAN1_RX0_IRQHandler               0x08000297   Thumb Code     0  startup_stm32f10x_hd.o(.text)
    WWDG_IRQHandler                          0x08000297   Thumb Code     0  startup_stm32f10x_hd.o(.text)
    __user_initial_stackheap                 0x08000299   Thumb Code     0  startup_stm32f10x_hd.o(.text)
    __use_no_semihosting                     0x080002bd   Thumb Code     2  use_no_semi_2.o(.text)
    __aeabi_ldivmod                          0x080002bf   Thumb Code     0  llsdiv.o(.text)
    _ll_sdiv                                 0x080002bf   Thumb Code    72  llsdiv.o(.text)
    vsprintf                                 0x08000309   Thumb Code    32  vsprintf.o(.text)
    __2printf                                0x0800032d   Thumb Code    20  __2printf.o(.text)
    __2sprintf                               0x08000345   Thumb Code    38  __2sprintf.o(.text)
    _printf_str                              0x08000371   Thumb Code    82  _printf_str.o(.text)
    _printf_int_dec                          0x080003c5   Thumb Code   104  _printf_dec.o(.text)
    _printf_longlong_hex                     0x0800043d   Thumb Code    86  _printf_hex_int_ll_ptr.o(.text)
    _printf_int_hex                          0x08000493   Thumb Code    28  _printf_hex_int_ll_ptr.o(.text)
    _printf_ll_hex                           0x080004af   Thumb Code    12  _printf_hex_int_ll_ptr.o(.text)
    _printf_hex_ptr                          0x080004bb   Thumb Code    18  _printf_hex_int_ll_ptr.o(.text)
    __printf                                 0x080004d1   Thumb Code   388  __printf_flags_ss_wp.o(.text)
    strstr                                   0x08000659   Thumb Code    36  strstr.o(.text)
    strlen                                   0x0800067d   Thumb Code    62  strlen.o(.text)
    __aeabi_memcpy                           0x080006bb   Thumb Code     0  rt_memcpy_v6.o(.text)
    __rt_memcpy                              0x080006bb   Thumb Code   138  rt_memcpy_v6.o(.text)
    _memcpy_lastbytes                        0x08000721   Thumb Code     0  rt_memcpy_v6.o(.text)
    strcmp                                   0x08000745   Thumb Code   128  strcmpv7m.o(.text)
    __use_two_region_memory                  0x080007c5   Thumb Code     2  heapauxi.o(.text)
    __rt_heap_escrow$2region                 0x080007c7   Thumb Code     2  heapauxi.o(.text)
    __rt_heap_expand$2region                 0x080007c9   Thumb Code     2  heapauxi.o(.text)
    __I$use$semihosting                      0x080007cb   Thumb Code     0  use_no_semi.o(.text)
    __use_no_semihosting_swi                 0x080007cb   Thumb Code     2  use_no_semi.o(.text)
    __aeabi_uldivmod                         0x080007cd   Thumb Code     0  lludivv7m.o(.text)
    _ll_udiv                                 0x080007cd   Thumb Code   238  lludivv7m.o(.text)
    _printf_pre_padding                      0x080008bb   Thumb Code    44  _printf_pad.o(.text)
    _printf_post_padding                     0x080008e7   Thumb Code    34  _printf_pad.o(.text)
    _printf_truncate_signed                  0x08000909   Thumb Code    18  _printf_truncate.o(.text)
    _printf_truncate_unsigned                0x0800091b   Thumb Code    18  _printf_truncate.o(.text)
    _printf_int_common                       0x0800092d   Thumb Code   178  _printf_intcommon.o(.text)
    _printf_charcount                        0x080009df   Thumb Code    40  _printf_charcount.o(.text)
    _printf_char_common                      0x08000a13   Thumb Code    32  _printf_char_common.o(.text)
    _sputc                                   0x08000a39   Thumb Code    10  _sputc.o(.text)
    _printf_cs_common                        0x08000a43   Thumb Code    20  _printf_char.o(.text)
    _printf_char                             0x08000a57   Thumb Code    16  _printf_char.o(.text)
    _printf_string                           0x08000a67   Thumb Code     8  _printf_char.o(.text)
    _printf_char_file                        0x08000a71   Thumb Code    32  _printf_char_file.o(.text)
    _printf_wctomb                           0x08000a95   Thumb Code   182  _printf_wctomb.o(.text)
    _printf_longlong_dec                     0x08000b51   Thumb Code   108  _printf_longlong_dec.o(.text)
    _printf_longlong_oct                     0x08000bcd   Thumb Code    66  _printf_oct_int_ll.o(.text)
    _printf_int_oct                          0x08000c0f   Thumb Code    24  _printf_oct_int_ll.o(.text)
    _printf_ll_oct                           0x08000c27   Thumb Code    12  _printf_oct_int_ll.o(.text)
    __aeabi_memcpy4                          0x08000c3d   Thumb Code     0  rt_memcpy_w.o(.text)
    __aeabi_memcpy8                          0x08000c3d   Thumb Code     0  rt_memcpy_w.o(.text)
    __rt_memcpy_w                            0x08000c3d   Thumb Code   100  rt_memcpy_w.o(.text)
    _memcpy_lastbytes_aligned                0x08000c85   Thumb Code     0  rt_memcpy_w.o(.text)
    _ll_udiv10                               0x08000ca1   Thumb Code   138  lludiv10.o(.text)
    __lib_sel_fp_printf                      0x08000d2b   Thumb Code     2  _printf_fp_dec.o(.text)
    _printf_fp_dec_real                      0x08000edd   Thumb Code   620  _printf_fp_dec.o(.text)
    _printf_fp_hex_real                      0x08001149   Thumb Code   756  _printf_fp_hex.o(.text)
    _printf_lcs_common                       0x08001445   Thumb Code    20  _printf_wchar.o(.text)
    _printf_wchar                            0x08001459   Thumb Code    16  _printf_wchar.o(.text)
    _printf_wstring                          0x08001469   Thumb Code     8  _printf_wchar.o(.text)
    ferror                                   0x08001471   Thumb Code     8  ferror.o(.text)
    _wcrtomb                                 0x08001479   Thumb Code    64  _wcrtomb.o(.text)
    __user_setup_stackheap                   0x080014b9   Thumb Code    74  sys_stackheap_outer.o(.text)
    __rt_ctype_table                         0x08001505   Thumb Code    16  rt_ctype_table.o(.text)
    __rt_locale                              0x08001515   Thumb Code     8  rt_locale_intlibspace.o(.text)
    _printf_fp_infnan                        0x0800151d   Thumb Code   112  _printf_fp_infnan.o(.text)
    _btod_etento                             0x0800159d   Thumb Code   224  bigflt0.o(.text)
    exit                                     0x08001681   Thumb Code    18  exit.o(.text)
    __user_libspace                          0x08001695   Thumb Code     8  libspace.o(.text)
    __user_perproc_libspace                  0x08001695   Thumb Code     0  libspace.o(.text)
    __user_perthread_libspace                0x08001695   Thumb Code     0  libspace.o(.text)
    _btod_d2e                                0x0800169d   Thumb Code    62  btod.o(CL$$btod_d2e)
    _d2e_denorm_low                          0x080016db   Thumb Code    70  btod.o(CL$$btod_d2e_denorm_low)
    _d2e_norm_op1                            0x08001721   Thumb Code    96  btod.o(CL$$btod_d2e_norm_op1)
    __btod_div_common                        0x08001781   Thumb Code   696  btod.o(CL$$btod_div_common)
    _e2e                                     0x08001ab9   Thumb Code   220  btod.o(CL$$btod_e2e)
    _btod_ediv                               0x08001b95   Thumb Code    42  btod.o(CL$$btod_ediv)
    _btod_emul                               0x08001bbf   Thumb Code    42  btod.o(CL$$btod_emul)
    __btod_mult_common                       0x08001be9   Thumb Code   580  btod.o(CL$$btod_mult_common)
    BusFault_Handler                         0x08001e37   Thumb Code     4  stm32f10x_it.o(i.BusFault_Handler)
    CmdError                                 0x08001e3b   Thumb Code    48  sdio_sdcard.o(i.CmdError)
    CmdResp1Error                            0x08001e6d   Thumb Code    90  sdio_sdcard.o(i.CmdResp1Error)
    CmdResp2Error                            0x08001ecd   Thumb Code    80  sdio_sdcard.o(i.CmdResp2Error)
    CmdResp3Error                            0x08001f21   Thumb Code    50  sdio_sdcard.o(i.CmdResp3Error)
    CmdResp6Error                            0x08001f59   Thumb Code   140  sdio_sdcard.o(i.CmdResp6Error)
    CmdResp7Error                            0x08001fe9   Thumb Code    70  sdio_sdcard.o(i.CmdResp7Error)
    DHT11_Check                              0x08002035   Thumb Code    92  dht11.o(i.DHT11_Check)
    DHT11_Init                               0x08002099   Thumb Code    58  dht11.o(i.DHT11_Init)
    DHT11_Read_Bit                           0x080020d9   Thumb Code    70  dht11.o(i.DHT11_Read_Bit)
    DHT11_Read_Byte                          0x08002125   Thumb Code    30  dht11.o(i.DHT11_Read_Byte)
    DHT11_Read_Data                          0x08002143   Thumb Code   104  dht11.o(i.DHT11_Read_Data)
    DHT11_Rst                                0x080021ad   Thumb Code    52  dht11.o(i.DHT11_Rst)
    DMA_Cmd                                  0x080021ed   Thumb Code    24  stm32f10x_dma.o(i.DMA_Cmd)
    DMA_DeInit                               0x08002205   Thumb Code   324  stm32f10x_dma.o(i.DMA_DeInit)
    DMA_Init                                 0x08002351   Thumb Code    60  stm32f10x_dma.o(i.DMA_Init)
    DebugMon_Handler                         0x0800238d   Thumb Code     2  stm32f10x_it.o(i.DebugMon_Handler)
    EXTI0_IRQHandler                         0x08002391   Thumb Code    44  exti.o(i.EXTI0_IRQHandler)
    EXTI3_IRQHandler                         0x080023c5   Thumb Code    42  exti.o(i.EXTI3_IRQHandler)
    EXTI4_IRQHandler                         0x080023f9   Thumb Code    42  exti.o(i.EXTI4_IRQHandler)
    EXTI8_Init                               0x0800242d   Thumb Code    70  exti.o(i.EXTI8_Init)
    EXTI9_5_IRQHandler                       0x08002475   Thumb Code    86  exti.o(i.EXTI9_5_IRQHandler)
    EXTI_ClearITPendingBit                   0x080024e1   Thumb Code     6  stm32f10x_exti.o(i.EXTI_ClearITPendingBit)
    EXTI_GetITStatus                         0x080024ed   Thumb Code    34  stm32f10x_exti.o(i.EXTI_GetITStatus)
    EXTI_Init                                0x08002515   Thumb Code   142  stm32f10x_exti.o(i.EXTI_Init)
    FindSCR                                  0x080025a9   Thumb Code   386  sdio_sdcard.o(i.FindSCR)
    GPIO_EXTILineConfig                      0x0800273d   Thumb Code    60  stm32f10x_gpio.o(i.GPIO_EXTILineConfig)
    GPIO_Init                                0x0800277d   Thumb Code   278  stm32f10x_gpio.o(i.GPIO_Init)
    GPIO_PinRemapConfig                      0x08002895   Thumb Code   138  stm32f10x_gpio.o(i.GPIO_PinRemapConfig)
    GPIO_ReadInputDataBit                    0x08002925   Thumb Code    18  stm32f10x_gpio.o(i.GPIO_ReadInputDataBit)
    GPIO_SetBits                             0x08002937   Thumb Code     4  stm32f10x_gpio.o(i.GPIO_SetBits)
    HardFault_Handler                        0x0800293b   Thumb Code     4  stm32f10x_it.o(i.HardFault_Handler)
    INTX_DISABLE                             0x0800293f   Thumb Code     4  sys.o(i.INTX_DISABLE)
    INTX_ENABLE                              0x08002943   Thumb Code     4  sys.o(i.INTX_ENABLE)
    IsCardProgramming                        0x08002949   Thumb Code   142  sdio_sdcard.o(i.IsCardProgramming)
    LED_Init                                 0x080029e5   Thumb Code    68  led.o(i.LED_Init)
    MemManage_Handler                        0x08002a31   Thumb Code     4  stm32f10x_it.o(i.MemManage_Handler)
    NMI_Handler                              0x08002a35   Thumb Code     2  stm32f10x_it.o(i.NMI_Handler)
    NVIC_Init                                0x08002a39   Thumb Code   100  misc.o(i.NVIC_Init)
    NVIC_PriorityGroupConfig                 0x08002aa9   Thumb Code    10  misc.o(i.NVIC_PriorityGroupConfig)
    OV7725_Init                              0x08002abd   Thumb Code   316  ov7725.o(i.OV7725_Init)
    OV7725_Window_Set                        0x08002c2d   Thumb Code   362  ov7725.o(i.OV7725_Window_Set)
    PendSV_Handler                           0x08002d97   Thumb Code     2  stm32f10x_it.o(i.PendSV_Handler)
    RCC_AHBPeriphClockCmd                    0x08002d99   Thumb Code    26  stm32f10x_rcc.o(i.RCC_AHBPeriphClockCmd)
    RCC_APB1PeriphClockCmd                   0x08002db9   Thumb Code    26  stm32f10x_rcc.o(i.RCC_APB1PeriphClockCmd)
    RCC_APB1PeriphResetCmd                   0x08002dd9   Thumb Code    26  stm32f10x_rcc.o(i.RCC_APB1PeriphResetCmd)
    RCC_APB2PeriphClockCmd                   0x08002df9   Thumb Code    26  stm32f10x_rcc.o(i.RCC_APB2PeriphClockCmd)
    RCC_APB2PeriphResetCmd                   0x08002e19   Thumb Code    26  stm32f10x_rcc.o(i.RCC_APB2PeriphResetCmd)
    RCC_GetClocksFreq                        0x08002e39   Thumb Code   192  stm32f10x_rcc.o(i.RCC_GetClocksFreq)
    SCCB_Init                                0x08002f0d   Thumb Code   102  sccb.o(i.SCCB_Init)
    SCCB_No_Ack                              0x08002f7d   Thumb Code    54  sccb.o(i.SCCB_No_Ack)
    SCCB_RD_Byte                             0x08002fc5   Thumb Code   104  sccb.o(i.SCCB_RD_Byte)
    SCCB_RD_Reg                              0x08003039   Thumb Code    78  sccb.o(i.SCCB_RD_Reg)
    SCCB_Start                               0x08003089   Thumb Code    42  sccb.o(i.SCCB_Start)
    SCCB_Stop                                0x080030bd   Thumb Code    42  sccb.o(i.SCCB_Stop)
    SCCB_WR_Byte                             0x080030f1   Thumb Code   152  sccb.o(i.SCCB_WR_Byte)
    SCCB_WR_Reg                              0x0800319d   Thumb Code    62  sccb.o(i.SCCB_WR_Reg)
    SDEnWideBus                              0x080031dd   Thumb Code   158  sdio_sdcard.o(i.SDEnWideBus)
    SDIO_ClearFlag                           0x08003289   Thumb Code     6  stm32f10x_sdio.o(i.SDIO_ClearFlag)
    SDIO_ClockCmd                            0x08003295   Thumb Code     6  stm32f10x_sdio.o(i.SDIO_ClockCmd)
    SDIO_Clock_Set                           0x080032a1   Thumb Code    16  sdio_sdcard.o(i.SDIO_Clock_Set)
    SDIO_DMACmd                              0x080032b5   Thumb Code     6  stm32f10x_sdio.o(i.SDIO_DMACmd)
    SDIO_DataConfig                          0x080032c1   Thumb Code    42  stm32f10x_sdio.o(i.SDIO_DataConfig)
    SDIO_DeInit                              0x080032f1   Thumb Code    28  stm32f10x_sdio.o(i.SDIO_DeInit)
    SDIO_GetFlagStatus                       0x08003315   Thumb Code    20  stm32f10x_sdio.o(i.SDIO_GetFlagStatus)
    SDIO_GetPowerState                       0x0800332d   Thumb Code    10  stm32f10x_sdio.o(i.SDIO_GetPowerState)
    SDIO_IRQHandler                          0x0800333d   Thumb Code     8  sdio_sdcard.o(i.SDIO_IRQHandler)
    SDIO_Init                                0x08003345   Thumb Code    42  stm32f10x_sdio.o(i.SDIO_Init)
    SDIO_ReadData                            0x08003375   Thumb Code     6  stm32f10x_sdio.o(i.SDIO_ReadData)
    SDIO_SendCommand                         0x08003381   Thumb Code    38  stm32f10x_sdio.o(i.SDIO_SendCommand)
    SDIO_SetPowerState                       0x080033ad   Thumb Code    22  stm32f10x_sdio.o(i.SDIO_SetPowerState)
    SDIO_WriteData                           0x080033c9   Thumb Code     6  stm32f10x_sdio.o(i.SDIO_WriteData)
    SD_DMA_Config                            0x080033d5   Thumb Code    94  sdio_sdcard.o(i.SD_DMA_Config)
    SD_EnableWideBusOperation                0x0800343d   Thumb Code    94  sdio_sdcard.o(i.SD_EnableWideBusOperation)
    SD_GetCardInfo                           0x080034a5   Thumb Code   772  sdio_sdcard.o(i.SD_GetCardInfo)
    SD_Init                                  0x080037b9   Thumb Code   238  sdio_sdcard.o(i.SD_Init)
    SD_InitializeCards                       0x080038b9   Thumb Code   316  sdio_sdcard.o(i.SD_InitializeCards)
    SD_PowerON                               0x08003a0d   Thumb Code   450  sdio_sdcard.o(i.SD_PowerON)
    SD_ProcessIRQSrc                         0x08003be9   Thumb Code   296  sdio_sdcard.o(i.SD_ProcessIRQSrc)
    SD_ReadBlock                             0x08003d25   Thumb Code   558  sdio_sdcard.o(i.SD_ReadBlock)
    SD_ReadDisk                              0x08003f7d   Thumb Code   152  sdio_sdcard.o(i.SD_ReadDisk)
    SD_ReadMultiBlocks                       0x0800401d   Thumb Code   698  sdio_sdcard.o(i.SD_ReadMultiBlocks)
    SD_SelectDeselect                        0x08004305   Thumb Code    42  sdio_sdcard.o(i.SD_SelectDeselect)
    SD_SetDeviceMode                         0x08004335   Thumb Code    20  sdio_sdcard.o(i.SD_SetDeviceMode)
    SD_WriteBlock                            0x0800434d   Thumb Code   844  sdio_sdcard.o(i.SD_WriteBlock)
    SD_WriteDisk                             0x080046c1   Thumb Code   152  sdio_sdcard.o(i.SD_WriteDisk)
    SD_WriteMultiBlocks                      0x08004761   Thumb Code   920  sdio_sdcard.o(i.SD_WriteMultiBlocks)
    SVC_Handler                              0x08004b21   Thumb Code     2  stm32f10x_it.o(i.SVC_Handler)
    SysTick_CLKSourceConfig                  0x08004c0d   Thumb Code    40  misc.o(i.SysTick_CLKSourceConfig)
    SysTick_Handler                          0x08004c35   Thumb Code     2  stm32f10x_it.o(i.SysTick_Handler)
    SystemInit                               0x08004c39   Thumb Code    78  system_stm32f10x.o(i.SystemInit)
    TIM3_IRQHandler                          0x08004c99   Thumb Code    38  timer.o(i.TIM3_IRQHandler)
    TIM5_IRQHandler                          0x08004cc9   Thumb Code   178  timer.o(i.TIM5_IRQHandler)
    TIM6_IRQHandler                          0x08004d89   Thumb Code    32  timer.o(i.TIM6_IRQHandler)
    TIM6_Int_Init                            0x08004dc1   Thumb Code    90  timer.o(i.TIM6_Int_Init)
    TIM7_IRQHandler                          0x08004e21   Thumb Code    42  timer.o(i.TIM7_IRQHandler)
    TIM7_Int_Init                            0x08004e55   Thumb Code    90  timer.o(i.TIM7_Int_Init)
    TIM_ClearITPendingBit                    0x08004eb5   Thumb Code     6  stm32f10x_tim.o(i.TIM_ClearITPendingBit)
    TIM_Cmd                                  0x08004ebb   Thumb Code    24  stm32f10x_tim.o(i.TIM_Cmd)
    TIM_GetCapture1                          0x08004ed3   Thumb Code     6  stm32f10x_tim.o(i.TIM_GetCapture1)
    TIM_GetITStatus                          0x08004ed9   Thumb Code    34  stm32f10x_tim.o(i.TIM_GetITStatus)
    TIM_ITConfig                             0x08004efb   Thumb Code    18  stm32f10x_tim.o(i.TIM_ITConfig)
    TIM_OC1PolarityConfig                    0x08004f0d   Thumb Code    18  stm32f10x_tim.o(i.TIM_OC1PolarityConfig)
    TIM_SetCounter                           0x08004f1f   Thumb Code     4  stm32f10x_tim.o(i.TIM_SetCounter)
    TIM_TimeBaseInit                         0x08004f25   Thumb Code   122  stm32f10x_tim.o(i.TIM_TimeBaseInit)
    USART1_IRQHandler                        0x08004fc9   Thumb Code   122  usart.o(i.USART1_IRQHandler)
    USART3_IRQHandler                        0x08005051   Thumb Code   112  usart3.o(i.USART3_IRQHandler)
    USART_Cmd                                0x080050f1   Thumb Code    24  stm32f10x_usart.o(i.USART_Cmd)
    USART_DeInit                             0x08005109   Thumb Code   134  stm32f10x_usart.o(i.USART_DeInit)
    USART_GetFlagStatus                      0x080051a5   Thumb Code    26  stm32f10x_usart.o(i.USART_GetFlagStatus)
    USART_GetITStatus                        0x080051bf   Thumb Code    84  stm32f10x_usart.o(i.USART_GetITStatus)
    USART_ITConfig                           0x08005213   Thumb Code    74  stm32f10x_usart.o(i.USART_ITConfig)
    USART_Init                               0x0800525d   Thumb Code   210  stm32f10x_usart.o(i.USART_Init)
    USART_ReceiveData                        0x08005335   Thumb Code    10  stm32f10x_usart.o(i.USART_ReceiveData)
    USART_SendData                           0x0800533f   Thumb Code     8  stm32f10x_usart.o(i.USART_SendData)
    UsageFault_Handler                       0x08005347   Thumb Code     4  stm32f10x_it.o(i.UsageFault_Handler)
    __ARM_fpclassify                         0x0800534b   Thumb Code    40  fpclassify.o(i.__ARM_fpclassify)
    _is_digit                                0x08005373   Thumb Code    14  __printf_wp.o(i._is_digit)
    _sys_exit                                0x08005381   Thumb Code     4  usart.o(i._sys_exit)
    atk_8266_check_cmd                       0x08005385   Thumb Code    54  common.o(i.atk_8266_check_cmd)
    atk_8266_send_cmd                        0x080053e1   Thumb Code   418  common.o(i.atk_8266_send_cmd)
    atk_8266_send_data_neat                  0x080055b1   Thumb Code   432  common.o(i.atk_8266_send_data_neat)
    atk_8266_send_data_neat_large            0x080057a1   Thumb Code   134  common.o(i.atk_8266_send_data_neat_large)
    bmp_encode_in                            0x08005841   Thumb Code   220  bmp.o(i.bmp_encode_in)
    clust2sect                               0x080059fb   Thumb Code    26  ff.o(i.clust2sect)
    convert_from_bytes_to_power_of_two       0x08005a99   Thumb Code    18  sdio_sdcard.o(i.convert_from_bytes_to_power_of_two)
    delay                                    0x08005df1   Thumb Code    24  delay.o(i.delay)
    delay_init                               0x08005e09   Thumb Code    50  delay.o(i.delay_init)
    delay_ms                                 0x08005e4d   Thumb Code    72  delay.o(i.delay_ms)
    delay_us                                 0x08005e99   Thumb Code    72  delay.o(i.delay_us)
    dir_sdi                                  0x08006263   Thumb Code   158  ff.o(i.dir_sdi)
    disk_initialize                          0x08006301   Thumb Code    32  diskio.o(i.disk_initialize)
    disk_ioctl                               0x08006321   Thumb Code   170  diskio.o(i.disk_ioctl)
    disk_read                                0x080063d5   Thumb Code    86  diskio.o(i.disk_read)
    disk_status                              0x0800642b   Thumb Code     6  diskio.o(i.disk_status)
    disk_write                               0x08006431   Thumb Code    86  diskio.o(i.disk_write)
    exfuns_init                              0x08006489   Thumb Code   114  exfuns.o(i.exfuns_init)
    f_close                                  0x0800650d   Thumb Code    32  ff.o(i.f_close)
    f_mkdir                                  0x0800652d   Thumb Code   380  ff.o(i.f_mkdir)
    f_mount                                  0x080066a9   Thumb Code    86  ff.o(i.f_mount)
    f_open                                   0x08006705   Thumb Code   384  ff.o(i.f_open)
    f_sync                                   0x08006885   Thumb Code   176  ff.o(i.f_sync)
    f_write                                  0x08006935   Thumb Code   490  ff.o(i.f_write)
    ff_convert                               0x08006b1f   Thumb Code     2  ff.o(i.ff_convert)
    ff_memalloc                              0x08006b21   Thumb Code    14  diskio.o(i.ff_memalloc)
    ff_memfree                               0x08006b2f   Thumb Code    14  diskio.o(i.ff_memfree)
    ff_wtoupper                              0x08006b3d   Thumb Code    46  ff.o(i.ff_wtoupper)
    fputc                                    0x08007019   Thumb Code    24  usart.o(i.fputc)
    get_fat                                  0x08007101   Thumb Code   242  ff.o(i.get_fat)
    get_fattime                              0x080071f3   Thumb Code     4  diskio.o(i.get_fattime)
    get_light                                0x08007241   Thumb Code    14  wire.o(i.get_light)
    get_smoke                                0x08007255   Thumb Code    14  wire.o(i.get_smoke)
    htonl                                    0x08007269   Thumb Code    26  main.o(i.htonl)
    light_sensor_init                        0x080072a5   Thumb Code    40  wire.o(i.light_sensor_init)
    main                                     0x080072d1   Thumb Code  1512  main.o(i.main)
    my_mem_free                              0x08007941   Thumb Code    96  malloc.o(i.my_mem_free)
    my_mem_init                              0x080079ad   Thumb Code    54  malloc.o(i.my_mem_init)
    my_mem_malloc                            0x080079f1   Thumb Code   156  malloc.o(i.my_mem_malloc)
    my_mem_perused                           0x08007a99   Thumb Code    54  malloc.o(i.my_mem_perused)
    myfree                                   0x08007ad9   Thumb Code    30  malloc.o(i.myfree)
    mymalloc                                 0x08007afd   Thumb Code    34  malloc.o(i.mymalloc)
    mymemset                                 0x08007b25   Thumb Code    20  malloc.o(i.mymemset)
    photo_generate                           0x08007b39   Thumb Code   278  main.o(i.photo_generate)
    pic_memalloc                             0x08007cb9   Thumb Code    14  piclib.o(i.pic_memalloc)
    pic_memfree                              0x08007cc7   Thumb Code    14  piclib.o(i.pic_memfree)
    put_fat                                  0x08007cd5   Thumb Code   322  ff.o(i.put_fat)
    smoke_sensor_init                        0x08007e85   Thumb Code    40  wire.o(i.smoke_sensor_init)
    u3_printf                                0x08007ffd   Thumb Code    72  usart3.o(i.u3_printf)
    u3_printf_neat                           0x0800804d   Thumb Code    64  usart3.o(i.u3_printf_neat)
    uart_init                                0x08008095   Thumb Code   152  usart.o(i.uart_init)
    usart3_init                              0x08008135   Thumb Code   190  usart3.o(i.usart3_init)
    _get_lc_numeric                          0x0800823d   Thumb Code    44  lc_numeric_c.o(locale$$code)
    _get_lc_ctype                            0x08008269   Thumb Code    44  lc_ctype_c.o(locale$$code)
    _printf_fp_dec                           0x08008295   Thumb Code     4  printf1.o(x$fpl$printf1)
    _printf_fp_hex                           0x08008299   Thumb Code     4  printf2.o(x$fpl$printf2)
    __I$use$fp                               0x0800829c   Number         0  usenofp.o(x$fpl$usenofp)
    ov7725_init_reg_tb1                      0x0800829c   Data         130  ov7725.o(.constdata)
    memtblsize                               0x08008320   Data           8  malloc.o(.constdata)
    memblksize                               0x08008328   Data           8  malloc.o(.constdata)
    memsize                                  0x08008330   Data           8  malloc.o(.constdata)
    Region$$Table$$Base                      0x080088e8   Number         0  anon$$obj.o(Region$$Table)
    Region$$Table$$Limit                     0x08008908   Number         0  anon$$obj.o(Region$$Table)
    __ctype                                  0x08008931   Data           0  lc_ctype_c.o(locale$$data)
    SIZE                                     0x20000000   Data           4  main.o(.data)
    has_connect                              0x20000004   Data           4  main.o(.data)
    SystemCoreClock                          0x20000008   Data           4  system_stm32f10x.o(.data)
    AHBPrescTable                            0x2000000c   Data          16  system_stm32f10x.o(.data)
    __stdout                                 0x20000020   Data           4  usart.o(.data)
    USART_RX_STA                             0x20000024   Data           2  usart.o(.data)
    TransferError                            0x20000032   Data           1  sdio_sdcard.o(.data)
    TransferEnd                              0x20000033   Data           1  sdio_sdcard.o(.data)
    tempbuff                                 0x20000034   Data           4  sdio_sdcard.o(.data)
    TIM5CH1_CAPTURE_STA                      0x20000038   Data           1  timer.o(.data)
    TIM5CH1_CAPTURE_VAL                      0x2000003a   Data           2  timer.o(.data)
    USART3_RX_STA                            0x2000003c   Data           2  usart3.o(.data)
    ov_sta                                   0x2000003e   Data           1  exti.o(.data)
    mallco_dev                               0x20000054   Data          28  malloc.o(.data)
    FLASH_SECTOR_COUNT                       0x20000070   Data           2  diskio.o(.data)
    fs                                       0x20000080   Data           8  exfuns.o(.data)
    file                                     0x20000088   Data           4  exfuns.o(.data)
    ftemp                                    0x2000008c   Data           4  exfuns.o(.data)
    br                                       0x20000090   Data           4  exfuns.o(.data)
    bw                                       0x20000094   Data           4  exfuns.o(.data)
    fatbuf                                   0x20000098   Data           4  exfuns.o(.data)
    portnum                                  0x2000009c   Data           4  common.o(.data)
    wifista_ssid                             0x200000a0   Data           4  common.o(.data)
    wifista_encryption                       0x200000a4   Data           4  common.o(.data)
    wifista_password                         0x200000a8   Data           4  common.o(.data)
    wifiap_ssid                              0x200000ac   Data           4  common.o(.data)
    wifiap_encryption                        0x200000b0   Data           4  common.o(.data)
    wifiap_password                          0x200000b4   Data           4  common.o(.data)
    ATK_ESP8266_CWMODE_TBL                   0x200000b8   Data          12  common.o(.data)
    ATK_ESP8266_WORKMODE_TBL                 0x200000c4   Data          12  common.o(.data)
    ATK_ESP8266_ECN_TBL                      0x200000d0   Data          20  common.o(.data)
    USART_RX_BUF                             0x200000e8   Data         200  usart.o(.bss)
    SDIO_InitStructure                       0x200001b0   Data          24  sdio_sdcard.o(.bss)
    SDIO_CmdInitStructure                    0x200001c8   Data          20  sdio_sdcard.o(.bss)
    SDIO_DataInitStructure                   0x200001dc   Data          24  sdio_sdcard.o(.bss)
    SDCardInfo                               0x20000218   Data          88  sdio_sdcard.o(.bss)
    SDIO_DATA_BUFFER                         0x20000270   Data         512  sdio_sdcard.o(.bss)
    USART3_RX_BUF                            0x20000470   Data        6001  usart3.o(.bss)
    USART3_TX_BUF                            0x20001be1   Data        6001  usart3.o(.bss)
    mem1base                                 0x20003360   Data       40960  malloc.o(.bss)
    mem1mapbase                              0x2000d360   Data        2560  malloc.o(.bss)
    __libspace_start                         0x2000dd60   Data          96  libspace.o(.bss)
    __temporary_stack_top$libspace           0x2000ddc0   Data           0  libspace.o(.bss)
    mem2base                                 0x68000000   Data       983040  malloc.o(.ARM.__AT_0x68000000)
    mem2mapbase                              0x680f0000   Data       61440  malloc.o(.ARM.__AT_0x680F0000)



==============================================================================

Memory Map of the image

  Image Entry point : 0x08000131

  Load Region LR_IROM1 (Base: 0x08000000, Size: 0x00008b1c, Max: 0x00080000, ABSOLUTE)

    Execution Region ER_IROM1 (Exec base: 0x08000000, Load base: 0x08000000, Size: 0x00008a34, Max: 0x00080000, ABSOLUTE)

    Exec Addr    Load Addr    Size         Type   Attr      Idx    E Section Name        Object

    0x08000000   0x08000000   0x00000130   Data   RO          387    RESET               startup_stm32f10x_hd.o
    0x08000130   0x08000130   0x00000008   Code   RO         3888  * !!!main             c_w.l(__main.o)
    0x08000138   0x08000138   0x00000034   Code   RO         4221    !!!scatter          c_w.l(__scatter.o)
    0x0800016c   0x0800016c   0x0000001a   Code   RO         4223    !!handler_copy      c_w.l(__scatter_copy.o)
    0x08000186   0x08000186   0x00000002   PAD
    0x08000188   0x08000188   0x0000001c   Code   RO         4225    !!handler_zi        c_w.l(__scatter_zi.o)
    0x080001a4   0x080001a4   0x00000000   Code   RO         3875    .ARM.Collect$$_printf_percent$$00000000  c_w.l(_printf_percent.o)
    0x080001a4   0x080001a4   0x00000006   Code   RO         3960    .ARM.Collect$$_printf_percent$$00000001  c_w.l(_printf_n.o)
    0x080001aa   0x080001aa   0x00000006   Code   RO         3961    .ARM.Collect$$_printf_percent$$00000002  c_w.l(_printf_p.o)
    0x080001b0   0x080001b0   0x00000006   Code   RO         3965    .ARM.Collect$$_printf_percent$$00000003  c_w.l(_printf_f.o)
    0x080001b6   0x080001b6   0x00000006   Code   RO         3966    .ARM.Collect$$_printf_percent$$00000004  c_w.l(_printf_e.o)
    0x080001bc   0x080001bc   0x00000006   Code   RO         3967    .ARM.Collect$$_printf_percent$$00000005  c_w.l(_printf_g.o)
    0x080001c2   0x080001c2   0x00000006   Code   RO         3968    .ARM.Collect$$_printf_percent$$00000006  c_w.l(_printf_a.o)
    0x080001c8   0x080001c8   0x0000000a   Code   RO         3973    .ARM.Collect$$_printf_percent$$00000007  c_w.l(_printf_ll.o)
    0x080001d2   0x080001d2   0x00000006   Code   RO         3963    .ARM.Collect$$_printf_percent$$00000008  c_w.l(_printf_i.o)
    0x080001d8   0x080001d8   0x00000006   Code   RO         3874    .ARM.Collect$$_printf_percent$$00000009  c_w.l(_printf_d.o)
    0x080001de   0x080001de   0x00000006   Code   RO         3964    .ARM.Collect$$_printf_percent$$0000000A  c_w.l(_printf_u.o)
    0x080001e4   0x080001e4   0x00000006   Code   RO         3962    .ARM.Collect$$_printf_percent$$0000000B  c_w.l(_printf_o.o)
    0x080001ea   0x080001ea   0x00000006   Code   RO         3873    .ARM.Collect$$_printf_percent$$0000000C  c_w.l(_printf_x.o)
    0x080001f0   0x080001f0   0x00000006   Code   RO         3970    .ARM.Collect$$_printf_percent$$0000000D  c_w.l(_printf_lli.o)
    0x080001f6   0x080001f6   0x00000006   Code   RO         3971    .ARM.Collect$$_printf_percent$$0000000E  c_w.l(_printf_lld.o)
    0x080001fc   0x080001fc   0x00000006   Code   RO         3972    .ARM.Collect$$_printf_percent$$0000000F  c_w.l(_printf_llu.o)
    0x08000202   0x08000202   0x00000006   Code   RO         3977    .ARM.Collect$$_printf_percent$$00000010  c_w.l(_printf_llo.o)
    0x08000208   0x08000208   0x00000006   Code   RO         3978    .ARM.Collect$$_printf_percent$$00000011  c_w.l(_printf_llx.o)
    0x0800020e   0x0800020e   0x0000000a   Code   RO         3974    .ARM.Collect$$_printf_percent$$00000012  c_w.l(_printf_l.o)
    0x08000218   0x08000218   0x00000006   Code   RO         3871    .ARM.Collect$$_printf_percent$$00000013  c_w.l(_printf_c.o)
    0x0800021e   0x0800021e   0x00000006   Code   RO         3872    .ARM.Collect$$_printf_percent$$00000014  c_w.l(_printf_s.o)
    0x08000224   0x08000224   0x00000006   Code   RO         3975    .ARM.Collect$$_printf_percent$$00000015  c_w.l(_printf_lc.o)
    0x0800022a   0x0800022a   0x00000006   Code   RO         3976    .ARM.Collect$$_printf_percent$$00000016  c_w.l(_printf_ls.o)
    0x08000230   0x08000230   0x00000004   Code   RO         3969    .ARM.Collect$$_printf_percent$$00000017  c_w.l(_printf_percent_end.o)
    0x08000234   0x08000234   0x00000002   Code   RO         4084    .ARM.Collect$$libinit$$00000000  c_w.l(libinit.o)
    0x08000236   0x08000236   0x00000000   Code   RO         4102    .ARM.Collect$$libinit$$00000002  c_w.l(libinit2.o)
    0x08000236   0x08000236   0x00000000   Code   RO         4104    .ARM.Collect$$libinit$$00000004  c_w.l(libinit2.o)
    0x08000236   0x08000236   0x00000000   Code   RO         4107    .ARM.Collect$$libinit$$0000000A  c_w.l(libinit2.o)
    0x08000236   0x08000236   0x00000000   Code   RO         4109    .ARM.Collect$$libinit$$0000000C  c_w.l(libinit2.o)
    0x08000236   0x08000236   0x00000000   Code   RO         4111    .ARM.Collect$$libinit$$0000000E  c_w.l(libinit2.o)
    0x08000236   0x08000236   0x00000006   Code   RO         4112    .ARM.Collect$$libinit$$0000000F  c_w.l(libinit2.o)
    0x0800023c   0x0800023c   0x00000000   Code   RO         4114    .ARM.Collect$$libinit$$00000011  c_w.l(libinit2.o)
    0x0800023c   0x0800023c   0x0000000c   Code   RO         4115    .ARM.Collect$$libinit$$00000012  c_w.l(libinit2.o)
    0x08000248   0x08000248   0x00000000   Code   RO         4116    .ARM.Collect$$libinit$$00000013  c_w.l(libinit2.o)
    0x08000248   0x08000248   0x00000000   Code   RO         4118    .ARM.Collect$$libinit$$00000015  c_w.l(libinit2.o)
    0x08000248   0x08000248   0x0000000a   Code   RO         4119    .ARM.Collect$$libinit$$00000016  c_w.l(libinit2.o)
    0x08000252   0x08000252   0x00000000   Code   RO         4120    .ARM.Collect$$libinit$$00000017  c_w.l(libinit2.o)
    0x08000252   0x08000252   0x00000000   Code   RO         4122    .ARM.Collect$$libinit$$00000019  c_w.l(libinit2.o)
    0x08000252   0x08000252   0x00000000   Code   RO         4124    .ARM.Collect$$libinit$$0000001B  c_w.l(libinit2.o)
    0x08000252   0x08000252   0x00000000   Code   RO         4126    .ARM.Collect$$libinit$$0000001D  c_w.l(libinit2.o)
    0x08000252   0x08000252   0x00000000   Code   RO         4128    .ARM.Collect$$libinit$$0000001F  c_w.l(libinit2.o)
    0x08000252   0x08000252   0x00000000   Code   RO         4130    .ARM.Collect$$libinit$$00000021  c_w.l(libinit2.o)
    0x08000252   0x08000252   0x00000000   Code   RO         4132    .ARM.Collect$$libinit$$00000023  c_w.l(libinit2.o)
    0x08000252   0x08000252   0x00000000   Code   RO         4134    .ARM.Collect$$libinit$$00000025  c_w.l(libinit2.o)
    0x08000252   0x08000252   0x00000000   Code   RO         4138    .ARM.Collect$$libinit$$0000002C  c_w.l(libinit2.o)
    0x08000252   0x08000252   0x00000000   Code   RO         4140    .ARM.Collect$$libinit$$0000002E  c_w.l(libinit2.o)
    0x08000252   0x08000252   0x00000000   Code   RO         4142    .ARM.Collect$$libinit$$00000030  c_w.l(libinit2.o)
    0x08000252   0x08000252   0x00000000   Code   RO         4144    .ARM.Collect$$libinit$$00000032  c_w.l(libinit2.o)
    0x08000252   0x08000252   0x00000002   Code   RO         4145    .ARM.Collect$$libinit$$00000033  c_w.l(libinit2.o)
    0x08000254   0x08000254   0x00000002   Code   RO         4173    .ARM.Collect$$libshutdown$$00000000  c_w.l(libshutdown.o)
    0x08000256   0x08000256   0x00000000   Code   RO         4187    .ARM.Collect$$libshutdown$$00000002  c_w.l(libshutdown2.o)
    0x08000256   0x08000256   0x00000000   Code   RO         4189    .ARM.Collect$$libshutdown$$00000004  c_w.l(libshutdown2.o)
    0x08000256   0x08000256   0x00000000   Code   RO         4192    .ARM.Collect$$libshutdown$$00000007  c_w.l(libshutdown2.o)
    0x08000256   0x08000256   0x00000000   Code   RO         4195    .ARM.Collect$$libshutdown$$0000000A  c_w.l(libshutdown2.o)
    0x08000256   0x08000256   0x00000000   Code   RO         4197    .ARM.Collect$$libshutdown$$0000000C  c_w.l(libshutdown2.o)
    0x08000256   0x08000256   0x00000000   Code   RO         4200    .ARM.Collect$$libshutdown$$0000000F  c_w.l(libshutdown2.o)
    0x08000256   0x08000256   0x00000002   Code   RO         4201    .ARM.Collect$$libshutdown$$00000010  c_w.l(libshutdown2.o)
    0x08000258   0x08000258   0x00000000   Code   RO         3930    .ARM.Collect$$rtentry$$00000000  c_w.l(__rtentry.o)
    0x08000258   0x08000258   0x00000000   Code   RO         4001    .ARM.Collect$$rtentry$$00000002  c_w.l(__rtentry2.o)
    0x08000258   0x08000258   0x00000006   Code   RO         4013    .ARM.Collect$$rtentry$$00000004  c_w.l(__rtentry4.o)
    0x0800025e   0x0800025e   0x00000000   Code   RO         4003    .ARM.Collect$$rtentry$$00000009  c_w.l(__rtentry2.o)
    0x0800025e   0x0800025e   0x00000004   Code   RO         4004    .ARM.Collect$$rtentry$$0000000A  c_w.l(__rtentry2.o)
    0x08000262   0x08000262   0x00000000   Code   RO         4006    .ARM.Collect$$rtentry$$0000000C  c_w.l(__rtentry2.o)
    0x08000262   0x08000262   0x00000008   Code   RO         4007    .ARM.Collect$$rtentry$$0000000D  c_w.l(__rtentry2.o)
    0x0800026a   0x0800026a   0x00000002   Code   RO         4092    .ARM.Collect$$rtexit$$00000000  c_w.l(rtexit.o)
    0x0800026c   0x0800026c   0x00000000   Code   RO         4147    .ARM.Collect$$rtexit$$00000002  c_w.l(rtexit2.o)
    0x0800026c   0x0800026c   0x00000004   Code   RO         4148    .ARM.Collect$$rtexit$$00000003  c_w.l(rtexit2.o)
    0x08000270   0x08000270   0x00000006   Code   RO         4149    .ARM.Collect$$rtexit$$00000004  c_w.l(rtexit2.o)
    0x08000276   0x08000276   0x00000002   PAD
    0x08000278   0x08000278   0x00000044   Code   RO          388    .text               startup_stm32f10x_hd.o
    0x080002bc   0x080002bc   0x00000002   Code   RO         3810    .text               c_w.l(use_no_semi_2.o)
    0x080002be   0x080002be   0x00000048   Code   RO         3812    .text               c_w.l(llsdiv.o)
    0x08000306   0x08000306   0x00000002   PAD
    0x08000308   0x08000308   0x00000024   Code   RO         3814    .text               c_w.l(vsprintf.o)
    0x0800032c   0x0800032c   0x00000018   Code   RO         3816    .text               c_w.l(__2printf.o)
    0x08000344   0x08000344   0x0000002c   Code   RO         3818    .text               c_w.l(__2sprintf.o)
    0x08000370   0x08000370   0x00000052   Code   RO         3826    .text               c_w.l(_printf_str.o)
    0x080003c2   0x080003c2   0x00000002   PAD
    0x080003c4   0x080003c4   0x00000078   Code   RO         3828    .text               c_w.l(_printf_dec.o)
    0x0800043c   0x0800043c   0x00000094   Code   RO         3848    .text               c_w.l(_printf_hex_int_ll_ptr.o)
    0x080004d0   0x080004d0   0x00000188   Code   RO         3868    .text               c_w.l(__printf_flags_ss_wp.o)
    0x08000658   0x08000658   0x00000024   Code   RO         3876    .text               c_w.l(strstr.o)
    0x0800067c   0x0800067c   0x0000003e   Code   RO         3880    .text               c_w.l(strlen.o)
    0x080006ba   0x080006ba   0x0000008a   Code   RO         3882    .text               c_w.l(rt_memcpy_v6.o)
    0x08000744   0x08000744   0x00000080   Code   RO         3884    .text               c_w.l(strcmpv7m.o)
    0x080007c4   0x080007c4   0x00000006   Code   RO         3886    .text               c_w.l(heapauxi.o)
    0x080007ca   0x080007ca   0x00000002   Code   RO         3928    .text               c_w.l(use_no_semi.o)
    0x080007cc   0x080007cc   0x000000ee   Code   RO         3931    .text               c_w.l(lludivv7m.o)
    0x080008ba   0x080008ba   0x0000004e   Code   RO         3933    .text               c_w.l(_printf_pad.o)
    0x08000908   0x08000908   0x00000024   Code   RO         3935    .text               c_w.l(_printf_truncate.o)
    0x0800092c   0x0800092c   0x000000b2   Code   RO         3937    .text               c_w.l(_printf_intcommon.o)
    0x080009de   0x080009de   0x00000028   Code   RO         3939    .text               c_w.l(_printf_charcount.o)
    0x08000a06   0x08000a06   0x00000002   PAD
    0x08000a08   0x08000a08   0x00000030   Code   RO         3941    .text               c_w.l(_printf_char_common.o)
    0x08000a38   0x08000a38   0x0000000a   Code   RO         3943    .text               c_w.l(_sputc.o)
    0x08000a42   0x08000a42   0x0000002c   Code   RO         3945    .text               c_w.l(_printf_char.o)
    0x08000a6e   0x08000a6e   0x00000002   PAD
    0x08000a70   0x08000a70   0x00000024   Code   RO         3947    .text               c_w.l(_printf_char_file.o)
    0x08000a94   0x08000a94   0x000000bc   Code   RO         3949    .text               c_w.l(_printf_wctomb.o)
    0x08000b50   0x08000b50   0x0000007c   Code   RO         3952    .text               c_w.l(_printf_longlong_dec.o)
    0x08000bcc   0x08000bcc   0x00000070   Code   RO         3958    .text               c_w.l(_printf_oct_int_ll.o)
    0x08000c3c   0x08000c3c   0x00000064   Code   RO         3979    .text               c_w.l(rt_memcpy_w.o)
    0x08000ca0   0x08000ca0   0x0000008a   Code   RO         4019    .text               c_w.l(lludiv10.o)
    0x08000d2a   0x08000d2a   0x0000041e   Code   RO         4021    .text               c_w.l(_printf_fp_dec.o)
    0x08001148   0x08001148   0x000002fc   Code   RO         4023    .text               c_w.l(_printf_fp_hex.o)
    0x08001444   0x08001444   0x0000002c   Code   RO         4028    .text               c_w.l(_printf_wchar.o)
    0x08001470   0x08001470   0x00000008   Code   RO         4030    .text               c_w.l(ferror.o)
    0x08001478   0x08001478   0x00000040   Code   RO         4034    .text               c_w.l(_wcrtomb.o)
    0x080014b8   0x080014b8   0x0000004a   Code   RO         4036    .text               c_w.l(sys_stackheap_outer.o)
    0x08001502   0x08001502   0x00000002   PAD
    0x08001504   0x08001504   0x00000010   Code   RO         4038    .text               c_w.l(rt_ctype_table.o)
    0x08001514   0x08001514   0x00000008   Code   RO         4045    .text               c_w.l(rt_locale_intlibspace.o)
    0x0800151c   0x0800151c   0x00000080   Code   RO         4047    .text               c_w.l(_printf_fp_infnan.o)
    0x0800159c   0x0800159c   0x000000e4   Code   RO         4049    .text               c_w.l(bigflt0.o)
    0x08001680   0x08001680   0x00000012   Code   RO         4077    .text               c_w.l(exit.o)
    0x08001692   0x08001692   0x00000002   PAD
    0x08001694   0x08001694   0x00000008   Code   RO         4089    .text               c_w.l(libspace.o)
    0x0800169c   0x0800169c   0x0000003e   Code   RO         4052    CL$$btod_d2e        c_w.l(btod.o)
    0x080016da   0x080016da   0x00000046   Code   RO         4054    CL$$btod_d2e_denorm_low  c_w.l(btod.o)
    0x08001720   0x08001720   0x00000060   Code   RO         4053    CL$$btod_d2e_norm_op1  c_w.l(btod.o)
    0x08001780   0x08001780   0x00000338   Code   RO         4062    CL$$btod_div_common  c_w.l(btod.o)
    0x08001ab8   0x08001ab8   0x000000dc   Code   RO         4059    CL$$btod_e2e        c_w.l(btod.o)
    0x08001b94   0x08001b94   0x0000002a   Code   RO         4056    CL$$btod_ediv       c_w.l(btod.o)
    0x08001bbe   0x08001bbe   0x0000002a   Code   RO         4055    CL$$btod_emul       c_w.l(btod.o)
    0x08001be8   0x08001be8   0x00000244   Code   RO         4061    CL$$btod_mult_common  c_w.l(btod.o)
    0x08001e2c   0x08001e2c   0x0000000a   Ven    RO         4227    Veneer$$Code        anon$$obj.o
    0x08001e36   0x08001e36   0x00000004   Code   RO          221    i.BusFault_Handler  stm32f10x_it.o
    0x08001e3a   0x08001e3a   0x00000030   Code   RO          734    i.CmdError          sdio_sdcard.o
    0x08001e6a   0x08001e6a   0x00000002   PAD
    0x08001e6c   0x08001e6c   0x00000060   Code   RO          735    i.CmdResp1Error     sdio_sdcard.o
    0x08001ecc   0x08001ecc   0x00000054   Code   RO          736    i.CmdResp2Error     sdio_sdcard.o
    0x08001f20   0x08001f20   0x00000038   Code   RO          737    i.CmdResp3Error     sdio_sdcard.o
    0x08001f58   0x08001f58   0x00000090   Code   RO          738    i.CmdResp6Error     sdio_sdcard.o
    0x08001fe8   0x08001fe8   0x0000004c   Code   RO          739    i.CmdResp7Error     sdio_sdcard.o
    0x08002034   0x08002034   0x00000064   Code   RO         1211    i.DHT11_Check       dht11.o
    0x08002098   0x08002098   0x00000040   Code   RO         1212    i.DHT11_Init        dht11.o
    0x080020d8   0x080020d8   0x0000004c   Code   RO         1213    i.DHT11_Read_Bit    dht11.o
    0x08002124   0x08002124   0x0000001e   Code   RO         1214    i.DHT11_Read_Byte   dht11.o
    0x08002142   0x08002142   0x00000068   Code   RO         1215    i.DHT11_Read_Data   dht11.o
    0x080021aa   0x080021aa   0x00000002   PAD
    0x080021ac   0x080021ac   0x00000040   Code   RO         1216    i.DHT11_Rst         dht11.o
    0x080021ec   0x080021ec   0x00000018   Code   RO         2693    i.DMA_Cmd           stm32f10x_dma.o
    0x08002204   0x08002204   0x0000014c   Code   RO         2694    i.DMA_DeInit        stm32f10x_dma.o
    0x08002350   0x08002350   0x0000003c   Code   RO         2699    i.DMA_Init          stm32f10x_dma.o
    0x0800238c   0x0800238c   0x00000002   Code   RO          222    i.DebugMon_Handler  stm32f10x_it.o
    0x0800238e   0x0800238e   0x00000002   PAD
    0x08002390   0x08002390   0x00000034   Code   RO         1163    i.EXTI0_IRQHandler  exti.o
    0x080023c4   0x080023c4   0x00000034   Code   RO         1164    i.EXTI3_IRQHandler  exti.o
    0x080023f8   0x080023f8   0x00000034   Code   RO         1165    i.EXTI4_IRQHandler  exti.o
    0x0800242c   0x0800242c   0x00000046   Code   RO         1166    i.EXTI8_Init        exti.o
    0x08002472   0x08002472   0x00000002   PAD
    0x08002474   0x08002474   0x0000006c   Code   RO         1167    i.EXTI9_5_IRQHandler  exti.o
    0x080024e0   0x080024e0   0x0000000c   Code   RO         1290    i.EXTI_ClearITPendingBit  stm32f10x_exti.o
    0x080024ec   0x080024ec   0x00000028   Code   RO         1294    i.EXTI_GetITStatus  stm32f10x_exti.o
    0x08002514   0x08002514   0x00000094   Code   RO         1295    i.EXTI_Init         stm32f10x_exti.o
    0x080025a8   0x080025a8   0x00000194   Code   RO          740    i.FindSCR           sdio_sdcard.o
    0x0800273c   0x0800273c   0x00000040   Code   RO         1466    i.GPIO_EXTILineConfig  stm32f10x_gpio.o
    0x0800277c   0x0800277c   0x00000116   Code   RO         1469    i.GPIO_Init         stm32f10x_gpio.o
    0x08002892   0x08002892   0x00000002   PAD
    0x08002894   0x08002894   0x00000090   Code   RO         1471    i.GPIO_PinRemapConfig  stm32f10x_gpio.o
    0x08002924   0x08002924   0x00000012   Code   RO         1473    i.GPIO_ReadInputDataBit  stm32f10x_gpio.o
    0x08002936   0x08002936   0x00000004   Code   RO         1477    i.GPIO_SetBits      stm32f10x_gpio.o
    0x0800293a   0x0800293a   0x00000004   Code   RO          223    i.HardFault_Handler  stm32f10x_it.o
    0x0800293e   0x0800293e   0x00000004   Code   RO          425    i.INTX_DISABLE      sys.o
    0x08002942   0x08002942   0x00000004   Code   RO          426    i.INTX_ENABLE       sys.o
    0x08002946   0x08002946   0x00000002   PAD
    0x08002948   0x08002948   0x0000009c   Code   RO          741    i.IsCardProgramming  sdio_sdcard.o
    0x080029e4   0x080029e4   0x0000004c   Code   RO          722    i.LED_Init          led.o
    0x08002a30   0x08002a30   0x00000004   Code   RO          224    i.MemManage_Handler  stm32f10x_it.o
    0x08002a34   0x08002a34   0x00000002   Code   RO          225    i.NMI_Handler       stm32f10x_it.o
    0x08002a36   0x08002a36   0x00000002   PAD
    0x08002a38   0x08002a38   0x00000070   Code   RO         1253    i.NVIC_Init         misc.o
    0x08002aa8   0x08002aa8   0x00000014   Code   RO         1254    i.NVIC_PriorityGroupConfig  misc.o
    0x08002abc   0x08002abc   0x00000170   Code   RO         1058    i.OV7725_Init       ov7725.o
    0x08002c2c   0x08002c2c   0x0000016a   Code   RO         1061    i.OV7725_Window_Set  ov7725.o
    0x08002d96   0x08002d96   0x00000002   Code   RO          226    i.PendSV_Handler    stm32f10x_it.o
    0x08002d98   0x08002d98   0x00000020   Code   RO         1578    i.RCC_AHBPeriphClockCmd  stm32f10x_rcc.o
    0x08002db8   0x08002db8   0x00000020   Code   RO         1579    i.RCC_APB1PeriphClockCmd  stm32f10x_rcc.o
    0x08002dd8   0x08002dd8   0x00000020   Code   RO         1580    i.RCC_APB1PeriphResetCmd  stm32f10x_rcc.o
    0x08002df8   0x08002df8   0x00000020   Code   RO         1581    i.RCC_APB2PeriphClockCmd  stm32f10x_rcc.o
    0x08002e18   0x08002e18   0x00000020   Code   RO         1582    i.RCC_APB2PeriphResetCmd  stm32f10x_rcc.o
    0x08002e38   0x08002e38   0x000000d4   Code   RO         1589    i.RCC_GetClocksFreq  stm32f10x_rcc.o
    0x08002f0c   0x08002f0c   0x00000070   Code   RO         1109    i.SCCB_Init         sccb.o
    0x08002f7c   0x08002f7c   0x00000048   Code   RO         1110    i.SCCB_No_Ack       sccb.o
    0x08002fc4   0x08002fc4   0x00000074   Code   RO         1111    i.SCCB_RD_Byte      sccb.o
    0x08003038   0x08003038   0x0000004e   Code   RO         1112    i.SCCB_RD_Reg       sccb.o
    0x08003086   0x08003086   0x00000002   PAD
    0x08003088   0x08003088   0x00000034   Code   RO         1113    i.SCCB_Start        sccb.o
    0x080030bc   0x080030bc   0x00000034   Code   RO         1114    i.SCCB_Stop         sccb.o
    0x080030f0   0x080030f0   0x000000ac   Code   RO         1115    i.SCCB_WR_Byte      sccb.o
    0x0800319c   0x0800319c   0x0000003e   Code   RO         1116    i.SCCB_WR_Reg       sccb.o
    0x080031da   0x080031da   0x00000002   PAD
    0x080031dc   0x080031dc   0x000000ac   Code   RO          742    i.SDEnWideBus       sdio_sdcard.o
    0x08003288   0x08003288   0x0000000c   Code   RO         1778    i.SDIO_ClearFlag    stm32f10x_sdio.o
    0x08003294   0x08003294   0x0000000c   Code   RO         1780    i.SDIO_ClockCmd     stm32f10x_sdio.o
    0x080032a0   0x080032a0   0x00000014   Code   RO          743    i.SDIO_Clock_Set    sdio_sdcard.o
    0x080032b4   0x080032b4   0x0000000c   Code   RO         1783    i.SDIO_DMACmd       stm32f10x_sdio.o
    0x080032c0   0x080032c0   0x00000030   Code   RO         1784    i.SDIO_DataConfig   stm32f10x_sdio.o
    0x080032f0   0x080032f0   0x00000024   Code   RO         1786    i.SDIO_DeInit       stm32f10x_sdio.o
    0x08003314   0x08003314   0x00000018   Code   RO         1790    i.SDIO_GetFlagStatus  stm32f10x_sdio.o
    0x0800332c   0x0800332c   0x00000010   Code   RO         1792    i.SDIO_GetPowerState  stm32f10x_sdio.o
    0x0800333c   0x0800333c   0x00000008   Code   RO          744    i.SDIO_IRQHandler   sdio_sdcard.o
    0x08003344   0x08003344   0x00000030   Code   RO         1795    i.SDIO_Init         stm32f10x_sdio.o
    0x08003374   0x08003374   0x0000000c   Code   RO         1796    i.SDIO_ReadData     stm32f10x_sdio.o
    0x08003380   0x08003380   0x0000002c   Code   RO         1798    i.SDIO_SendCommand  stm32f10x_sdio.o
    0x080033ac   0x080033ac   0x0000001c   Code   RO         1800    i.SDIO_SetPowerState  stm32f10x_sdio.o
    0x080033c8   0x080033c8   0x0000000c   Code   RO         1806    i.SDIO_WriteData    stm32f10x_sdio.o
    0x080033d4   0x080033d4   0x00000068   Code   RO          745    i.SD_DMA_Config     sdio_sdcard.o
    0x0800343c   0x0800343c   0x00000068   Code   RO          746    i.SD_EnableWideBusOperation  sdio_sdcard.o
    0x080034a4   0x080034a4   0x00000314   Code   RO          747    i.SD_GetCardInfo    sdio_sdcard.o
    0x080037b8   0x080037b8   0x00000100   Code   RO          749    i.SD_Init           sdio_sdcard.o
    0x080038b8   0x080038b8   0x00000154   Code   RO          750    i.SD_InitializeCards  sdio_sdcard.o
    0x08003a0c   0x08003a0c   0x000001dc   Code   RO          752    i.SD_PowerON        sdio_sdcard.o
    0x08003be8   0x08003be8   0x0000013c   Code   RO          753    i.SD_ProcessIRQSrc  sdio_sdcard.o
    0x08003d24   0x08003d24   0x00000258   Code   RO          754    i.SD_ReadBlock      sdio_sdcard.o
    0x08003f7c   0x08003f7c   0x000000a0   Code   RO          755    i.SD_ReadDisk       sdio_sdcard.o
    0x0800401c   0x0800401c   0x000002e8   Code   RO          756    i.SD_ReadMultiBlocks  sdio_sdcard.o
    0x08004304   0x08004304   0x00000030   Code   RO          757    i.SD_SelectDeselect  sdio_sdcard.o
    0x08004334   0x08004334   0x00000018   Code   RO          759    i.SD_SetDeviceMode  sdio_sdcard.o
    0x0800434c   0x0800434c   0x00000374   Code   RO          760    i.SD_WriteBlock     sdio_sdcard.o
    0x080046c0   0x080046c0   0x000000a0   Code   RO          761    i.SD_WriteDisk      sdio_sdcard.o
    0x08004760   0x08004760   0x000003c0   Code   RO          762    i.SD_WriteMultiBlocks  sdio_sdcard.o
    0x08004b20   0x08004b20   0x00000002   Code   RO          227    i.SVC_Handler       stm32f10x_it.o
    0x08004b22   0x08004b22   0x00000008   Code   RO          310    i.SetSysClock       system_stm32f10x.o
    0x08004b2a   0x08004b2a   0x00000002   PAD
    0x08004b2c   0x08004b2c   0x000000e0   Code   RO          311    i.SetSysClockTo72   system_stm32f10x.o
    0x08004c0c   0x08004c0c   0x00000028   Code   RO         1257    i.SysTick_CLKSourceConfig  misc.o
    0x08004c34   0x08004c34   0x00000002   Code   RO          228    i.SysTick_Handler   stm32f10x_it.o
    0x08004c36   0x08004c36   0x00000002   PAD
    0x08004c38   0x08004c38   0x00000060   Code   RO          313    i.SystemInit        system_stm32f10x.o
    0x08004c98   0x08004c98   0x00000030   Code   RO          935    i.TIM3_IRQHandler   timer.o
    0x08004cc8   0x08004cc8   0x000000c0   Code   RO          939    i.TIM5_IRQHandler   timer.o
    0x08004d88   0x08004d88   0x00000038   Code   RO          940    i.TIM6_IRQHandler   timer.o
    0x08004dc0   0x08004dc0   0x00000060   Code   RO          941    i.TIM6_Int_Init     timer.o
    0x08004e20   0x08004e20   0x00000034   Code   RO          942    i.TIM7_IRQHandler   timer.o
    0x08004e54   0x08004e54   0x00000060   Code   RO          943    i.TIM7_Int_Init     timer.o
    0x08004eb4   0x08004eb4   0x00000006   Code   RO         1974    i.TIM_ClearITPendingBit  stm32f10x_tim.o
    0x08004eba   0x08004eba   0x00000018   Code   RO         1979    i.TIM_Cmd           stm32f10x_tim.o
    0x08004ed2   0x08004ed2   0x00000006   Code   RO         1994    i.TIM_GetCapture1   stm32f10x_tim.o
    0x08004ed8   0x08004ed8   0x00000022   Code   RO         2000    i.TIM_GetITStatus   stm32f10x_tim.o
    0x08004efa   0x08004efa   0x00000012   Code   RO         2004    i.TIM_ITConfig      stm32f10x_tim.o
    0x08004f0c   0x08004f0c   0x00000012   Code   RO         2010    i.TIM_OC1PolarityConfig  stm32f10x_tim.o
    0x08004f1e   0x08004f1e   0x00000004   Code   RO         2044    i.TIM_SetCounter    stm32f10x_tim.o
    0x08004f22   0x08004f22   0x00000002   PAD
    0x08004f24   0x08004f24   0x000000a4   Code   RO         2050    i.TIM_TimeBaseInit  stm32f10x_tim.o
    0x08004fc8   0x08004fc8   0x00000088   Code   RO          452    i.USART1_IRQHandler  usart.o
    0x08005050   0x08005050   0x000000a0   Code   RO         1005    i.USART3_IRQHandler  usart3.o
    0x080050f0   0x080050f0   0x00000018   Code   RO         2515    i.USART_Cmd         stm32f10x_usart.o
    0x08005108   0x08005108   0x0000009c   Code   RO         2517    i.USART_DeInit      stm32f10x_usart.o
    0x080051a4   0x080051a4   0x0000001a   Code   RO         2518    i.USART_GetFlagStatus  stm32f10x_usart.o
    0x080051be   0x080051be   0x00000054   Code   RO         2519    i.USART_GetITStatus  stm32f10x_usart.o
    0x08005212   0x08005212   0x0000004a   Code   RO         2521    i.USART_ITConfig    stm32f10x_usart.o
    0x0800525c   0x0800525c   0x000000d8   Code   RO         2522    i.USART_Init        stm32f10x_usart.o
    0x08005334   0x08005334   0x0000000a   Code   RO         2529    i.USART_ReceiveData  stm32f10x_usart.o
    0x0800533e   0x0800533e   0x00000008   Code   RO         2532    i.USART_SendData    stm32f10x_usart.o
    0x08005346   0x08005346   0x00000004   Code   RO          229    i.UsageFault_Handler  stm32f10x_it.o
    0x0800534a   0x0800534a   0x00000028   Code   RO         4087    i.__ARM_fpclassify  m_ws.l(fpclassify.o)
    0x08005372   0x08005372   0x0000000e   Code   RO         3861    i._is_digit         c_w.l(__printf_wp.o)
    0x08005380   0x08005380   0x00000004   Code   RO          453    i._sys_exit         usart.o
    0x08005384   0x08005384   0x0000005c   Code   RO         3431    i.atk_8266_check_cmd  common.o
    0x080053e0   0x080053e0   0x000001d0   Code   RO         3432    i.atk_8266_send_cmd  common.o
    0x080055b0   0x080055b0   0x000001f0   Code   RO         3434    i.atk_8266_send_data_neat  common.o
    0x080057a0   0x080057a0   0x000000a0   Code   RO         3435    i.atk_8266_send_data_neat_large  common.o
    0x08005840   0x08005840   0x000000e4   Code   RO         3776    i.bmp_encode_in     bmp.o
    0x08005924   0x08005924   0x00000090   Code   RO         2893    i.check_fs          ff.o
    0x080059b4   0x080059b4   0x00000014   Code   RO         2894    i.chk_chr           ff.o
    0x080059c8   0x080059c8   0x00000032   Code   RO         2895    i.clmt_clust        ff.o
    0x080059fa   0x080059fa   0x0000001a   Code   RO         2896    i.clust2sect        ff.o
    0x08005a14   0x08005a14   0x00000084   Code   RO         2897    i.cmp_lfn           ff.o
    0x08005a98   0x08005a98   0x00000012   Code   RO          763    i.convert_from_bytes_to_power_of_two  sdio_sdcard.o
    0x08005aaa   0x08005aaa   0x000000d6   Code   RO         2898    i.create_chain      ff.o
    0x08005b80   0x08005b80   0x00000270   Code   RO         2899    i.create_name       ff.o
    0x08005df0   0x08005df0   0x00000018   Code   RO          392    i.delay             delay.o
    0x08005e08   0x08005e08   0x00000044   Code   RO          393    i.delay_init        delay.o
    0x08005e4c   0x08005e4c   0x0000004c   Code   RO          394    i.delay_ms          delay.o
    0x08005e98   0x08005e98   0x0000004c   Code   RO          395    i.delay_us          delay.o
    0x08005ee4   0x08005ee4   0x0000005c   Code   RO         2900    i.dir_alloc         ff.o
    0x08005f40   0x08005f40   0x000000ea   Code   RO         2901    i.dir_find          ff.o
    0x0800602a   0x0800602a   0x0000010e   Code   RO         2902    i.dir_next          ff.o
    0x08006138   0x08006138   0x0000012a   Code   RO         2904    i.dir_register      ff.o
    0x08006262   0x08006262   0x0000009e   Code   RO         2906    i.dir_sdi           ff.o
    0x08006300   0x08006300   0x00000020   Code   RO         2833    i.disk_initialize   diskio.o
    0x08006320   0x08006320   0x000000b4   Code   RO         2834    i.disk_ioctl        diskio.o
    0x080063d4   0x080063d4   0x00000056   Code   RO         2835    i.disk_read         diskio.o
    0x0800642a   0x0800642a   0x00000006   Code   RO         2836    i.disk_status       diskio.o
    0x08006430   0x08006430   0x00000056   Code   RO         2837    i.disk_write        diskio.o
    0x08006486   0x08006486   0x00000002   PAD
    0x08006488   0x08006488   0x00000084   Code   RO         3248    i.exfuns_init       exfuns.o
    0x0800650c   0x0800650c   0x00000020   Code   RO         2908    i.f_close           ff.o
    0x0800652c   0x0800652c   0x0000017c   Code   RO         2914    i.f_mkdir           ff.o
    0x080066a8   0x080066a8   0x0000005c   Code   RO         2916    i.f_mount           ff.o
    0x08006704   0x08006704   0x00000180   Code   RO         2917    i.f_open            ff.o
    0x08006884   0x08006884   0x000000b0   Code   RO         2927    i.f_sync            ff.o
    0x08006934   0x08006934   0x000001ea   Code   RO         2931    i.f_write           ff.o
    0x08006b1e   0x08006b1e   0x00000002   Code   RO         2932    i.ff_convert        ff.o
    0x08006b20   0x08006b20   0x0000000e   Code   RO         2838    i.ff_memalloc       diskio.o
    0x08006b2e   0x08006b2e   0x0000000e   Code   RO         2839    i.ff_memfree        diskio.o
    0x08006b3c   0x08006b3c   0x00000038   Code   RO         2933    i.ff_wtoupper       ff.o
    0x08006b74   0x08006b74   0x00000394   Code   RO         2934    i.find_volume       ff.o
    0x08006f08   0x08006f08   0x00000080   Code   RO         2935    i.fit_lfn           ff.o
    0x08006f88   0x08006f88   0x00000090   Code   RO         2936    i.follow_path       ff.o
    0x08007018   0x08007018   0x0000001c   Code   RO          454    i.fputc             usart.o
    0x08007034   0x08007034   0x000000cc   Code   RO         2937    i.gen_numname       ff.o
    0x08007100   0x08007100   0x000000f2   Code   RO         2938    i.get_fat           ff.o
    0x080071f2   0x080071f2   0x00000004   Code   RO         2840    i.get_fattime       diskio.o
    0x080071f6   0x080071f6   0x0000004a   Code   RO         2940    i.get_ldnumber      ff.o
    0x08007240   0x08007240   0x00000014   Code   RO          344    i.get_light         wire.o
    0x08007254   0x08007254   0x00000014   Code   RO          345    i.get_smoke         wire.o
    0x08007268   0x08007268   0x0000001a   Code   RO            2    i.htonl             main.o
    0x08007282   0x08007282   0x00000020   Code   RO         2941    i.ld_clust          ff.o
    0x080072a2   0x080072a2   0x00000002   PAD
    0x080072a4   0x080072a4   0x0000002c   Code   RO          346    i.light_sensor_init  wire.o
    0x080072d0   0x080072d0   0x000005e8   Code   RO            3    i.main              main.o
    0x080078b8   0x080078b8   0x00000026   Code   RO         2942    i.mem_cmp           ff.o
    0x080078de   0x080078de   0x0000001a   Code   RO         2943    i.mem_cpy           ff.o
    0x080078f8   0x080078f8   0x00000014   Code   RO         2944    i.mem_set           ff.o
    0x0800790c   0x0800790c   0x00000034   Code   RO         2945    i.move_window       ff.o
    0x08007940   0x08007940   0x0000006c   Code   RO         2763    i.my_mem_free       malloc.o
    0x080079ac   0x080079ac   0x00000044   Code   RO         2764    i.my_mem_init       malloc.o
    0x080079f0   0x080079f0   0x000000a8   Code   RO         2765    i.my_mem_malloc     malloc.o
    0x08007a98   0x08007a98   0x00000040   Code   RO         2766    i.my_mem_perused    malloc.o
    0x08007ad8   0x08007ad8   0x00000024   Code   RO         2767    i.myfree            malloc.o
    0x08007afc   0x08007afc   0x00000028   Code   RO         2768    i.mymalloc          malloc.o
    0x08007b24   0x08007b24   0x00000014   Code   RO         2770    i.mymemset          malloc.o
    0x08007b38   0x08007b38   0x00000180   Code   RO            4    i.photo_generate    main.o
    0x08007cb8   0x08007cb8   0x0000000e   Code   RO         3603    i.pic_memalloc      piclib.o
    0x08007cc6   0x08007cc6   0x0000000e   Code   RO         3604    i.pic_memfree       piclib.o
    0x08007cd4   0x08007cd4   0x00000142   Code   RO         2947    i.put_fat           ff.o
    0x08007e16   0x08007e16   0x0000006c   Code   RO         2949    i.remove_chain      ff.o
    0x08007e82   0x08007e82   0x00000002   PAD
    0x08007e84   0x08007e84   0x0000002c   Code   RO          347    i.smoke_sensor_init  wire.o
    0x08007eb0   0x08007eb0   0x00000010   Code   RO         2950    i.st_clust          ff.o
    0x08007ec0   0x08007ec0   0x00000020   Code   RO         2951    i.sum_sfn           ff.o
    0x08007ee0   0x08007ee0   0x000000c8   Code   RO         2952    i.sync_fs           ff.o
    0x08007fa8   0x08007fa8   0x00000052   Code   RO         2953    i.sync_window       ff.o
    0x08007ffa   0x08007ffa   0x00000002   PAD
    0x08007ffc   0x08007ffc   0x00000050   Code   RO         1006    i.u3_printf         usart3.o
    0x0800804c   0x0800804c   0x00000048   Code   RO         1007    i.u3_printf_neat    usart3.o
    0x08008094   0x08008094   0x000000a0   Code   RO          455    i.uart_init         usart.o
    0x08008134   0x08008134   0x000000d0   Code   RO         1009    i.usart3_init       usart3.o
    0x08008204   0x08008204   0x00000036   Code   RO         2954    i.validate          ff.o
    0x0800823a   0x0800823a   0x00000002   PAD
    0x0800823c   0x0800823c   0x0000002c   Code   RO         4075    locale$$code        c_w.l(lc_numeric_c.o)
    0x08008268   0x08008268   0x0000002c   Code   RO         4095    locale$$code        c_w.l(lc_ctype_c.o)
    0x08008294   0x08008294   0x00000004   Code   RO         3991    x$fpl$printf1       fz_ws.l(printf1.o)
    0x08008298   0x08008298   0x00000004   Code   RO         3993    x$fpl$printf2       fz_ws.l(printf2.o)
    0x0800829c   0x0800829c   0x00000000   Code   RO         3999    x$fpl$usenofp       fz_ws.l(usenofp.o)
    0x0800829c   0x0800829c   0x00000082   Data   RO         1062    .constdata          ov7725.o
    0x0800831e   0x0800831e   0x00000002   PAD
    0x08008320   0x08008320   0x00000018   Data   RO         2775    .constdata          malloc.o
    0x08008338   0x08008338   0x000003fa   Data   RO         2955    .constdata          ff.o
    0x08008732   0x08008732   0x00000028   Data   RO         3849    .constdata          c_w.l(_printf_hex_int_ll_ptr.o)
    0x0800875a   0x0800875a   0x00000011   Data   RO         3869    .constdata          c_w.l(__printf_flags_ss_wp.o)
    0x0800876b   0x0800876b   0x00000001   PAD
    0x0800876c   0x0800876c   0x00000008   Data   RO         3950    .constdata          c_w.l(_printf_wctomb.o)
    0x08008774   0x08008774   0x00000026   Data   RO         4024    .constdata          c_w.l(_printf_fp_hex.o)
    0x0800879a   0x0800879a   0x00000002   PAD
    0x0800879c   0x0800879c   0x00000094   Data   RO         4050    .constdata          c_w.l(bigflt0.o)
    0x08008830   0x08008830   0x000000b6   Data   RO         3436    .conststring        common.o
    0x080088e6   0x080088e6   0x00000002   PAD
    0x080088e8   0x080088e8   0x00000020   Data   RO         4219    Region$$Table       anon$$obj.o
    0x08008908   0x08008908   0x0000001c   Data   RO         4074    locale$$data        c_w.l(lc_numeric_c.o)
    0x08008924   0x08008924   0x00000110   Data   RO         4094    locale$$data        c_w.l(lc_ctype_c.o)


    Execution Region RW_IRAM1 (Exec base: 0x20000000, Load base: 0x08008a34, Size: 0x0000e3c0, Max: 0x00010000, ABSOLUTE)

    Exec Addr    Load Addr    Size         Type   Attr      Idx    E Section Name        Object

    0x20000000   0x08008a34   0x00000008   Data   RW            5    .data               main.o
    0x20000008   0x08008a3c   0x00000014   Data   RW          314    .data               system_stm32f10x.o
    0x2000001c   0x08008a50   0x00000004   Data   RW          396    .data               delay.o
    0x20000020   0x08008a54   0x00000006   Data   RW          457    .data               usart.o
    0x20000026   0x08008a5a   0x00000002   PAD
    0x20000028   0x08008a5c   0x00000010   Data   RW          765    .data               sdio_sdcard.o
    0x20000038   0x08008a6c   0x00000004   Data   RW          945    .data               timer.o
    0x2000003c   0x08008a70   0x00000002   Data   RW         1011    .data               usart3.o
    0x2000003e   0x08008a72   0x00000001   Data   RW         1169    .data               exti.o
    0x2000003f   0x08008a73   0x00000014   Data   RW         1609    .data               stm32f10x_rcc.o
    0x20000053   0x08008a87   0x00000001   PAD
    0x20000054   0x08008a88   0x0000001c   Data   RW         2776    .data               malloc.o
    0x20000070   0x08008aa4   0x00000002   Data   RW         2841    .data               diskio.o
    0x20000072   0x08008aa6   0x00000002   PAD
    0x20000074   0x08008aa8   0x0000000a   Data   RW         2956    .data               ff.o
    0x2000007e   0x08008ab2   0x00000002   PAD
    0x20000080   0x08008ab4   0x0000001c   Data   RW         3253    .data               exfuns.o
    0x2000009c   0x08008ad0   0x0000004c   Data   RW         3437    .data               common.o
    0x200000e8        -       0x000000c8   Zero   RW          456    .bss                usart.o
    0x200001b0        -       0x000002c0   Zero   RW          764    .bss                sdio_sdcard.o
    0x20000470        -       0x00002ee2   Zero   RW         1010    .bss                usart3.o
    0x20003352   0x08008b1c   0x0000000e   PAD
    0x20003360        -       0x0000aa00   Zero   RW         2774    .bss                malloc.o
    0x2000dd60        -       0x00000060   Zero   RW         4090    .bss                c_w.l(libspace.o)
    0x2000ddc0        -       0x00000200   Zero   RW          386    HEAP                startup_stm32f10x_hd.o
    0x2000dfc0        -       0x00000400   Zero   RW          385    STACK               startup_stm32f10x_hd.o



  Load Region LR$$.ARM.__AT_0x68000000 (Base: 0x68000000, Size: 0x00000000, Max: 0x000f0000, ABSOLUTE)

    Execution Region ER$$.ARM.__AT_0x68000000 (Exec base: 0x68000000, Load base: 0x68000000, Size: 0x000f0000, Max: 0x000f0000, ABSOLUTE, UNINIT)

    Exec Addr    Load Addr    Size         Type   Attr      Idx    E Section Name        Object

    0x68000000        -       0x000f0000   Zero   RW         2772    .ARM.__AT_0x68000000  malloc.o



  Load Region LR$$.ARM.__AT_0x680F0000 (Base: 0x680f0000, Size: 0x00000000, Max: 0x0000f000, ABSOLUTE)

    Execution Region ER$$.ARM.__AT_0x680F0000 (Exec base: 0x680f0000, Load base: 0x680f0000, Size: 0x0000f000, Max: 0x0000f000, ABSOLUTE, UNINIT)

    Exec Addr    Load Addr    Size         Type   Attr      Idx    E Section Name        Object

    0x680f0000        -       0x0000f000   Zero   RW         2773    .ARM.__AT_0x680F0000  malloc.o


==============================================================================

Image component sizes


      Code (inc. data)   RO Data    RW Data    ZI Data      Debug   Object Name

       228          8          0          0          0       1324   bmp.o
      1212        174        182         76          0       4810   common.o
         0          0          0          0          0         32   core_cm3.o
       244         26          0          4          0       2187   delay.o
       438         32          0          0          0       3768   dht11.o
       422         10          0          2          0       6348   diskio.o
       132         18          0         28          0       1546   exfuns.o
       334         50          0          1          0       2652   exti.o
      6564         72       1018         10          0      36429   ff.o
        76          8          0          0          0        491   led.o
      1922        700          0          8          0     282068   main.o
       504         60         24         28    1088000       5949   malloc.o
       172         22          0          0          0       2013   misc.o
       730         52        130          0          0       4316   ov7725.o
        28          0          0          0          0       1001   piclib.o
       716         80          0          0          0       4349   sccb.o
      7246        394          0         16        704      32774   sdio_sdcard.o
        68         26        304          0       1536        828   startup_stm32f10x_hd.o
       416          8          0          0          0       3374   stm32f10x_dma.o
       200         18          0          0          0       2064   stm32f10x_exti.o
       508         10          0          0          0       4507   stm32f10x_gpio.o
        26          0          0          0          0       3606   stm32f10x_it.o
       372         50          0         20          0       6064   stm32f10x_rcc.o
       304         72          0          0          0       7898   stm32f10x_sdio.o
       274         42          0          0          0       5121   stm32f10x_tim.o
       598         28          0          0          0       6684   stm32f10x_usart.o
         8          0          0          0          0        813   sys.o
       328         28          0         20          0       2037   system_stm32f10x.o
       540         70          0          4          0       3607   timer.o
       328         26          0          6        200       4052   usart.o
       520         82          0          2      12002       3915   usart3.o
       128         20          0          0          0       1772   wire.o

    ----------------------------------------------------------------------
     25630       2186       1694        232    1102456     448399   Object Totals
        10          0         32          0          0          0   (incl. Generated)
        34          0          4          7         14          0   (incl. Padding)

    ----------------------------------------------------------------------

      Code (inc. data)   RO Data    RW Data    ZI Data      Debug   Library Member Name

        24          4          0          0          0         84   __2printf.o
        44          6          0          0          0         84   __2sprintf.o
         8          0          0          0          0         68   __main.o
       392          4         17          0          0         92   __printf_flags_ss_wp.o
        14          0          0          0          0         68   __printf_wp.o
         0          0          0          0          0          0   __rtentry.o
        12          0          0          0          0          0   __rtentry2.o
         6          0          0          0          0          0   __rtentry4.o
        52          8          0          0          0          0   __scatter.o
        26          0          0          0          0          0   __scatter_copy.o
        28          0          0          0          0          0   __scatter_zi.o
         6          0          0          0          0          0   _printf_a.o
         6          0          0          0          0          0   _printf_c.o
        44          0          0          0          0        108   _printf_char.o
        48          6          0          0          0         96   _printf_char_common.o
        36          4          0          0          0         80   _printf_char_file.o
        40          0          0          0          0         68   _printf_charcount.o
         6          0          0          0          0          0   _printf_d.o
       120         16          0          0          0         92   _printf_dec.o
         6          0          0          0          0          0   _printf_e.o
         6          0          0          0          0          0   _printf_f.o
      1054          0          0          0          0        216   _printf_fp_dec.o
       764          8         38          0          0        100   _printf_fp_hex.o
       128         16          0          0          0         84   _printf_fp_infnan.o
         6          0          0          0          0          0   _printf_g.o
       148          4         40          0          0        160   _printf_hex_int_ll_ptr.o
         6          0          0          0          0          0   _printf_i.o
       178          0          0          0          0         88   _printf_intcommon.o
        10          0          0          0          0          0   _printf_l.o
         6          0          0          0          0          0   _printf_lc.o
        10          0          0          0          0          0   _printf_ll.o
         6          0          0          0          0          0   _printf_lld.o
         6          0          0          0          0          0   _printf_lli.o
         6          0          0          0          0          0   _printf_llo.o
         6          0          0          0          0          0   _printf_llu.o
         6          0          0          0          0          0   _printf_llx.o
       124         16          0          0          0         92   _printf_longlong_dec.o
         6          0          0          0          0          0   _printf_ls.o
         6          0          0          0          0          0   _printf_n.o
         6          0          0          0          0          0   _printf_o.o
       112         10          0          0          0        124   _printf_oct_int_ll.o
         6          0          0          0          0          0   _printf_p.o
        78          0          0          0          0        108   _printf_pad.o
         0          0          0          0          0          0   _printf_percent.o
         4          0          0          0          0          0   _printf_percent_end.o
         6          0          0          0          0          0   _printf_s.o
        82          0          0          0          0         80   _printf_str.o
        36          0          0          0          0         84   _printf_truncate.o
         6          0          0          0          0          0   _printf_u.o
        44          0          0          0          0        108   _printf_wchar.o
       188          6          8          0          0         92   _printf_wctomb.o
         6          0          0          0          0          0   _printf_x.o
        10          0          0          0          0         68   _sputc.o
        64          0          0          0          0         92   _wcrtomb.o
       228          4        148          0          0         96   bigflt0.o
      1936        128          0          0          0        672   btod.o
        18          0          0          0          0         80   exit.o
         8          0          0          0          0         68   ferror.o
         6          0          0          0          0        152   heapauxi.o
        44         10        272          0          0         76   lc_ctype_c.o
        44         10         28          0          0         76   lc_numeric_c.o
         2          0          0          0          0          0   libinit.o
        30          0          0          0          0          0   libinit2.o
         2          0          0          0          0          0   libshutdown.o
         2          0          0          0          0          0   libshutdown2.o
         8          4          0          0         96         68   libspace.o
        72          0          0          0          0         76   llsdiv.o
       138          0          0          0          0         80   lludiv10.o
       238          0          0          0          0        100   lludivv7m.o
        16          4          0          0          0         76   rt_ctype_table.o
         8          4          0          0          0         68   rt_locale_intlibspace.o
       138          0          0          0          0         68   rt_memcpy_v6.o
       100          0          0          0          0         80   rt_memcpy_w.o
         2          0          0          0          0          0   rtexit.o
        10          0          0          0          0          0   rtexit2.o
       128          0          0          0          0         68   strcmpv7m.o
        62          0          0          0          0         76   strlen.o
        36          0          0          0          0         80   strstr.o
        74          0          0          0          0         80   sys_stackheap_outer.o
         2          0          0          0          0         68   use_no_semi.o
         2          0          0          0          0         68   use_no_semi_2.o
        36          4          0          0          0         76   vsprintf.o
         4          0          0          0          0         68   printf1.o
         4          0          0          0          0         68   printf2.o
         0          0          0          0          0          0   usenofp.o
        40          0          0          0          0         68   fpclassify.o

    ----------------------------------------------------------------------
      7502        276        554          0         96       4892   Library Totals
        16          0          3          0          0          0   (incl. Padding)

    ----------------------------------------------------------------------

      Code (inc. data)   RO Data    RW Data    ZI Data      Debug   Library Name

      7438        276        551          0         96       4688   c_w.l
         8          0          0          0          0        136   fz_ws.l
        40          0          0          0          0         68   m_ws.l

    ----------------------------------------------------------------------
      7502        276        554          0         96       4892   Library Totals

    ----------------------------------------------------------------------

==============================================================================


      Code (inc. data)   RO Data    RW Data    ZI Data      Debug   

     33132       2462       2248        232    1102552     440547   Grand Totals
     33132       2462       2248        232    1102552     440547   ELF Image Totals
     33132       2462       2248        232          0          0   ROM Totals

==============================================================================

    Total RO  Size (Code + RO Data)                35380 (  34.55kB)
    Total RW  Size (RW Data + ZI Data)           1102784 (1076.94kB)
    Total ROM Size (Code + RO Data + RW Data)      35612 (  34.78kB)

==============================================================================

