Component: ARM Compiler 5.06 update 6 (build 750) Tool: armlink [4d35ed]

==============================================================================

Section Cross References

    main.o(i.main) refers to _printf_percent.o(.ARM.Collect$$_printf_percent$$00000000) for _printf_percent
    main.o(i.main) refers to _printf_d.o(.ARM.Collect$$_printf_percent$$00000009) for _printf_d
    main.o(i.main) refers to _printf_dec.o(.text) for _printf_int_dec
    main.o(i.main) refers to _printf_s.o(.ARM.Collect$$_printf_percent$$00000014) for _printf_s
    main.o(i.main) refers to _printf_str.o(.text) for _printf_str
    main.o(i.main) refers to delay.o(i.delay_init) for delay_init
    main.o(i.main) refers to misc.o(i.NVIC_PriorityGroupConfig) for NVIC_PriorityGroupConfig
    main.o(i.main) refers to usart.o(i.uart_init) for uart_init
    main.o(i.main) refers to led.o(i.LED_Init) for LED_Init
    main.o(i.main) refers to wire.o(i.light_sensor_init) for light_sensor_init
    main.o(i.main) refers to wire.o(i.smoke_sensor_init) for smoke_sensor_init
    main.o(i.main) refers to __2printf.o(.text) for __2printf
    main.o(i.main) refers to delay.o(i.delay_ms) for delay_ms
    main.o(i.main) refers to dht11.o(i.DHT11_Init) for DHT11_Init
    main.o(i.main) refers to usart3.o(i.usart3_init) for usart3_init
    main.o(i.main) refers to common.o(i.atk_8266_send_cmd) for atk_8266_send_cmd
    main.o(i.main) refers to delay.o(i.delay) for delay
    main.o(i.main) refers to strlen.o(.text) for strlen
    main.o(i.main) refers to main.o(i.htonl) for htonl
    main.o(i.main) refers to common.o(i.atk_8266_send_data_neat) for atk_8266_send_data_neat
    main.o(i.main) refers to common.o(i.atk_8266_send_data_neat_large) for atk_8266_send_data_neat_large
    main.o(i.main) refers to dht11.o(i.DHT11_Read_Data) for DHT11_Read_Data
    main.o(i.main) refers to wire.o(i.get_light) for get_light
    main.o(i.main) refers to wire.o(i.get_smoke) for get_smoke
    main.o(i.main) refers to __2sprintf.o(.text) for __2sprintf
    system_stm32f10x.o(i.SetSysClock) refers to system_stm32f10x.o(i.SetSysClockTo72) for SetSysClockTo72
    system_stm32f10x.o(i.SystemCoreClockUpdate) refers to system_stm32f10x.o(.data) for SystemCoreClock
    system_stm32f10x.o(i.SystemInit) refers to system_stm32f10x.o(i.SetSysClock) for SetSysClock
    wire.o(i.get_light) refers to stm32f10x_gpio.o(i.GPIO_ReadInputDataBit) for GPIO_ReadInputDataBit
    wire.o(i.get_smoke) refers to stm32f10x_gpio.o(i.GPIO_ReadInputDataBit) for GPIO_ReadInputDataBit
    wire.o(i.light_sensor_init) refers to stm32f10x_rcc.o(i.RCC_APB2PeriphClockCmd) for RCC_APB2PeriphClockCmd
    wire.o(i.light_sensor_init) refers to stm32f10x_gpio.o(i.GPIO_Init) for GPIO_Init
    wire.o(i.smoke_sensor_init) refers to stm32f10x_rcc.o(i.RCC_APB2PeriphClockCmd) for RCC_APB2PeriphClockCmd
    wire.o(i.smoke_sensor_init) refers to stm32f10x_gpio.o(i.GPIO_Init) for GPIO_Init
    startup_stm32f10x_hd.o(STACK) refers (Special) to heapauxi.o(.text) for __use_two_region_memory
    startup_stm32f10x_hd.o(HEAP) refers (Special) to heapauxi.o(.text) for __use_two_region_memory
    startup_stm32f10x_hd.o(RESET) refers (Special) to heapauxi.o(.text) for __use_two_region_memory
    startup_stm32f10x_hd.o(RESET) refers to startup_stm32f10x_hd.o(STACK) for __initial_sp
    startup_stm32f10x_hd.o(RESET) refers to startup_stm32f10x_hd.o(.text) for Reset_Handler
    startup_stm32f10x_hd.o(RESET) refers to stm32f10x_it.o(i.NMI_Handler) for NMI_Handler
    startup_stm32f10x_hd.o(RESET) refers to stm32f10x_it.o(i.HardFault_Handler) for HardFault_Handler
    startup_stm32f10x_hd.o(RESET) refers to stm32f10x_it.o(i.MemManage_Handler) for MemManage_Handler
    startup_stm32f10x_hd.o(RESET) refers to stm32f10x_it.o(i.BusFault_Handler) for BusFault_Handler
    startup_stm32f10x_hd.o(RESET) refers to stm32f10x_it.o(i.UsageFault_Handler) for UsageFault_Handler
    startup_stm32f10x_hd.o(RESET) refers to stm32f10x_it.o(i.SVC_Handler) for SVC_Handler
    startup_stm32f10x_hd.o(RESET) refers to stm32f10x_it.o(i.DebugMon_Handler) for DebugMon_Handler
    startup_stm32f10x_hd.o(RESET) refers to stm32f10x_it.o(i.PendSV_Handler) for PendSV_Handler
    startup_stm32f10x_hd.o(RESET) refers to stm32f10x_it.o(i.SysTick_Handler) for SysTick_Handler
    startup_stm32f10x_hd.o(RESET) refers to exti.o(i.EXTI0_IRQHandler) for EXTI0_IRQHandler
    startup_stm32f10x_hd.o(RESET) refers to exti.o(i.EXTI3_IRQHandler) for EXTI3_IRQHandler
    startup_stm32f10x_hd.o(RESET) refers to exti.o(i.EXTI4_IRQHandler) for EXTI4_IRQHandler
    startup_stm32f10x_hd.o(RESET) refers to exti.o(i.EXTI9_5_IRQHandler) for EXTI9_5_IRQHandler
    startup_stm32f10x_hd.o(RESET) refers to timer.o(i.TIM3_IRQHandler) for TIM3_IRQHandler
    startup_stm32f10x_hd.o(RESET) refers to usart.o(i.USART1_IRQHandler) for USART1_IRQHandler
    startup_stm32f10x_hd.o(RESET) refers to usart3.o(i.USART3_IRQHandler) for USART3_IRQHandler
[...]
    .text                                    0x080002c0   Section        0  vsprintf.o(.text)
    .text                                    0x080002e4   Section        0  __2printf.o(.text)
    .text                                    0x080002fc   Section        0  __2sprintf.o(.text)
    .text                                    0x08000328   Section        0  _printf_str.o(.text)
    .text                                    0x0800037c   Section        0  _printf_dec.o(.text)
    .text                                    0x080003f4   Section        0  __printf_flags_ss_wp.o(.text)
    .text                                    0x0800057c   Section        0  strstr.o(.text)
    .text                                    0x080005a0   Section        0  strlen.o(.text)
    .text                                    0x080005de   Section        0  heapauxi.o(.text)
    .text                                    0x080005e4   Section        2  use_no_semi.o(.text)
    .text                                    0x080005e6   Section        0  _printf_pad.o(.text)
    .text                                    0x08000634   Section        0  _printf_truncate.o(.text)
    .text                                    0x08000658   Section        0  _printf_intcommon.o(.text)
    .text                                    0x0800070a   Section        0  _printf_charcount.o(.text)
    .text                                    0x08000734   Section        0  _printf_char_common.o(.text)
    _printf_input_char                       0x08000735   Thumb Code    10  _printf_char_common.o(.text)
    .text                                    0x08000764   Section        0  _sputc.o(.text)
    .text                                    0x0800076e   Section        0  _printf_char.o(.text)
    .text                                    0x0800079c   Section        0  _printf_char_file.o(.text)
    .text                                    0x080007c0   Section        0  _printf_wctomb.o(.text)
    .text                                    0x0800087c   Section        0  _printf_longlong_dec.o(.text)
    .text                                    0x080008f8   Section        0  _printf_oct_int_ll.o(.text)
    _printf_longlong_oct_internal            0x080008f9   Thumb Code     0  _printf_oct_int_ll.o(.text)
    .text                                    0x08000968   Section        0  _printf_hex_int_ll_ptr.o(.text)
    _printf_hex_common                       0x08000969   Thumb Code     0  _printf_hex_int_ll_ptr.o(.text)
    .text                                    0x080009fc   Section      138  lludiv10.o(.text)
    .text                                    0x08000a86   Section        0  _printf_fp_dec.o(.text)
    _fp_digits                               0x08000a89   Thumb Code   432  _printf_fp_dec.o(.text)
    .text                                    0x08000ea4   Section        0  _printf_fp_hex.o(.text)
    .text                                    0x080011a0   Section        0  _printf_wchar.o(.text)
    .text                                    0x080011cc   Section        0  ferror.o(.text)
    .text                                    0x080011d4   Section        0  _wcrtomb.o(.text)
    .text                                    0x08001214   Section       74  sys_stackheap_outer.o(.text)
    .text                                    0x08001260   Section       16  rt_ctype_table.o(.text)
    .text                                    0x08001270   Section        8  rt_locale_intlibspace.o(.text)
    .text                                    0x08001278   Section        0  _printf_fp_infnan.o(.text)
    .text                                    0x080012f8   Section        0  bigflt0.o(.text)
    .text                                    0x080013dc   Section        0  exit.o(.text)
    .text                                    0x080013f0   Section        8  libspace.o(.text)
    .text                                    0x080013f8   Section      128  strcmpv7m.o(.text)
    CL$$btod_d2e                             0x08001478   Section       62  btod.o(CL$$btod_d2e)
    CL$$btod_d2e_denorm_low                  0x080014b6   Section       70  btod.o(CL$$btod_d2e_denorm_low)
    CL$$btod_d2e_norm_op1                    0x080014fc   Section       96  btod.o(CL$$btod_d2e_norm_op1)
    CL$$btod_div_common                      0x0800155c   Section      824  btod.o(CL$$btod_div_common)
    CL$$btod_e2e                             0x08001894   Section      220  btod.o(CL$$btod_e2e)
    CL$$btod_ediv                            0x08001970   Section       42  btod.o(CL$$btod_ediv)
    CL$$btod_emul                            0x0800199a   Section       42  btod.o(CL$$btod_emul)
    CL$$btod_mult_common                     0x080019c4   Section      580  btod.o(CL$$btod_mult_common)
    $Ven$TT$L$$                              0x08001c09   Thumb Code    10  anon$$obj.o(Veneer$$Code)
    i.BusFault_Handler                       0x08001c12   Section        0  stm32f10x_it.o(i.BusFault_Handler)
    i.CmdResp1Error                          0x08001c18   Section        0  sdio_sdcard.o(i.CmdResp1Error)
    i.DHT11_Check                            0x08001c78   Section        0  dht11.o(i.DHT11_Check)
    i.DHT11_Init                             0x08001cdc   Section        0  dht11.o(i.DHT11_Init)
    i.DHT11_Read_Bit                         0x08001d1c   Section        0  dht11.o(i.DHT11_Read_Bit)
    i.DHT11_Read_Byte                        0x08001d68   Section        0  dht11.o(i.DHT11_Read_Byte)
    i.DHT11_Read_Data                        0x08001d86   Section        0  dht11.o(i.DHT11_Read_Data)
    i.DHT11_Rst                              0x08001df0   Section        0  dht11.o(i.DHT11_Rst)
    i.DebugMon_Handler                       0x08001e30   Section        0  stm32f10x_it.o(i.DebugMon_Handler)
    i.EXTI0_IRQHandler                       0x08001e34   Section        0  exti.o(i.EXTI0_IRQHandler)
    i.EXTI3_IRQHandler                       0x08001e68   Section        0  exti.o(i.EXTI3_IRQHandler)
    i.EXTI4_IRQHandler                       0x08001e9c   Section        0  exti.o(i.EXTI4_IRQHandler)
    i.EXTI9_5_IRQHandler                     0x08001ed0   Section        0  exti.o(i.EXTI9_5_IRQHandler)
    i.EXTI_ClearITPendingBit                 0x08001f3c   Section        0  stm32f10x_exti.o(i.EXTI_ClearITPendingBit)
    i.EXTI_GetITStatus                       0x08001f48   Section        0  stm32f10x_exti.o(i.EXTI_GetITStatus)
    i.GPIO_Init                              0x08001f70   Section        0  stm32f10x_gpio.o(i.GPIO_Init)
    i.GPIO_ReadInputDataBit                  0x08002086   Section        0  stm32f10x_gpio.o(i.GPIO_ReadInputDataBit)
    i.GPIO_SetBits                           0x08002098   Section        0  stm32f10x_gpio.o(i.GPIO_SetBits)
    i.HardFault_Handler                      0x0800209c   Section        0  stm32f10x_it.o(i.HardFault_Handler)
    i.LED_Init                               0x080020a0   Section        0  led.o(i.LED_Init)
    i.MemManage_Handler                      0x080020ec   Section        0  stm32f10x_it.o(i.MemManage_Handler)
    i.NMI_Handler                            0x080020f0   Section        0  stm32f10x_it.o(i.NMI_Handler)
    i.NVIC_Init                              0x080020f4   Section        0  misc.o(i.NVIC_Init)
    i.NVIC_PriorityGroupConfig               0x08002164   Section        0  misc.o(i.NVIC_PriorityGroupConfig)
    i.PendSV_Handler                         0x08002178   Section        0  stm32f10x_it.o(i.PendSV_Handler)
    i.RCC_APB1PeriphClockCmd                 0x0800217c   Section        0  stm32f10x_rcc.o(i.RCC_APB1PeriphClockCmd)
    i.RCC_APB1PeriphResetCmd                 0x0800219c   Section        0  stm32f10x_rcc.o(i.RCC_APB1PeriphResetCmd)
    i.RCC_APB2PeriphClockCmd                 0x080021bc   Section        0  stm32f10x_rcc.o(i.RCC_APB2PeriphClockCmd)
    i.RCC_APB2PeriphResetCmd                 0x080021dc   Section        0  stm32f10x_rcc.o(i.RCC_APB2PeriphResetCmd)
    i.RCC_GetClocksFreq                      0x080021fc   Section        0  stm32f10x_rcc.o(i.RCC_GetClocksFreq)
    i.SDIO_ClearFlag                         0x080022d0   Section        0  stm32f10x_sdio.o(i.SDIO_ClearFlag)
    i.SDIO_GetFlagStatus                     0x080022dc   Section        0  stm32f10x_sdio.o(i.SDIO_GetFlagStatus)
    i.SDIO_IRQHandler                        0x080022f4   Section        0  sdio_sdcard.o(i.SDIO_IRQHandler)
    i.SDIO_SendCommand                       0x080022fc   Section        0  stm32f10x_sdio.o(i.SDIO_SendCommand)
    i.SD_ProcessIRQSrc                       0x08002328   Section        0  sdio_sdcard.o(i.SD_ProcessIRQSrc)
    i.SVC_Handler                            0x08002464   Section        0  stm32f10x_it.o(i.SVC_Handler)
    i.SetSysClock                            0x08002466   Section        0  system_stm32f10x.o(i.SetSysClock)
    SetSysClock                              0x08002467   Thumb Code     8  system_stm32f10x.o(i.SetSysClock)
    i.SetSysClockTo72                        0x08002470   Section        0  system_stm32f10x.o(i.SetSysClockTo72)
    SetSysClockTo72                          0x08002471   Thumb Code   214  system_stm32f10x.o(i.SetSysClockTo72)
    i.SysTick_CLKSourceConfig                0x08002550   Section        0  misc.o(i.SysTick_CLKSourceConfig)
    i.SysTick_Handler                        0x08002578   Section        0  stm32f10x_it.o(i.SysTick_Handler)
    i.SystemInit                             0x0800257c   Section        0  system_stm32f10x.o(i.SystemInit)
    i.TIM3_IRQHandler                        0x080025dc   Section        0  timer.o(i.TIM3_IRQHandler)
    i.TIM5_IRQHandler                        0x0800260c   Section        0  timer.o(i.TIM5_IRQHandler)
    i.TIM6_IRQHandler                        0x080026cc   Section        0  timer.o(i.TIM6_IRQHandler)
    i.TIM7_IRQHandler                        0x08002704   Section        0  timer.o(i.TIM7_IRQHandler)
    i.TIM7_Int_Init                          0x08002760   Section        0  timer.o(i.TIM7_Int_Init)
    i.TIM_ClearITPendingBit                  0x080027c0   Section        0  stm32f10x_tim.o(i.TIM_ClearITPendingBit)
    i.TIM_Cmd                                0x080027c6   Section        0  stm32f10x_tim.o(i.TIM_Cmd)
    i.TIM_GetCapture1                        0x080027de   Section        0  stm32f10x_tim.o(i.TIM_GetCapture1)
    i.TIM_GetITStatus                        0x080027e4   Section        0  stm32f10x_tim.o(i.TIM_GetITStatus)
    i.TIM_ITConfig                           0x08002806   Section        0  stm32f10x_tim.o(i.TIM_ITConfig)
    i.TIM_OC1PolarityConfig                  0x08002818   Section        0  stm32f10x_tim.o(i.TIM_OC1PolarityConfig)
    i.TIM_SetCounter                         0x0800282a   Section        0  stm32f10x_tim.o(i.TIM_SetCounter)
    i.TIM_TimeBaseInit                       0x08002830   Section        0  stm32f10x_tim.o(i.TIM_TimeBaseInit)
    i.USART1_IRQHandler                      0x080028d4   Section        0  usart.o(i.USART1_IRQHandler)
    i.USART3_IRQHandler                      0x0800295c   Section        0  usart3.o(i.USART3_IRQHandler)
    i.USART_Cmd                              0x08002a14   Section        0  stm32f10x_usart.o(i.USART_Cmd)
    i.USART_DeInit                           0x08002a2c   Section        0  stm32f10x_usart.o(i.USART_DeInit)
    i.USART_GetFlagStatus                    0x08002ac8   Section        0  stm32f10x_usart.o(i.USART_GetFlagStatus)
    i.USART_GetITStatus                      0x08002ae2   Section        0  stm32f10x_usart.o(i.USART_GetITStatus)
    i.USART_ITConfig                         0x08002b36   Section        0  stm32f10x_usart.o(i.USART_ITConfig)
    i.USART_Init                             0x08002b80   Section        0  stm32f10x_usart.o(i.USART_Init)
    i.USART_ReceiveData                      0x08002c58   Section        0  stm32f10x_usart.o(i.USART_ReceiveData)
    i.USART_SendData                         0x08002c62   Section        0  stm32f10x_usart.o(i.USART_SendData)
    i.UsageFault_Handler                     0x08002c6a   Section        0  stm32f10x_it.o(i.UsageFault_Handler)
    i.__ARM_fpclassify                       0x08002c6e   Section        0  fpclassify.o(i.__ARM_fpclassify)
    i._is_digit                              0x08002c96   Section        0  __printf_wp.o(i._is_digit)
    i._sys_exit                              0x08002ca4   Section        0  usart.o(i._sys_exit)
    i.atk_8266_check_cmd                     0x08002ca8   Section        0  common.o(i.atk_8266_check_cmd)
    i.atk_8266_send_cmd                      0x08002cd4   Section        0  common.o(i.atk_8266_send_cmd)
    i.atk_8266_send_data_neat                0x08002ea4   Section        0  common.o(i.atk_8266_send_data_neat)
    i.atk_8266_send_data_neat_large          0x08003094   Section        0  common.o(i.atk_8266_send_data_neat_large)
    i.delay                                  0x08003120   Section        0  delay.o(i.delay)
    i.delay_init                             0x08003138   Section        0  delay.o(i.delay_init)
    i.delay_ms                               0x0800317c   Section        0  delay.o(i.delay_ms)
    i.delay_us                               0x080031c8   Section        0  delay.o(i.delay_us)
    i.fputc                                  0x08003214   Section        0  usart.o(i.fputc)
    i.get_light                              0x08003230   Section        0  wire.o(i.get_light)
    i.get_smoke                              0x08003244   Section        0  wire.o(i.get_smoke)
    i.htonl                                  0x08003258   Section        0  main.o(i.htonl)
    i.light_sensor_init                      0x08003274   Section        0  wire.o(i.light_sensor_init)
    i.main                                   0x080032a0   Section        0  main.o(i.main)
    i.smoke_sensor_init                      0x08003600   Section        0  wire.o(i.smoke_sensor_init)
    i.u3_printf                              0x0800362c   Section        0  usart3.o(i.u3_printf)
    i.u3_printf_neat                         0x0800367c   Section        0  usart3.o(i.u3_printf_neat)
    i.uart_init                              0x080036c4   Section        0  usart.o(i.uart_init)
    i.usart3_init                            0x08003764   Section        0  usart3.o(i.usart3_init)
    locale$$code                             0x08003834   Section       44  lc_numeric_c.o(locale$$code)
    locale$$code                             0x08003860   Section       44  lc_ctype_c.o(locale$$code)
    x$fpl$printf1                            0x0800388c   Section        4  printf1.o(x$fpl$printf1)
    x$fpl$printf2                            0x08003890   Section        4  printf2.o(x$fpl$printf2)
    .constdata                               0x08003894   Section       17  __printf_flags_ss_wp.o(.constdata)
    x$fpl$usenofp                            0x08003894   Section        0  usenofp.o(x$fpl$usenofp)
    maptable                                 0x08003894   Data          17  __printf_flags_ss_wp.o(.constdata)
    .constdata                               0x080038a8   Section        8  _printf_wctomb.o(.constdata)
    initial_mbstate                          0x080038a8   Data           8  _printf_wctomb.o(.constdata)
    .constdata                               0x080038b0   Section       40  _printf_hex_int_ll_ptr.o(.constdata)
    uc_hextab                                0x080038b0   Data          20  _printf_hex_int_ll_ptr.o(.constdata)
    lc_hextab                                0x080038c4   Data          20  _printf_hex_int_ll_ptr.o(.constdata)
    .constdata                               0x080038d8   Section       38  _printf_fp_hex.o(.constdata)
    lc_hextab                                0x080038d8   Data          19  _printf_fp_hex.o(.constdata)
    uc_hextab                                0x080038eb   Data          19  _printf_fp_hex.o(.constdata)
    .constdata                               0x08003900   Section      148  bigflt0.o(.constdata)
    tenpwrs_x                                0x08003900   Data          60  bigflt0.o(.constdata)
    tenpwrs_i                                0x0800393c   Data          64  bigflt0.o(.constdata)
    locale$$data                             0x080039b4   Section       28  lc_numeric_c.o(locale$$data)
    __lcnum_c_name                           0x080039b8   Data           2  lc_numeric_c.o(locale$$data)
    __lcnum_c_start                          0x080039c0   Data           0  lc_numeric_c.o(locale$$data)
    __lcnum_c_point                          0x080039cc   Data           0  lc_numeric_c.o(locale$$data)
    __lcnum_c_thousands                      0x080039ce   Data           0  lc_numeric_c.o(locale$$data)
    __lcnum_c_grouping                       0x080039cf   Data           0  lc_numeric_c.o(locale$$data)
    locale$$data                             0x080039d0   Section      272  lc_ctype_c.o(locale$$data)
    __lcnum_c_end                            0x080039d0   Data           0  lc_numeric_c.o(locale$$data)
    __lcctype_c_name                         0x080039d4   Data           2  lc_ctype_c.o(locale$$data)
    __lcctype_c_start                        0x080039dc   Data           0  lc_ctype_c.o(locale$$data)
    __lcctype_c_end                          0x08003ae0   Data           0  lc_ctype_c.o(locale$$data)
    .data                                    0x20000000   Section       20  system_stm32f10x.o(.data)
    [Anonymous Symbol]                       0x20000001   Thumb Code     0  startup_stm32f10x_hd.o ABSOLUTE
    .data                                    0x20000014   Section        4  delay.o(.data)
    fac_us                                   0x20000014   Data           1  delay.o(.data)
    fac_ms                                   0x20000016   Data           2  delay.o(.data)
    .data                                    0x20000018   Section        6  usart.o(.data)
    .data                                    0x20000020   Section       16  sdio_sdcard.o(.data)
    CardType                                 0x20000020   Data           1  sdio_sdcard.o(.data)
    RCA                                      0x20000024   Data           4  sdio_sdcard.o(.data)
    DeviceMode                               0x20000028   Data           1  sdio_sdcard.o(.data)
    StopCondition                            0x20000029   Data           1  sdio_sdcard.o(.data)
    .data                                    0x20000030   Section        4  timer.o(.data)
    .data                                    0x20000034   Section        8  usart3.o(.data)
    .data                                    0x2000003c   Section        1  exti.o(.data)
    .data                                    0x2000003d   Section       20  stm32f10x_rcc.o(.data)
    APBAHBPrescTable                         0x2000003d   Data          16  stm32f10x_rcc.o(.data)
    ADCPrescTable                            0x2000004d   Data           4  stm32f10x_rcc.o(.data)
    .data                                    0x20000054   Section        4  common.o(.data)
    sendno                                   0x20000054   Data           4  common.o(.data)
    .bss                                     0x20000058   Section      200  usart.o(.bss)
    .bss                                     0x20000120   Section      704  sdio_sdcard.o(.bss)
    CSD_Tab                                  0x20000164   Data          16  sdio_sdcard.o(.bss)
    CID_Tab                                  0x20000174   Data          16  sdio_sdcard.o(.bss)
    .bss                                     0x200003e0   Section    12002  usart3.o(.bss)
    .bss                                     0x200032c4   Section       96  libspace.o(.bss)
    HEAP                                     0x20003328   Section      512  startup_stm32f10x_hd.o(HEAP)
    Heap_Mem                                 0x20003328   Data         512  startup_stm32f10x_hd.o(HEAP)
    STACK                                    0x20003528   Section     1024  startup_stm32f10x_hd.o(STACK)
    Stack_Mem                                0x20003528   Data        1024  startup_stm32f10x_hd.o(STACK)
    __initial_sp                             0x20003928   Data           0  startup_stm32f10x_hd.o(STACK)

    Global Symbols

    Symbol Name                              Value     Ov Type        Size  Object(Section)

    BuildAttributes$$THM_ISAv4$P$D$K$B$S$PE$A:L22UL41UL21$X:L11$S22US41US21$IEEE1$IW$USESV6$~STKCKD$USESV7$~SHL$OTIME$ROPI$IEEEJ$EBA8$UX$STANDARDLIB$REQ8$PRES8$EABIv2 0x00000000   Number         0  anon$$obj.o ABSOLUTE
    __ARM_use_no_argv                        0x00000000   Number         0  main.o ABSOLUTE
    _printf_flags                            0x00000000   Number         0  printf_stubs.o ABSOLUTE
    _printf_return_value                     0x00000000   Number         0  printf_stubs.o ABSOLUTE
    _printf_sizespec                         0x00000000   Number         0  printf_stubs.o ABSOLUTE
    _printf_widthprec                        0x00000000   Number         0  printf_stubs.o ABSOLUTE
    __ARM_exceptions_init                     - Undefined Weak Reference
    __alloca_initialize                       - Undefined Weak Reference
    __arm_preinit_                            - Undefined Weak Reference
    __cpp_initialize__aeabi_                  - Undefined Weak Reference
    __cxa_finalize                            - Undefined Weak Reference
    __sigvec_lookup                           - Undefined Weak Reference
    _atexit_init                              - Undefined Weak Reference
    _call_atexit_fns                          - Undefined Weak Reference
    _clock_init                               - Undefined Weak Reference
    _fp_trap_init                             - Undefined Weak Reference
    _fp_trap_shutdown                         - Undefined Weak Reference
    _get_lc_collate                           - Undefined Weak Reference
    _get_lc_monetary                          - Undefined Weak Reference
    _get_lc_time                              - Undefined Weak Reference
    _getenv_init                              - Undefined Weak Reference
    _handle_redirection                       - Undefined Weak Reference
    _init_alloc                               - Undefined Weak Reference
    _init_user_alloc                          - Undefined Weak Reference
    _initio                                   - Undefined Weak Reference
    _mutex_acquire                            - Undefined Weak Reference
    _mutex_release                            - Undefined Weak Reference
    _printf_mbtowc                            - Undefined Weak Reference
    _printf_wc                                - Undefined Weak Reference
    _rand_init                                - Undefined Weak Reference
    _signal_finish                            - Undefined Weak Reference
    _signal_init                              - Undefined Weak Reference
    _terminate_alloc                          - Undefined Weak Reference
    _terminate_user_alloc                     - Undefined Weak Reference
    _terminateio                              - Undefined Weak Reference
    __Vectors_Size                           0x00000130   Number         0  startup_stm32f10x_hd.o ABSOLUTE
    __Vectors                                0x08000000   Data           4  startup_stm32f10x_hd.o(RESET)
    __Vectors_End                            0x08000130   Data           0  startup_stm32f10x_hd.o(RESET)
    __main                                   0x08000131   Thumb Code     8  __main.o(!!!main)
    __scatterload                            0x08000139   Thumb Code     0  __scatter.o(!!!scatter)
    __scatterload_rt2                        0x08000139   Thumb Code    44  __scatter.o(!!!scatter)
    __scatterload_rt2_thumb_only             0x08000139   Thumb Code     0  __scatter.o(!!!scatter)
    __scatterload_null                       0x08000147   Thumb Code     0  __scatter.o(!!!scatter)
    __scatterload_copy                       0x0800016d   Thumb Code    26  __scatter_copy.o(!!handler_copy)
    __scatterload_zeroinit                   0x08000189   Thumb Code    28  __scatter_zi.o(!!handler_zi)
    _printf_n                                0x080001a5   Thumb Code     0  _printf_n.o(.ARM.Collect$$_printf_percent$$00000001)
    _printf_percent                          0x080001a5   Thumb Code     0  _printf_percent.o(.ARM.Collect$$_printf_percent$$00000000)
    _printf_p                                0x080001ab   Thumb Code     0  _printf_p.o(.ARM.Collect$$_printf_percent$$00000002)
    _printf_f                                0x080001b1   Thumb Code     0  _printf_f.o(.ARM.Collect$$_printf_percent$$00000003)
    _printf_e                                0x080001b7   Thumb Code     0  _printf_e.o(.ARM.Collect$$_printf_percent$$00000004)
    _printf_g                                0x080001bd   Thumb Code     0  _printf_g.o(.ARM.Collect$$_printf_percent$$00000005)
    _printf_a                                0x080001c3   Thumb Code     0  _printf_a.o(.ARM.Collect$$_printf_percent$$00000006)
    _printf_ll                               0x080001c9   Thumb Code     0  _printf_ll.o(.ARM.Collect$$_printf_percent$$00000007)
    _printf_i                                0x080001d3   Thumb Code     0  _printf_i.o(.ARM.Collect$$_printf_percent$$00000008)
    _printf_d                                0x080001d9   Thumb Code     0  _printf_d.o(.ARM.Collect$$_printf_percent$$00000009)
    _printf_u                                0x080001df   Thumb Code     0  _printf_u.o(.ARM.Collect$$_printf_percent$$0000000A)
    _printf_o                                0x080001e5   Thumb Code     0  _printf_o.o(.ARM.Collect$$_printf_percent$$0000000B)
    _printf_x                                0x080001eb   Thumb Code     0  _printf_x.o(.ARM.Collect$$_printf_percent$$0000000C)
    _printf_lli                              0x080001f1   Thumb Code     0  _printf_lli.o(.ARM.Collect$$_printf_percent$$0000000D)
    _printf_lld                              0x080001f7   Thumb Code     0  _printf_lld.o(.ARM.Collect$$_printf_percent$$0000000E)
    _printf_llu                              0x080001fd   Thumb Code     0  _printf_llu.o(.ARM.Collect$$_printf_percent$$0000000F)
    _printf_llo                              0x08000203   Thumb Code     0  _printf_llo.o(.ARM.Collect$$_printf_percent$$00000010)
    _printf_llx                              0x08000209   Thumb Code     0  _printf_llx.o(.ARM.Collect$$_printf_percent$$00000011)
    _printf_l                                0x0800020f   Thumb Code     0  _printf_l.o(.ARM.Collect$$_printf_percent$$00000012)
    _printf_c                                0x08000219   Thumb Code     0  _printf_c.o(.ARM.Collect$$_printf_percent$$00000013)
    _printf_s                                0x0800021f   Thumb Code     0  _printf_s.o(.ARM.Collect$$_printf_percent$$00000014)
    _printf_lc                               0x08000225   Thumb Code     0  _printf_lc.o(.ARM.Collect$$_printf_percent$$00000015)
    _printf_ls                               0x0800022b   Thumb Code     0  _printf_ls.o(.ARM.Collect$$_printf_percent$$00000016)
    _printf_percent_end                      0x08000231   Thumb Code     0  _printf_percent_end.o(.ARM.Collect$$_printf_percent$$00000017)
    __rt_lib_init                            0x08000235   Thumb Code     0  libinit.o(.ARM.Collect$$libinit$$00000000)
    __rt_lib_init_fp_1                       0x08000237   Thumb Code     0  libinit2.o(.ARM.Collect$$libinit$$00000002)
    __rt_lib_init_heap_1                     0x08000237   Thumb Code     0  libinit2.o(.ARM.Collect$$libinit$$0000000A)
    __rt_lib_init_lc_common                  0x08000237   Thumb Code     0  libinit2.o(.ARM.Collect$$libinit$$0000000F)
    __rt_lib_init_preinit_1                  0x08000237   Thumb Code     0  libinit2.o(.ARM.Collect$$libinit$$00000004)
    __rt_lib_init_rand_1                     0x08000237   Thumb Code     0  libinit2.o(.ARM.Collect$$libinit$$0000000E)
    __rt_lib_init_user_alloc_1               0x08000237   Thumb Code     0  libinit2.o(.ARM.Collect$$libinit$$0000000C)
    __rt_lib_init_lc_collate_1               0x0800023d   Thumb Code     0  libinit2.o(.ARM.Collect$$libinit$$00000011)
    __rt_lib_init_lc_ctype_2                 0x0800023d   Thumb Code     0  libinit2.o(.ARM.Collect$$libinit$$00000012)
    __rt_lib_init_lc_ctype_1                 0x08000249   Thumb Code     0  libinit2.o(.ARM.Collect$$libinit$$00000013)
    __rt_lib_init_lc_monetary_1              0x08000249   Thumb Code     0  libinit2.o(.ARM.Collect$$libinit$$00000015)
    __rt_lib_init_lc_numeric_2               0x08000249   Thumb Code     0  libinit2.o(.ARM.Collect$$libinit$$00000016)
    __rt_lib_init_alloca_1                   0x08000253   Thumb Code     0  libinit2.o(.ARM.Collect$$libinit$$0000002E)
    __rt_lib_init_argv_1                     0x08000253   Thumb Code     0  libinit2.o(.ARM.Collect$$libinit$$0000002C)
    __rt_lib_init_atexit_1                   0x08000253   Thumb Code     0  libinit2.o(.ARM.Collect$$libinit$$0000001B)
    __rt_lib_init_clock_1                    0x08000253   Thumb Code     0  libinit2.o(.ARM.Collect$$libinit$$00000021)
    __rt_lib_init_cpp_1                      0x08000253   Thumb Code     0  libinit2.o(.ARM.Collect$$libinit$$00000032)
    __rt_lib_init_exceptions_1               0x08000253   Thumb Code     0  libinit2.o(.ARM.Collect$$libinit$$00000030)
    __rt_lib_init_fp_trap_1                  0x08000253   Thumb Code     0  libinit2.o(.ARM.Collect$$libinit$$0000001F)
    __rt_lib_init_getenv_1                   0x08000253   Thumb Code     0  libinit2.o(.ARM.Collect$$libinit$$00000023)
    __rt_lib_init_lc_numeric_1               0x08000253   Thumb Code     0  libinit2.o(.ARM.Collect$$libinit$$00000017)
    __rt_lib_init_lc_time_1                  0x08000253   Thumb Code     0  libinit2.o(.ARM.Collect$$libinit$$00000019)
    __rt_lib_init_return                     0x08000253   Thumb Code     0  libinit2.o(.ARM.Collect$$libinit$$00000033)
    __rt_lib_init_signal_1                   0x08000253   Thumb Code     0  libinit2.o(.ARM.Collect$$libinit$$0000001D)
    __rt_lib_init_stdio_1                    0x08000253   Thumb Code     0  libinit2.o(.ARM.Collect$$libinit$$00000025)
    __rt_lib_shutdown                        0x08000255   Thumb Code     0  libshutdown.o(.ARM.Collect$$libshutdown$$00000000)
    __rt_lib_shutdown_cpp_1                  0x08000257   Thumb Code     0  libshutdown2.o(.ARM.Collect$$libshutdown$$00000002)
    __rt_lib_shutdown_fp_trap_1              0x08000257   Thumb Code     0  libshutdown2.o(.ARM.Collect$$libshutdown$$00000007)
    __rt_lib_shutdown_heap_1                 0x08000257   Thumb Code     0  libshutdown2.o(.ARM.Collect$$libshutdown$$0000000F)
    __rt_lib_shutdown_return                 0x08000257   Thumb Code     0  libshutdown2.o(.ARM.Collect$$libshutdown$$00000010)
    __rt_lib_shutdown_signal_1               0x08000257   Thumb Code     0  libshutdown2.o(.ARM.Collect$$libshutdown$$0000000A)
    __rt_lib_shutdown_stdio_1                0x08000257   Thumb Code     0  libshutdown2.o(.ARM.Collect$$libshutdown$$00000004)
    __rt_lib_shutdown_user_alloc_1           0x08000257   Thumb Code     0  libshutdown2.o(.ARM.Collect$$libshutdown$$0000000C)
    __rt_entry                               0x08000259   Thumb Code     0  __rtentry.o(.ARM.Collect$$rtentry$$00000000)
    __rt_entry_presh_1                       0x08000259   Thumb Code     0  __rtentry2.o(.ARM.Collect$$rtentry$$00000002)
    __rt_entry_sh                            0x08000259   Thumb Code     0  __rtentry4.o(.ARM.Collect$$rtentry$$00000004)
    __rt_entry_li                            0x0800025f   Thumb Code     0  __rtentry2.o(.ARM.Collect$$rtentry$$0000000A)
    __rt_entry_postsh_1                      0x0800025f   Thumb Code     0  __rtentry2.o(.ARM.Collect$$rtentry$$00000009)
    __rt_entry_main                          0x08000263   Thumb Code     0  __rtentry2.o(.ARM.Collect$$rtentry$$0000000D)
    __rt_entry_postli_1                      0x08000263   Thumb Code     0  __rtentry2.o(.ARM.Collect$$rtentry$$0000000C)
    __rt_exit                                0x0800026b   Thumb Code     0  rtexit.o(.ARM.Collect$$rtexit$$00000000)
    __rt_exit_ls                             0x0800026d   Thumb Code     0  rtexit2.o(.ARM.Collect$$rtexit$$00000003)
    __rt_exit_prels_1                        0x0800026d   Thumb Code     0  rtexit2.o(.ARM.Collect$$rtexit$$00000002)
    __rt_exit_exit                           0x08000271   Thumb Code     0  rtexit2.o(.ARM.Collect$$rtexit$$00000004)
    Reset_Handler                            0x0800027d   Thumb Code     8  startup_stm32f10x_hd.o(.text)
    ADC1_2_IRQHandler                        0x08000297   Thumb Code     0  startup_stm32f10x_hd.o(.text)
    ADC3_IRQHandler                          0x08000297   Thumb Code     0  startup_stm32f10x_hd.o(.text)
    CAN1_RX1_IRQHandler                      0x08000297   Thumb Code     0  startup_stm32f10x_hd.o(.text)
    CAN1_SCE_IRQHandler                      0x08000297   Thumb Code     0  startup_stm32f10x_hd.o(.text)
    DMA1_Channel1_IRQHandler                 0x08000297   Thumb Code     0  startup_stm32f10x_hd.o(.text)
    DMA1_Channel2_IRQHandler                 0x08000297   Thumb Code     0  startup_stm32f10x_hd.o(.text)
    DMA1_Channel3_IRQHandler                 0x08000297   Thumb Code     0  startup_stm32f10x_hd.o(.text)
    DMA1_Channel4_IRQHandler                 0x08000297   Thumb Code     0  startup_stm32f10x_hd.o(.text)
    DMA1_Channel5_IRQHandler                 0x08000297   Thumb Code     0  startup_stm32f10x_hd.o(.text)
    DMA1_Channel6_IRQHandler                 0x08000297   Thumb Code     0  startup_stm32f10x_hd.o(.text)
    DMA1_Channel7_IRQHandler                 0x08000297   Thumb Code     0  startup_stm32f10x_hd.o(.text)
    DMA2_Channel1_IRQHandler                 0x08000297   Thumb Code     0  startup_stm32f10x_hd.o(.text)
    DMA2_Channel2_IRQHandler                 0x08000297   Thumb Code     0  startup_stm32f10x_hd.o(.text)
    DMA2_Channel3_IRQHandler                 0x08000297   Thumb Code     0  startup_stm32f10x_hd.o(.text)
    DMA2_Channel4_5_IRQHandler               0x08000297   Thumb Code     0  startup_stm32f10x_hd.o(.text)
    EXTI15_10_IRQHandler                     0x08000297   Thumb Code     0  startup_stm32f10x_hd.o(.text)
    EXTI1_IRQHandler                         0x08000297   Thumb Code     0  startup_stm32f10x_hd.o(.text)
    EXTI2_IRQHandler                         0x08000297   Thumb Code     0  startup_stm32f10x_hd.o(.text)
    FLASH_IRQHandler                         0x08000297   Thumb Code     0  startup_stm32f10x_hd.o(.text)
    FSMC_IRQHandler                          0x08000297   Thumb Code     0  startup_stm32f10x_hd.o(.text)
    I2C1_ER_IRQHandler                       0x08000297   Thumb Code     0  startup_stm32f10x_hd.o(.text)
    I2C1_EV_IRQHandler                       0x08000297   Thumb Code     0  startup_stm32f10x_hd.o(.text)
    I2C2_ER_IRQHandler                       0x08000297   Thumb Code     0  startup_stm32f10x_hd.o(.text)
    I2C2_EV_IRQHandler                       0x08000297   Thumb Code     0  startup_stm32f10x_hd.o(.text)
    PVD_IRQHandler                           0x08000297   Thumb Code     0  startup_stm32f10x_hd.o(.text)
    RCC_IRQHandler                           0x08000297   Thumb Code     0  startup_stm32f10x_hd.o(.text)
    RTCAlarm_IRQHandler                      0x08000297   Thumb Code     0  startup_stm32f10x_hd.o(.text)
    RTC_IRQHandler                           0x08000297   Thumb Code     0  startup_stm32f10x_hd.o(.text)
    SPI1_IRQHandler                          0x08000297   Thumb Code     0  startup_stm32f10x_hd.o(.text)
    SPI2_IRQHandler                          0x08000297   Thumb Code     0  startup_stm32f10x_hd.o(.text)
    SPI3_IRQHandler                          0x08000297   Thumb Code     0  startup_stm32f10x_hd.o(.text)
    TAMPER_IRQHandler                        0x08000297   Thumb Code     0  startup_stm32f10x_hd.o(.text)
    TIM1_BRK_IRQHandler                      0x08000297   Thumb Code     0  startup_stm32f10x_hd.o(.text)
    TIM1_CC_IRQHandler                       0x08000297   Thumb Code     0  startup_stm32f10x_hd.o(.text)
    TIM1_TRG_COM_IRQHandler                  0x08000297   Thumb Code     0  startup_stm32f10x_hd.o(.text)
    TIM1_UP_IRQHandler                       0x08000297   Thumb Code     0  startup_stm32f10x_hd.o(.text)
    TIM2_IRQHandler                          0x08000297   Thumb Code     0  startup_stm32f10x_hd.o(.text)
    TIM4_IRQHandler                          0x08000297   Thumb Code     0  startup_stm32f10x_hd.o(.text)
    TIM8_BRK_IRQHandler                      0x08000297   Thumb Code     0  startup_stm32f10x_hd.o(.text)
    TIM8_CC_IRQHandler                       0x08000297   Thumb Code     0  startup_stm32f10x_hd.o(.text)
    TIM8_TRG_COM_IRQHandler                  0x08000297   Thumb Code     0  startup_stm32f10x_hd.o(.text)
    TIM8_UP_IRQHandler                       0x08000297   Thumb Code     0  startup_stm32f10x_hd.o(.text)
    UART4_IRQHandler                         0x08000297   Thumb Code     0  startup_stm32f10x_hd.o(.text)
    UART5_IRQHandler                         0x08000297   Thumb Code     0  startup_stm32f10x_hd.o(.text)
    USART2_IRQHandler                        0x08000297   Thumb Code     0  startup_stm32f10x_hd.o(.text)
    USBWakeUp_IRQHandler                     0x08000297   Thumb Code     0  startup_stm32f10x_hd.o(.text)
    USB_HP_CAN1_TX_IRQHandler                0x08000297   Thumb Code     0  startup_stm32f10x_hd.o(.text)
    USB_LP_CAN1_RX0_IRQHandler               0x08000297   Thumb Code     0  startup_stm32f10x_hd.o(.text)
    WWDG_IRQHandler                          0x08000297   Thumb Code     0  startup_stm32f10x_hd.o(.text)
    __user_initial_stackheap                 0x08000299   Thumb Code     0  startup_stm32f10x_hd.o(.text)
    __use_no_semihosting                     0x080002bd   Thumb Code     2  use_no_semi_2.o(.text)
    vsprintf                                 0x080002c1   Thumb Code    32  vsprintf.o(.text)
    __2printf                                0x080002e5   Thumb Code    20  __2printf.o(.text)
    __2sprintf                               0x080002fd   Thumb Code    38  __2sprintf.o(.text)
    _printf_str                              0x08000329   Thumb Code    82  _printf_str.o(.text)
    _printf_int_dec                          0x0800037d   Thumb Code   104  _printf_dec.o(.text)
    __printf                                 0x080003f5   Thumb Code   388  __printf_flags_ss_wp.o(.text)
    strstr                                   0x0800057d   Thumb Code    36  strstr.o(.text)
    strlen                                   0x080005a1   Thumb Code    62  strlen.o(.text)
    __use_two_region_memory                  0x080005df   Thumb Code     2  heapauxi.o(.text)
    __rt_heap_escrow$2region                 0x080005e1   Thumb Code     2  heapauxi.o(.text)
    __rt_heap_expand$2region                 0x080005e3   Thumb Code     2  heapauxi.o(.text)
    __I$use$semihosting                      0x080005e5   Thumb Code     0  use_no_semi.o(.text)
    __use_no_semihosting_swi                 0x080005e5   Thumb Code     2  use_no_semi.o(.text)
    _printf_pre_padding                      0x080005e7   Thumb Code    44  _printf_pad.o(.text)
    _printf_post_padding                     0x08000613   Thumb Code    34  _printf_pad.o(.text)
    _printf_truncate_signed                  0x08000635   Thumb Code    18  _printf_truncate.o(.text)
    _printf_truncate_unsigned                0x08000647   Thumb Code    18  _printf_truncate.o(.text)
    _printf_int_common                       0x08000659   Thumb Code   178  _printf_intcommon.o(.text)
    _printf_charcount                        0x0800070b   Thumb Code    40  _printf_charcount.o(.text)
    _printf_char_common                      0x0800073f   Thumb Code    32  _printf_char_common.o(.text)
    _sputc                                   0x08000765   Thumb Code    10  _sputc.o(.text)
    _printf_cs_common                        0x0800076f   Thumb Code    20  _printf_char.o(.text)
    _printf_char                             0x08000783   Thumb Code    16  _printf_char.o(.text)
    _printf_string                           0x08000793   Thumb Code     8  _printf_char.o(.text)
    _printf_char_file                        0x0800079d   Thumb Code    32  _printf_char_file.o(.text)
    _printf_wctomb                           0x080007c1   Thumb Code   182  _printf_wctomb.o(.text)
    _printf_longlong_dec                     0x0800087d   Thumb Code   108  _printf_longlong_dec.o(.text)
    _printf_longlong_oct                     0x080008f9   Thumb Code    66  _printf_oct_int_ll.o(.text)
    _printf_int_oct                          0x0800093b   Thumb Code    24  _printf_oct_int_ll.o(.text)
    _printf_ll_oct                           0x08000953   Thumb Code    12  _printf_oct_int_ll.o(.text)
    _printf_longlong_hex                     0x08000969   Thumb Code    86  _printf_hex_int_ll_ptr.o(.text)
    _printf_int_hex                          0x080009bf   Thumb Code    28  _printf_hex_int_ll_ptr.o(.text)
    _printf_ll_hex                           0x080009db   Thumb Code    12  _printf_hex_int_ll_ptr.o(.text)
    _printf_hex_ptr                          0x080009e7   Thumb Code    18  _printf_hex_int_ll_ptr.o(.text)
    _ll_udiv10                               0x080009fd   Thumb Code   138  lludiv10.o(.text)
    __lib_sel_fp_printf                      0x08000a87   Thumb Code     2  _printf_fp_dec.o(.text)
    _printf_fp_dec_real                      0x08000c39   Thumb Code   620  _printf_fp_dec.o(.text)
    _printf_fp_hex_real                      0x08000ea5   Thumb Code   756  _printf_fp_hex.o(.text)
    _printf_lcs_common                       0x080011a1   Thumb Code    20  _printf_wchar.o(.text)
    _printf_wchar                            0x080011b5   Thumb Code    16  _printf_wchar.o(.text)
    _printf_wstring                          0x080011c5   Thumb Code     8  _printf_wchar.o(.text)
    ferror                                   0x080011cd   Thumb Code     8  ferror.o(.text)
    _wcrtomb                                 0x080011d5   Thumb Code    64  _wcrtomb.o(.text)
    __user_setup_stackheap                   0x08001215   Thumb Code    74  sys_stackheap_outer.o(.text)
    __rt_ctype_table                         0x08001261   Thumb Code    16  rt_ctype_table.o(.text)
    __rt_locale                              0x08001271   Thumb Code     8  rt_locale_intlibspace.o(.text)
    _printf_fp_infnan                        0x08001279   Thumb Code   112  _printf_fp_infnan.o(.text)
    _btod_etento                             0x080012f9   Thumb Code   224  bigflt0.o(.text)
    exit                                     0x080013dd   Thumb Code    18  exit.o(.text)
    __user_libspace                          0x080013f1   Thumb Code     8  libspace.o(.text)
    __user_perproc_libspace                  0x080013f1   Thumb Code     0  libspace.o(.text)
    __user_perthread_libspace                0x080013f1   Thumb Code     0  libspace.o(.text)
    strcmp                                   0x080013f9   Thumb Code   128  strcmpv7m.o(.text)
    _btod_d2e                                0x08001479   Thumb Code    62  btod.o(CL$$btod_d2e)
    _d2e_denorm_low                          0x080014b7   Thumb Code    70  btod.o(CL$$btod_d2e_denorm_low)
    _d2e_norm_op1                            0x080014fd   Thumb Code    96  btod.o(CL$$btod_d2e_norm_op1)
    __btod_div_common                        0x0800155d   Thumb Code   696  btod.o(CL$$btod_div_common)
    _e2e                                     0x08001895   Thumb Code   220  btod.o(CL$$btod_e2e)
    _btod_ediv                               0x08001971   Thumb Code    42  btod.o(CL$$btod_ediv)
    _btod_emul                               0x0800199b   Thumb Code    42  btod.o(CL$$btod_emul)
    __btod_mult_common                       0x080019c5   Thumb Code   580  btod.o(CL$$btod_mult_common)
    BusFault_Handler                         0x08001c13   Thumb Code     4  stm32f10x_it.o(i.BusFault_Handler)
    CmdResp1Error                            0x08001c19   Thumb Code    90  sdio_sdcard.o(i.CmdResp1Error)
    DHT11_Check                              0x08001c79   Thumb Code    92  dht11.o(i.DHT11_Check)
    DHT11_Init                               0x08001cdd   Thumb Code    58  dht11.o(i.DHT11_Init)
    DHT11_Read_Bit                           0x08001d1d   Thumb Code    70  dht11.o(i.DHT11_Read_Bit)
    DHT11_Read_Byte                          0x08001d69   Thumb Code    30  dht11.o(i.DHT11_Read_Byte)
    DHT11_Read_Data                          0x08001d87   Thumb Code   104  dht11.o(i.DHT11_Read_Data)
    DHT11_Rst                                0x08001df1   Thumb Code    52  dht11.o(i.DHT11_Rst)
    DebugMon_Handler                         0x08001e31   Thumb Code     2  stm32f10x_it.o(i.DebugMon_Handler)
    EXTI0_IRQHandler                         0x08001e35   Thumb Code    44  exti.o(i.EXTI0_IRQHandler)
    EXTI3_IRQHandler                         0x08001e69   Thumb Code    42  exti.o(i.EXTI3_IRQHandler)
    EXTI4_IRQHandler                         0x08001e9d   Thumb Code    42  exti.o(i.EXTI4_IRQHandler)
    EXTI9_5_IRQHandler                       0x08001ed1   Thumb Code    86  exti.o(i.EXTI9_5_IRQHandler)
    EXTI_ClearITPendingBit                   0x08001f3d   Thumb Code     6  stm32f10x_exti.o(i.EXTI_ClearITPendingBit)
    EXTI_GetITStatus                         0x08001f49   Thumb Code    34  stm32f10x_exti.o(i.EXTI_GetITStatus)
    GPIO_Init                                0x08001f71   Thumb Code   278  stm32f10x_gpio.o(i.GPIO_Init)
    GPIO_ReadInputDataBit                    0x08002087   Thumb Code    18  stm32f10x_gpio.o(i.GPIO_ReadInputDataBit)
    GPIO_SetBits                             0x08002099   Thumb Code     4  stm32f10x_gpio.o(i.GPIO_SetBits)
    HardFault_Handler                        0x0800209d   Thumb Code     4  stm32f10x_it.o(i.HardFault_Handler)
    LED_Init                                 0x080020a1   Thumb Code    68  led.o(i.LED_Init)
    MemManage_Handler                        0x080020ed   Thumb Code     4  stm32f10x_it.o(i.MemManage_Handler)
    NMI_Handler                              0x080020f1   Thumb Code     2  stm32f10x_it.o(i.NMI_Handler)
    NVIC_Init                                0x080020f5   Thumb Code   100  misc.o(i.NVIC_Init)
    NVIC_PriorityGroupConfig                 0x08002165   Thumb Code    10  misc.o(i.NVIC_PriorityGroupConfig)
    PendSV_Handler                           0x08002179   Thumb Code     2  stm32f10x_it.o(i.PendSV_Handler)
    RCC_APB1PeriphClockCmd                   0x0800217d   Thumb Code    26  stm32f10x_rcc.o(i.RCC_APB1PeriphClockCmd)
    RCC_APB1PeriphResetCmd                   0x0800219d   Thumb Code    26  stm32f10x_rcc.o(i.RCC_APB1PeriphResetCmd)
    RCC_APB2PeriphClockCmd                   0x080021bd   Thumb Code    26  stm32f10x_rcc.o(i.RCC_APB2PeriphClockCmd)
    RCC_APB2PeriphResetCmd                   0x080021dd   Thumb Code    26  stm32f10x_rcc.o(i.RCC_APB2PeriphResetCmd)
    RCC_GetClocksFreq                        0x080021fd   Thumb Code   192  stm32f10x_rcc.o(i.RCC_GetClocksFreq)
    SDIO_ClearFlag                           0x080022d1   Thumb Code     6  stm32f10x_sdio.o(i.SDIO_ClearFlag)
    SDIO_GetFlagStatus                       0x080022dd   Thumb Code    20  stm32f10x_sdio.o(i.SDIO_GetFlagStatus)
    SDIO_IRQHandler                          0x080022f5   Thumb Code     8  sdio_sdcard.o(i.SDIO_IRQHandler)
    SDIO_SendCommand                         0x080022fd   Thumb Code    38  stm32f10x_sdio.o(i.SDIO_SendCommand)
    SD_ProcessIRQSrc                         0x08002329   Thumb Code   296  sdio_sdcard.o(i.SD_ProcessIRQSrc)
    SVC_Handler                              0x08002465   Thumb Code     2  stm32f10x_it.o(i.SVC_Handler)
    SysTick_CLKSourceConfig                  0x08002551   Thumb Code    40  misc.o(i.SysTick_CLKSourceConfig)
    SysTick_Handler                          0x08002579   Thumb Code     2  stm32f10x_it.o(i.SysTick_Handler)
    SystemInit                               0x0800257d   Thumb Code    78  system_stm32f10x.o(i.SystemInit)
    TIM3_IRQHandler                          0x080025dd   Thumb Code    38  timer.o(i.TIM3_IRQHandler)
    TIM5_IRQHandler                          0x0800260d   Thumb Code   178  timer.o(i.TIM5_IRQHandler)
    TIM6_IRQHandler                          0x080026cd   Thumb Code    32  timer.o(i.TIM6_IRQHandler)
    TIM7_IRQHandler                          0x08002705   Thumb Code    54  timer.o(i.TIM7_IRQHandler)
    TIM7_Int_Init                            0x08002761   Thumb Code    90  timer.o(i.TIM7_Int_Init)
    TIM_ClearITPendingBit                    0x080027c1   Thumb Code     6  stm32f10x_tim.o(i.TIM_ClearITPendingBit)
    TIM_Cmd                                  0x080027c7   Thumb Code    24  stm32f10x_tim.o(i.TIM_Cmd)
    TIM_GetCapture1                          0x080027df   Thumb Code     6  stm32f10x_tim.o(i.TIM_GetCapture1)
    TIM_GetITStatus                          0x080027e5   Thumb Code    34  stm32f10x_tim.o(i.TIM_GetITStatus)
    TIM_ITConfig                             0x08002807   Thumb Code    18  stm32f10x_tim.o(i.TIM_ITConfig)
    TIM_OC1PolarityConfig                    0x08002819   Thumb Code    18  stm32f10x_tim.o(i.TIM_OC1PolarityConfig)
    TIM_SetCounter                           0x0800282b   Thumb Code     4  stm32f10x_tim.o(i.TIM_SetCounter)
    TIM_TimeBaseInit                         0x08002831   Thumb Code   122  stm32f10x_tim.o(i.TIM_TimeBaseInit)
    USART1_IRQHandler                        0x080028d5   Thumb Code   122  usart.o(i.USART1_IRQHandler)
    USART3_IRQHandler                        0x0800295d   Thumb Code   126  usart3.o(i.USART3_IRQHandler)
    USART_Cmd                                0x08002a15   Thumb Code    24  stm32f10x_usart.o(i.USART_Cmd)
    USART_DeInit                             0x08002a2d   Thumb Code   134  stm32f10x_usart.o(i.USART_DeInit)
    USART_GetFlagStatus                      0x08002ac9   Thumb Code    26  stm32f10x_usart.o(i.USART_GetFlagStatus)
    USART_GetITStatus                        0x08002ae3   Thumb Code    84  stm32f10x_usart.o(i.USART_GetITStatus)
    USART_ITConfig                           0x08002b37   Thumb Code    74  stm32f10x_usart.o(i.USART_ITConfig)
    USART_Init                               0x08002b81   Thumb Code   210  stm32f10x_usart.o(i.USART_Init)
    USART_ReceiveData                        0x08002c59   Thumb Code    10  stm32f10x_usart.o(i.USART_ReceiveData)
    USART_SendData                           0x08002c63   Thumb Code     8  stm32f10x_usart.o(i.USART_SendData)
    UsageFault_Handler                       0x08002c6b   Thumb Code     4  stm32f10x_it.o(i.UsageFault_Handler)
    __ARM_fpclassify                         0x08002c6f   Thumb Code    40  fpclassify.o(i.__ARM_fpclassify)
    _is_digit                                0x08002c97   Thumb Code    14  __printf_wp.o(i._is_digit)
    _sys_exit                                0x08002ca5   Thumb Code     4  usart.o(i._sys_exit)
    atk_8266_check_cmd                       0x08002ca9   Thumb Code    36  common.o(i.atk_8266_check_cmd)
    atk_8266_send_cmd                        0x08002cd5   Thumb Code   418  common.o(i.atk_8266_send_cmd)
    atk_8266_send_data_neat                  0x08002ea5   Thumb Code   432  common.o(i.atk_8266_send_data_neat)
    atk_8266_send_data_neat_large            0x08003095   Thumb Code   118  common.o(i.atk_8266_send_data_neat_large)
    delay                                    0x08003121   Thumb Code    24  delay.o(i.delay)
    delay_init                               0x08003139   Thumb Code    50  delay.o(i.delay_init)
    delay_ms                                 0x0800317d   Thumb Code    72  delay.o(i.delay_ms)
    delay_us                                 0x080031c9   Thumb Code    72  delay.o(i.delay_us)
    fputc                                    0x08003215   Thumb Code    24  usart.o(i.fputc)
    get_light                                0x08003231   Thumb Code    14  wire.o(i.get_light)
    get_smoke                                0x08003245   Thumb Code    14  wire.o(i.get_smoke)
    htonl                                    0x08003259   Thumb Code    26  main.o(i.htonl)
    light_sensor_init                        0x08003275   Thumb Code    40  wire.o(i.light_sensor_init)
    main                                     0x080032a1   Thumb Code   566  main.o(i.main)
    smoke_sensor_init                        0x08003601   Thumb Code    40  wire.o(i.smoke_sensor_init)
    u3_printf                                0x0800362d   Thumb Code    72  usart3.o(i.u3_printf)
    u3_printf_neat                           0x0800367d   Thumb Code    64  usart3.o(i.u3_printf_neat)
    uart_init                                0x080036c5   Thumb Code   152  usart.o(i.uart_init)
    usart3_init                              0x08003765   Thumb Code   190  usart3.o(i.usart3_init)
    _get_lc_numeric                          0x08003835   Thumb Code    44  lc_numeric_c.o(locale$$code)
    _get_lc_ctype                            0x08003861   Thumb Code    44  lc_ctype_c.o(locale$$code)
    _printf_fp_dec                           0x0800388d   Thumb Code     4  printf1.o(x$fpl$printf1)
    _printf_fp_hex                           0x08003891   Thumb Code     4  printf2.o(x$fpl$printf2)
    __I$use$fp                               0x08003894   Number         0  usenofp.o(x$fpl$usenofp)
    Region$$Table$$Base                      0x08003994   Number         0  anon$$obj.o(Region$$Table)
    Region$$Table$$Limit                     0x080039b4   Number         0  anon$$obj.o(Region$$Table)
    __ctype                                  0x080039dd   Data           0  lc_ctype_c.o(locale$$data)
    SystemCoreClock                          0x20000000   Data           4  system_stm32f10x.o(.data)
    AHBPrescTable                            0x20000004   Data          16  system_stm32f10x.o(.data)
    __stdout                                 0x20000018   Data           4  usart.o(.data)
    USART_RX_STA                             0x2000001c   Data           2  usart.o(.data)
    TransferError                            0x2000002a   Data           1  sdio_sdcard.o(.data)
    TransferEnd                              0x2000002b   Data           1  sdio_sdcard.o(.data)
    tempbuff                                 0x2000002c   Data           4  sdio_sdcard.o(.data)
    TIM5CH1_CAPTURE_STA                      0x20000030   Data           1  timer.o(.data)
    TIM5CH1_CAPTURE_VAL                      0x20000032   Data           2  timer.o(.data)
    USART3_RX_STA                            0x20000034   Data           2  usart3.o(.data)
    new_data                                 0x20000038   Data           4  usart3.o(.data)
    ov_sta                                   0x2000003c   Data           1  exti.o(.data)
    USART_RX_BUF                             0x20000058   Data         200  usart.o(.bss)
    SDIO_InitStructure                       0x20000120   Data          24  sdio_sdcard.o(.bss)
    SDIO_CmdInitStructure                    0x20000138   Data          20  sdio_sdcard.o(.bss)
    SDIO_DataInitStructure                   0x2000014c   Data          24  sdio_sdcard.o(.bss)
    SDCardInfo                               0x20000188   Data          88  sdio_sdcard.o(.bss)
    SDIO_DATA_BUFFER                         0x200001e0   Data         512  sdio_sdcard.o(.bss)
    USART3_RX_BUF                            0x200003e0   Data        6001  usart3.o(.bss)
    USART3_TX_BUF                            0x20001b51   Data        6001  usart3.o(.bss)
    __libspace_start                         0x200032c4   Data          96  libspace.o(.bss)
    __temporary_stack_top$libspace           0x20003324   Data           0  libspace.o(.bss)



==============================================================================

Memory Map of the image

  Image Entry point : 0x08000131

  Load Region LR_IROM1 (Base: 0x08000000, Size: 0x00003b38, Max: 0x00080000, ABSOLUTE)

    Execution Region ER_IROM1 (Exec base: 0x08000000, Load base: 0x08000000, Size: 0x00003ae0, Max: 0x00080000, ABSOLUTE)

    Exec Addr    Load Addr    Size         Type   Attr      Idx    E Section Name        Object

    0x08000000   0x08000000   0x00000130   Data   RO          374    RESET               startup_stm32f10x_hd.o
    0x08000130   0x08000130   0x00000008   Code   RO         2635  * !!!main             c_w.l(__main.o)
    0x08000138   0x08000138   0x00000034   Code   RO         2933    !!!scatter          c_w.l(__scatter.o)
    0x0800016c   0x0800016c   0x0000001a   Code   RO         2935    !!handler_copy      c_w.l(__scatter_copy.o)
    0x08000186   0x08000186   0x00000002   PAD
    0x08000188   0x08000188   0x0000001c   Code   RO         2937    !!handler_zi        c_w.l(__scatter_zi.o)
    0x080001a4   0x080001a4   0x00000000   Code   RO         2626    .ARM.Collect$$_printf_percent$$00000000  c_w.l(_printf_percent.o)
    0x080001a4   0x080001a4   0x00000006   Code   RO         2689    .ARM.Collect$$_printf_percent$$00000001  c_w.l(_printf_n.o)
    0x080001aa   0x080001aa   0x00000006   Code   RO         2691    .ARM.Collect$$_printf_percent$$00000002  c_w.l(_printf_p.o)
    0x080001b0   0x080001b0   0x00000006   Code   RO         2695    .ARM.Collect$$_printf_percent$$00000003  c_w.l(_printf_f.o)
    0x080001b6   0x080001b6   0x00000006   Code   RO         2696    .ARM.Collect$$_printf_percent$$00000004  c_w.l(_printf_e.o)
    0x080001bc   0x080001bc   0x00000006   Code   RO         2697    .ARM.Collect$$_printf_percent$$00000005  c_w.l(_printf_g.o)
    0x080001c2   0x080001c2   0x00000006   Code   RO         2698    .ARM.Collect$$_printf_percent$$00000006  c_w.l(_printf_a.o)
    0x080001c8   0x080001c8   0x0000000a   Code   RO         2703    .ARM.Collect$$_printf_percent$$00000007  c_w.l(_printf_ll.o)
    0x080001d2   0x080001d2   0x00000006   Code   RO         2693    .ARM.Collect$$_printf_percent$$00000008  c_w.l(_printf_i.o)
    0x080001d8   0x080001d8   0x00000006   Code   RO         2625    .ARM.Collect$$_printf_percent$$00000009  c_w.l(_printf_d.o)
    0x080001de   0x080001de   0x00000006   Code   RO         2694    .ARM.Collect$$_printf_percent$$0000000A  c_w.l(_printf_u.o)
    0x080001e4   0x080001e4   0x00000006   Code   RO         2692    .ARM.Collect$$_printf_percent$$0000000B  c_w.l(_printf_o.o)
    0x080001ea   0x080001ea   0x00000006   Code   RO         2690    .ARM.Collect$$_printf_percent$$0000000C  c_w.l(_printf_x.o)
    0x080001f0   0x080001f0   0x00000006   Code   RO         2700    .ARM.Collect$$_printf_percent$$0000000D  c_w.l(_printf_lli.o)
    0x080001f6   0x080001f6   0x00000006   Code   RO         2701    .ARM.Collect$$_printf_percent$$0000000E  c_w.l(_printf_lld.o)
    0x080001fc   0x080001fc   0x00000006   Code   RO         2702    .ARM.Collect$$_printf_percent$$0000000F  c_w.l(_printf_llu.o)
    0x08000202   0x08000202   0x00000006   Code   RO         2707    .ARM.Collect$$_printf_percent$$00000010  c_w.l(_printf_llo.o)
    0x08000208   0x08000208   0x00000006   Code   RO         2708    .ARM.Collect$$_printf_percent$$00000011  c_w.l(_printf_llx.o)
    0x0800020e   0x0800020e   0x0000000a   Code   RO         2704    .ARM.Collect$$_printf_percent$$00000012  c_w.l(_printf_l.o)
    0x08000218   0x08000218   0x00000006   Code   RO         2688    .ARM.Collect$$_printf_percent$$00000013  c_w.l(_printf_c.o)
    0x0800021e   0x0800021e   0x00000006   Code   RO         2624    .ARM.Collect$$_printf_percent$$00000014  c_w.l(_printf_s.o)
    0x08000224   0x08000224   0x00000006   Code   RO         2705    .ARM.Collect$$_printf_percent$$00000015  c_w.l(_printf_lc.o)
    0x0800022a   0x0800022a   0x00000006   Code   RO         2706    .ARM.Collect$$_printf_percent$$00000016  c_w.l(_printf_ls.o)
    0x08000230   0x08000230   0x00000004   Code   RO         2699    .ARM.Collect$$_printf_percent$$00000017  c_w.l(_printf_percent_end.o)
    0x08000234   0x08000234   0x00000002   Code   RO         2797    .ARM.Collect$$libinit$$00000000  c_w.l(libinit.o)
    0x08000236   0x08000236   0x00000000   Code   RO         2814    .ARM.Collect$$libinit$$00000002  c_w.l(libinit2.o)
    0x08000236   0x08000236   0x00000000   Code   RO         2816    .ARM.Collect$$libinit$$00000004  c_w.l(libinit2.o)
    0x08000236   0x08000236   0x00000000   Code   RO         2819    .ARM.Collect$$libinit$$0000000A  c_w.l(libinit2.o)
    0x08000236   0x08000236   0x00000000   Code   RO         2821    .ARM.Collect$$libinit$$0000000C  c_w.l(libinit2.o)
    0x08000236   0x08000236   0x00000000   Code   RO         2823    .ARM.Collect$$libinit$$0000000E  c_w.l(libinit2.o)
    0x08000236   0x08000236   0x00000006   Code   RO         2824    .ARM.Collect$$libinit$$0000000F  c_w.l(libinit2.o)
    0x0800023c   0x0800023c   0x00000000   Code   RO         2826    .ARM.Collect$$libinit$$00000011  c_w.l(libinit2.o)
    0x0800023c   0x0800023c   0x0000000c   Code   RO         2827    .ARM.Collect$$libinit$$00000012  c_w.l(libinit2.o)
    0x08000248   0x08000248   0x00000000   Code   RO         2828    .ARM.Collect$$libinit$$00000013  c_w.l(libinit2.o)
    0x08000248   0x08000248   0x00000000   Code   RO         2830    .ARM.Collect$$libinit$$00000015  c_w.l(libinit2.o)
    0x08000248   0x08000248   0x0000000a   Code   RO         2831    .ARM.Collect$$libinit$$00000016  c_w.l(libinit2.o)
    0x08000252   0x08000252   0x00000000   Code   RO         2832    .ARM.Collect$$libinit$$00000017  c_w.l(libinit2.o)
    0x08000252   0x08000252   0x00000000   Code   RO         2834    .ARM.Collect$$libinit$$00000019  c_w.l(libinit2.o)
    0x08000252   0x08000252   0x00000000   Code   RO         2836    .ARM.Collect$$libinit$$0000001B  c_w.l(libinit2.o)
    0x08000252   0x08000252   0x00000000   Code   RO         2838    .ARM.Collect$$libinit$$0000001D  c_w.l(libinit2.o)
    0x08000252   0x08000252   0x00000000   Code   RO         2840    .ARM.Collect$$libinit$$0000001F  c_w.l(libinit2.o)
    0x08000252   0x08000252   0x00000000   Code   RO         2842    .ARM.Collect$$libinit$$00000021  c_w.l(libinit2.o)
    0x08000252   0x08000252   0x00000000   Code   RO         2844    .ARM.Collect$$libinit$$00000023  c_w.l(libinit2.o)
    0x08000252   0x08000252   0x00000000   Code   RO         2846    .ARM.Collect$$libinit$$00000025  c_w.l(libinit2.o)
    0x08000252   0x08000252   0x00000000   Code   RO         2850    .ARM.Collect$$libinit$$0000002C  c_w.l(libinit2.o)
    0x08000252   0x08000252   0x00000000   Code   RO         2852    .ARM.Collect$$libinit$$0000002E  c_w.l(libinit2.o)
    0x08000252   0x08000252   0x00000000   Code   RO         2854    .ARM.Collect$$libinit$$00000030  c_w.l(libinit2.o)
    0x08000252   0x08000252   0x00000000   Code   RO         2856    .ARM.Collect$$libinit$$00000032  c_w.l(libinit2.o)
    0x08000252   0x08000252   0x00000002   Code   RO         2857    .ARM.Collect$$libinit$$00000033  c_w.l(libinit2.o)
    0x08000254   0x08000254   0x00000002   Code   RO         2875    .ARM.Collect$$libshutdown$$00000000  c_w.l(libshutdown.o)
    0x08000256   0x08000256   0x00000000   Code   RO         2885    .ARM.Collect$$libshutdown$$00000002  c_w.l(libshutdown2.o)
    0x08000256   0x08000256   0x00000000   Code   RO         2887    .ARM.Collect$$libshutdown$$00000004  c_w.l(libshutdown2.o)
    0x08000256   0x08000256   0x00000000   Code   RO         2890    .ARM.Collect$$libshutdown$$00000007  c_w.l(libshutdown2.o)
    0x08000256   0x08000256   0x00000000   Code   RO         2893    .ARM.Collect$$libshutdown$$0000000A  c_w.l(libshutdown2.o)
    0x08000256   0x08000256   0x00000000   Code   RO         2895    .ARM.Collect$$libshutdown$$0000000C  c_w.l(libshutdown2.o)
    0x08000256   0x08000256   0x00000000   Code   RO         2898    .ARM.Collect$$libshutdown$$0000000F  c_w.l(libshutdown2.o)
    0x08000256   0x08000256   0x00000002   Code   RO         2899    .ARM.Collect$$libshutdown$$00000010  c_w.l(libshutdown2.o)
    0x08000258   0x08000258   0x00000000   Code   RO         2639    .ARM.Collect$$rtentry$$00000000  c_w.l(__rtentry.o)
    0x08000258   0x08000258   0x00000000   Code   RO         2720    .ARM.Collect$$rtentry$$00000002  c_w.l(__rtentry2.o)
    0x08000258   0x08000258   0x00000006   Code   RO         2732    .ARM.Collect$$rtentry$$00000004  c_w.l(__rtentry4.o)
    0x0800025e   0x0800025e   0x00000000   Code   RO         2722    .ARM.Collect$$rtentry$$00000009  c_w.l(__rtentry2.o)
    0x0800025e   0x0800025e   0x00000004   Code   RO         2723    .ARM.Collect$$rtentry$$0000000A  c_w.l(__rtentry2.o)
    0x08000262   0x08000262   0x00000000   Code   RO         2725    .ARM.Collect$$rtentry$$0000000C  c_w.l(__rtentry2.o)
    0x08000262   0x08000262   0x00000008   Code   RO         2726    .ARM.Collect$$rtentry$$0000000D  c_w.l(__rtentry2.o)
    0x0800026a   0x0800026a   0x00000002   Code   RO         2806    .ARM.Collect$$rtexit$$00000000  c_w.l(rtexit.o)
    0x0800026c   0x0800026c   0x00000000   Code   RO         2859    .ARM.Collect$$rtexit$$00000002  c_w.l(rtexit2.o)
    0x0800026c   0x0800026c   0x00000004   Code   RO         2860    .ARM.Collect$$rtexit$$00000003  c_w.l(rtexit2.o)
    0x08000270   0x08000270   0x00000006   Code   RO         2861    .ARM.Collect$$rtexit$$00000004  c_w.l(rtexit2.o)
    0x08000276   0x08000276   0x00000002   PAD
    0x08000278   0x08000278   0x00000044   Code   RO          375    .text               startup_stm32f10x_hd.o
    0x080002bc   0x080002bc   0x00000002   Code   RO         2586    .text               c_w.l(use_no_semi_2.o)
    0x080002be   0x080002be   0x00000002   PAD
    0x080002c0   0x080002c0   0x00000024   Code   RO         2588    .text               c_w.l(vsprintf.o)
    0x080002e4   0x080002e4   0x00000018   Code   RO         2590    .text               c_w.l(__2printf.o)
    0x080002fc   0x080002fc   0x0000002c   Code   RO         2592    .text               c_w.l(__2sprintf.o)
    0x08000328   0x08000328   0x00000052   Code   RO         2600    .text               c_w.l(_printf_str.o)
    0x0800037a   0x0800037a   0x00000002   PAD
    0x0800037c   0x0800037c   0x00000078   Code   RO         2602    .text               c_w.l(_printf_dec.o)
    0x080003f4   0x080003f4   0x00000188   Code   RO         2621    .text               c_w.l(__printf_flags_ss_wp.o)
    0x0800057c   0x0800057c   0x00000024   Code   RO         2627    .text               c_w.l(strstr.o)
    0x080005a0   0x080005a0   0x0000003e   Code   RO         2629    .text               c_w.l(strlen.o)
    0x080005de   0x080005de   0x00000006   Code   RO         2633    .text               c_w.l(heapauxi.o)
    0x080005e4   0x080005e4   0x00000002   Code   RO         2637    .text               c_w.l(use_no_semi.o)
    0x080005e6   0x080005e6   0x0000004e   Code   RO         2640    .text               c_w.l(_printf_pad.o)
    0x08000634   0x08000634   0x00000024   Code   RO         2642    .text               c_w.l(_printf_truncate.o)
    0x08000658   0x08000658   0x000000b2   Code   RO         2644    .text               c_w.l(_printf_intcommon.o)
    0x0800070a   0x0800070a   0x00000028   Code   RO         2646    .text               c_w.l(_printf_charcount.o)
    0x08000732   0x08000732   0x00000002   PAD
    0x08000734   0x08000734   0x00000030   Code   RO         2648    .text               c_w.l(_printf_char_common.o)
    0x08000764   0x08000764   0x0000000a   Code   RO         2650    .text               c_w.l(_sputc.o)
    0x0800076e   0x0800076e   0x0000002c   Code   RO         2652    .text               c_w.l(_printf_char.o)
    0x0800079a   0x0800079a   0x00000002   PAD
    0x0800079c   0x0800079c   0x00000024   Code   RO         2654    .text               c_w.l(_printf_char_file.o)
    0x080007c0   0x080007c0   0x000000bc   Code   RO         2656    .text               c_w.l(_printf_wctomb.o)
    0x0800087c   0x0800087c   0x0000007c   Code   RO         2659    .text               c_w.l(_printf_longlong_dec.o)
    0x080008f8   0x080008f8   0x00000070   Code   RO         2665    .text               c_w.l(_printf_oct_int_ll.o)
    0x08000968   0x08000968   0x00000094   Code   RO         2685    .text               c_w.l(_printf_hex_int_ll_ptr.o)
    0x080009fc   0x080009fc   0x0000008a   Code   RO         2734    .text               c_w.l(lludiv10.o)
    0x08000a86   0x08000a86   0x0000041e   Code   RO         2736    .text               c_w.l(_printf_fp_dec.o)
    0x08000ea4   0x08000ea4   0x000002fc   Code   RO         2738    .text               c_w.l(_printf_fp_hex.o)
    0x080011a0   0x080011a0   0x0000002c   Code   RO         2743    .text               c_w.l(_printf_wchar.o)
    0x080011cc   0x080011cc   0x00000008   Code   RO         2745    .text               c_w.l(ferror.o)
    0x080011d4   0x080011d4   0x00000040   Code   RO         2749    .text               c_w.l(_wcrtomb.o)
    0x08001214   0x08001214   0x0000004a   Code   RO         2751    .text               c_w.l(sys_stackheap_outer.o)
    0x0800125e   0x0800125e   0x00000002   PAD
    0x08001260   0x08001260   0x00000010   Code   RO         2753    .text               c_w.l(rt_ctype_table.o)
    0x08001270   0x08001270   0x00000008   Code   RO         2758    .text               c_w.l(rt_locale_intlibspace.o)
    0x08001278   0x08001278   0x00000080   Code   RO         2760    .text               c_w.l(_printf_fp_infnan.o)
    0x080012f8   0x080012f8   0x000000e4   Code   RO         2762    .text               c_w.l(bigflt0.o)
    0x080013dc   0x080013dc   0x00000012   Code   RO         2790    .text               c_w.l(exit.o)
    0x080013ee   0x080013ee   0x00000002   PAD
    0x080013f0   0x080013f0   0x00000008   Code   RO         2803    .text               c_w.l(libspace.o)
    0x080013f8   0x080013f8   0x00000080   Code   RO         2811    .text               c_w.l(strcmpv7m.o)
    0x08001478   0x08001478   0x0000003e   Code   RO         2765    CL$$btod_d2e        c_w.l(btod.o)
    0x080014b6   0x080014b6   0x00000046   Code   RO         2767    CL$$btod_d2e_denorm_low  c_w.l(btod.o)
    0x080014fc   0x080014fc   0x00000060   Code   RO         2766    CL$$btod_d2e_norm_op1  c_w.l(btod.o)
    0x0800155c   0x0800155c   0x00000338   Code   RO         2775    CL$$btod_div_common  c_w.l(btod.o)
    0x08001894   0x08001894   0x000000dc   Code   RO         2772    CL$$btod_e2e        c_w.l(btod.o)
    0x08001970   0x08001970   0x0000002a   Code   RO         2769    CL$$btod_ediv       c_w.l(btod.o)
    0x0800199a   0x0800199a   0x0000002a   Code   RO         2768    CL$$btod_emul       c_w.l(btod.o)
    0x080019c4   0x080019c4   0x00000244   Code   RO         2774    CL$$btod_mult_common  c_w.l(btod.o)
    0x08001c08   0x08001c08   0x0000000a   Ven    RO         2939    Veneer$$Code        anon$$obj.o
    0x08001c12   0x08001c12   0x00000004   Code   RO          208    i.BusFault_Handler  stm32f10x_it.o
    0x08001c16   0x08001c16   0x00000002   PAD
    0x08001c18   0x08001c18   0x00000060   Code   RO          512    i.CmdResp1Error     sdio_sdcard.o
    0x08001c78   0x08001c78   0x00000064   Code   RO          988    i.DHT11_Check       dht11.o
    0x08001cdc   0x08001cdc   0x00000040   Code   RO          989    i.DHT11_Init        dht11.o
    0x08001d1c   0x08001d1c   0x0000004c   Code   RO          990    i.DHT11_Read_Bit    dht11.o
    0x08001d68   0x08001d68   0x0000001e   Code   RO          991    i.DHT11_Read_Byte   dht11.o
    0x08001d86   0x08001d86   0x00000068   Code   RO          992    i.DHT11_Read_Data   dht11.o
    0x08001dee   0x08001dee   0x00000002   PAD
    0x08001df0   0x08001df0   0x00000040   Code   RO          993    i.DHT11_Rst         dht11.o
    0x08001e30   0x08001e30   0x00000002   Code   RO          209    i.DebugMon_Handler  stm32f10x_it.o
    0x08001e32   0x08001e32   0x00000002   PAD
    0x08001e34   0x08001e34   0x00000034   Code   RO          940    i.EXTI0_IRQHandler  exti.o
    0x08001e68   0x08001e68   0x00000034   Code   RO          941    i.EXTI3_IRQHandler  exti.o
    0x08001e9c   0x08001e9c   0x00000034   Code   RO          942    i.EXTI4_IRQHandler  exti.o
    0x08001ed0   0x08001ed0   0x0000006c   Code   RO          944    i.EXTI9_5_IRQHandler  exti.o
    0x08001f3c   0x08001f3c   0x0000000c   Code   RO         1067    i.EXTI_ClearITPendingBit  stm32f10x_exti.o
    0x08001f48   0x08001f48   0x00000028   Code   RO         1071    i.EXTI_GetITStatus  stm32f10x_exti.o
    0x08001f70   0x08001f70   0x00000116   Code   RO         1246    i.GPIO_Init         stm32f10x_gpio.o
    0x08002086   0x08002086   0x00000012   Code   RO         1250    i.GPIO_ReadInputDataBit  stm32f10x_gpio.o
    0x08002098   0x08002098   0x00000004   Code   RO         1254    i.GPIO_SetBits      stm32f10x_gpio.o
    0x0800209c   0x0800209c   0x00000004   Code   RO          210    i.HardFault_Handler  stm32f10x_it.o
    0x080020a0   0x080020a0   0x0000004c   Code   RO          499    i.LED_Init          led.o
    0x080020ec   0x080020ec   0x00000004   Code   RO          211    i.MemManage_Handler  stm32f10x_it.o
    0x080020f0   0x080020f0   0x00000002   Code   RO          212    i.NMI_Handler       stm32f10x_it.o
    0x080020f2   0x080020f2   0x00000002   PAD
    0x080020f4   0x080020f4   0x00000070   Code   RO         1030    i.NVIC_Init         misc.o
    0x08002164   0x08002164   0x00000014   Code   RO         1031    i.NVIC_PriorityGroupConfig  misc.o
    0x08002178   0x08002178   0x00000002   Code   RO          213    i.PendSV_Handler    stm32f10x_it.o
    0x0800217a   0x0800217a   0x00000002   PAD
    0x0800217c   0x0800217c   0x00000020   Code   RO         1356    i.RCC_APB1PeriphClockCmd  stm32f10x_rcc.o
    0x0800219c   0x0800219c   0x00000020   Code   RO         1357    i.RCC_APB1PeriphResetCmd  stm32f10x_rcc.o
    0x080021bc   0x080021bc   0x00000020   Code   RO         1358    i.RCC_APB2PeriphClockCmd  stm32f10x_rcc.o
    0x080021dc   0x080021dc   0x00000020   Code   RO         1359    i.RCC_APB2PeriphResetCmd  stm32f10x_rcc.o
    0x080021fc   0x080021fc   0x000000d4   Code   RO         1366    i.RCC_GetClocksFreq  stm32f10x_rcc.o
    0x080022d0   0x080022d0   0x0000000c   Code   RO         1555    i.SDIO_ClearFlag    stm32f10x_sdio.o
    0x080022dc   0x080022dc   0x00000018   Code   RO         1567    i.SDIO_GetFlagStatus  stm32f10x_sdio.o
    0x080022f4   0x080022f4   0x00000008   Code   RO          521    i.SDIO_IRQHandler   sdio_sdcard.o
    0x080022fc   0x080022fc   0x0000002c   Code   RO         1575    i.SDIO_SendCommand  stm32f10x_sdio.o
    0x08002328   0x08002328   0x0000013c   Code   RO          530    i.SD_ProcessIRQSrc  sdio_sdcard.o
    0x08002464   0x08002464   0x00000002   Code   RO          214    i.SVC_Handler       stm32f10x_it.o
    0x08002466   0x08002466   0x00000008   Code   RO          297    i.SetSysClock       system_stm32f10x.o
    0x0800246e   0x0800246e   0x00000002   PAD
    0x08002470   0x08002470   0x000000e0   Code   RO          298    i.SetSysClockTo72   system_stm32f10x.o
    0x08002550   0x08002550   0x00000028   Code   RO         1034    i.SysTick_CLKSourceConfig  misc.o
    0x08002578   0x08002578   0x00000002   Code   RO          215    i.SysTick_Handler   stm32f10x_it.o
    0x0800257a   0x0800257a   0x00000002   PAD
    0x0800257c   0x0800257c   0x00000060   Code   RO          300    i.SystemInit        system_stm32f10x.o
    0x080025dc   0x080025dc   0x00000030   Code   RO          712    i.TIM3_IRQHandler   timer.o
    0x0800260c   0x0800260c   0x000000c0   Code   RO          716    i.TIM5_IRQHandler   timer.o
    0x080026cc   0x080026cc   0x00000038   Code   RO          717    i.TIM6_IRQHandler   timer.o
    0x08002704   0x08002704   0x0000005c   Code   RO          719    i.TIM7_IRQHandler   timer.o
    0x08002760   0x08002760   0x00000060   Code   RO          720    i.TIM7_Int_Init     timer.o
    0x080027c0   0x080027c0   0x00000006   Code   RO         1751    i.TIM_ClearITPendingBit  stm32f10x_tim.o
    0x080027c6   0x080027c6   0x00000018   Code   RO         1756    i.TIM_Cmd           stm32f10x_tim.o
    0x080027de   0x080027de   0x00000006   Code   RO         1771    i.TIM_GetCapture1   stm32f10x_tim.o
    0x080027e4   0x080027e4   0x00000022   Code   RO         1777    i.TIM_GetITStatus   stm32f10x_tim.o
    0x08002806   0x08002806   0x00000012   Code   RO         1781    i.TIM_ITConfig      stm32f10x_tim.o
    0x08002818   0x08002818   0x00000012   Code   RO         1787    i.TIM_OC1PolarityConfig  stm32f10x_tim.o
    0x0800282a   0x0800282a   0x00000004   Code   RO         1821    i.TIM_SetCounter    stm32f10x_tim.o
    0x0800282e   0x0800282e   0x00000002   PAD
    0x08002830   0x08002830   0x000000a4   Code   RO         1827    i.TIM_TimeBaseInit  stm32f10x_tim.o
    0x080028d4   0x080028d4   0x00000088   Code   RO          439    i.USART1_IRQHandler  usart.o
    0x0800295c   0x0800295c   0x000000b8   Code   RO          782    i.USART3_IRQHandler  usart3.o
    0x08002a14   0x08002a14   0x00000018   Code   RO         2292    i.USART_Cmd         stm32f10x_usart.o
    0x08002a2c   0x08002a2c   0x0000009c   Code   RO         2294    i.USART_DeInit      stm32f10x_usart.o
    0x08002ac8   0x08002ac8   0x0000001a   Code   RO         2295    i.USART_GetFlagStatus  stm32f10x_usart.o
    0x08002ae2   0x08002ae2   0x00000054   Code   RO         2296    i.USART_GetITStatus  stm32f10x_usart.o
    0x08002b36   0x08002b36   0x0000004a   Code   RO         2298    i.USART_ITConfig    stm32f10x_usart.o
    0x08002b80   0x08002b80   0x000000d8   Code   RO         2299    i.USART_Init        stm32f10x_usart.o
    0x08002c58   0x08002c58   0x0000000a   Code   RO         2306    i.USART_ReceiveData  stm32f10x_usart.o
    0x08002c62   0x08002c62   0x00000008   Code   RO         2309    i.USART_SendData    stm32f10x_usart.o
    0x08002c6a   0x08002c6a   0x00000004   Code   RO          216    i.UsageFault_Handler  stm32f10x_it.o
    0x08002c6e   0x08002c6e   0x00000028   Code   RO         2801    i.__ARM_fpclassify  m_ws.l(fpclassify.o)
    0x08002c96   0x08002c96   0x0000000e   Code   RO         2614    i._is_digit         c_w.l(__printf_wp.o)
    0x08002ca4   0x08002ca4   0x00000004   Code   RO          440    i._sys_exit         usart.o
    0x08002ca8   0x08002ca8   0x0000002c   Code   RO         2541    i.atk_8266_check_cmd  common.o
    0x08002cd4   0x08002cd4   0x000001d0   Code   RO         2542    i.atk_8266_send_cmd  common.o
    0x08002ea4   0x08002ea4   0x000001f0   Code   RO         2544    i.atk_8266_send_data_neat  common.o
    0x08003094   0x08003094   0x0000008c   Code   RO         2545    i.atk_8266_send_data_neat_large  common.o
    0x08003120   0x08003120   0x00000018   Code   RO          379    i.delay             delay.o
    0x08003138   0x08003138   0x00000044   Code   RO          380    i.delay_init        delay.o
    0x0800317c   0x0800317c   0x0000004c   Code   RO          381    i.delay_ms          delay.o
    0x080031c8   0x080031c8   0x0000004c   Code   RO          382    i.delay_us          delay.o
    0x08003214   0x08003214   0x0000001c   Code   RO          441    i.fputc             usart.o
    0x08003230   0x08003230   0x00000014   Code   RO          331    i.get_light         wire.o
    0x08003244   0x08003244   0x00000014   Code   RO          332    i.get_smoke         wire.o
    0x08003258   0x08003258   0x0000001a   Code   RO            1    i.htonl             main.o
    0x08003272   0x08003272   0x00000002   PAD
    0x08003274   0x08003274   0x0000002c   Code   RO          333    i.light_sensor_init  wire.o
    0x080032a0   0x080032a0   0x00000360   Code   RO            2    i.main              main.o
    0x08003600   0x08003600   0x0000002c   Code   RO          334    i.smoke_sensor_init  wire.o
    0x0800362c   0x0800362c   0x00000050   Code   RO          783    i.u3_printf         usart3.o
    0x0800367c   0x0800367c   0x00000048   Code   RO          784    i.u3_printf_neat    usart3.o
    0x080036c4   0x080036c4   0x000000a0   Code   RO          442    i.uart_init         usart.o
    0x08003764   0x08003764   0x000000d0   Code   RO          786    i.usart3_init       usart3.o
    0x08003834   0x08003834   0x0000002c   Code   RO         2788    locale$$code        c_w.l(lc_numeric_c.o)
    0x08003860   0x08003860   0x0000002c   Code   RO         2809    locale$$code        c_w.l(lc_ctype_c.o)
    0x0800388c   0x0800388c   0x00000004   Code   RO         2711    x$fpl$printf1       fz_ws.l(printf1.o)
    0x08003890   0x08003890   0x00000004   Code   RO         2713    x$fpl$printf2       fz_ws.l(printf2.o)
    0x08003894   0x08003894   0x00000000   Code   RO         2800    x$fpl$usenofp       fz_ws.l(usenofp.o)
    0x08003894   0x08003894   0x00000011   Data   RO         2622    .constdata          c_w.l(__printf_flags_ss_wp.o)
    0x080038a5   0x080038a5   0x00000003   PAD
    0x080038a8   0x080038a8   0x00000008   Data   RO         2657    .constdata          c_w.l(_printf_wctomb.o)
    0x080038b0   0x080038b0   0x00000028   Data   RO         2686    .constdata          c_w.l(_printf_hex_int_ll_ptr.o)
    0x080038d8   0x080038d8   0x00000026   Data   RO         2739    .constdata          c_w.l(_printf_fp_hex.o)
    0x080038fe   0x080038fe   0x00000002   PAD
    0x08003900   0x08003900   0x00000094   Data   RO         2763    .constdata          c_w.l(bigflt0.o)
    0x08003994   0x08003994   0x00000020   Data   RO         2931    Region$$Table       anon$$obj.o
    0x080039b4   0x080039b4   0x0000001c   Data   RO         2787    locale$$data        c_w.l(lc_numeric_c.o)
    0x080039d0   0x080039d0   0x00000110   Data   RO         2808    locale$$data        c_w.l(lc_ctype_c.o)


    Execution Region RW_IRAM1 (Exec base: 0x20000000, Load base: 0x08003ae0, Size: 0x00003928, Max: 0x00010000, ABSOLUTE)

    Exec Addr    Load Addr    Size         Type   Attr      Idx    E Section Name        Object

    0x20000000   0x08003ae0   0x00000014   Data   RW          301    .data               system_stm32f10x.o
    0x20000014   0x08003af4   0x00000004   Data   RW          383    .data               delay.o
    0x20000018   0x08003af8   0x00000006   Data   RW          444    .data               usart.o
    0x2000001e   0x08003afe   0x00000002   PAD
    0x20000020   0x08003b00   0x00000010   Data   RW          542    .data               sdio_sdcard.o
    0x20000030   0x08003b10   0x00000004   Data   RW          722    .data               timer.o
    0x20000034   0x08003b14   0x00000008   Data   RW          788    .data               usart3.o
    0x2000003c   0x08003b1c   0x00000001   Data   RW          946    .data               exti.o
    0x2000003d   0x08003b1d   0x00000014   Data   RW         1386    .data               stm32f10x_rcc.o
    0x20000051   0x08003b31   0x00000003   PAD
    0x20000054   0x08003b34   0x00000004   Data   RW         2546    .data               common.o
    0x20000058        -       0x000000c8   Zero   RW          443    .bss                usart.o
    0x20000120        -       0x000002c0   Zero   RW          541    .bss                sdio_sdcard.o
    0x200003e0        -       0x00002ee2   Zero   RW          787    .bss                usart3.o
    0x200032c2   0x08003b38   0x00000002   PAD
    0x200032c4        -       0x00000060   Zero   RW         2804    .bss                c_w.l(libspace.o)
    0x20003324   0x08003b38   0x00000004   PAD
    0x20003328        -       0x00000200   Zero   RW          373    HEAP                startup_stm32f10x_hd.o
    0x20003528        -       0x00000400   Zero   RW          372    STACK               startup_stm32f10x_hd.o


==============================================================================

Image component sizes


      Code (inc. data)   RO Data    RW Data    ZI Data      Debug   Object Name

      1144        140          0          4          0       4183   common.o
         0          0          0          0          0         32   core_cm3.o
       244         26          0          4          0       2207   delay.o
       438         32          0          0          0       3788   dht11.o
       264         50          0          1          0       2127   exti.o
        76          8          0          0          0        491   led.o
       890        298          0          0          0     264395   main.o
       172         22          0          0          0       2029   misc.o
       420         26          0         16        704      11390   sdio_sdcard.o
        68         26        304          0       1536        832   startup_stm32f10x_hd.o
        52         12          0          0          0       1120   stm32f10x_exti.o
       300          0          0          0          0       3091   stm32f10x_gpio.o
        26          0          0          0          0       3642   stm32f10x_it.o
       340         44          0         20          0       5536   stm32f10x_rcc.o
        80         16          0          0          0       3421   stm32f10x_sdio.o
       274         42          0          0          0       5157   stm32f10x_tim.o
       598         28          0          0          0       6720   stm32f10x_usart.o
       328         28          0         20          0       2057   system_stm32f10x.o
       484         92          0          4          0       2983   timer.o
       328         26          0          6        200       4072   usart.o
       544         92          0          8      12002       3996   usart3.o
       128         20          0          0          0       1788   wire.o

    ----------------------------------------------------------------------
      7226       1028        336         88      14444     335057   Object Totals
        10          0         32          0          0          0   (incl. Generated)
        18          0          0          5          2          0   (incl. Padding)

    ----------------------------------------------------------------------

      Code (inc. data)   RO Data    RW Data    ZI Data      Debug   Library Member Name

        24          4          0          0          0         84   __2printf.o
        44          6          0          0          0         84   __2sprintf.o
         8          0          0          0          0         68   __main.o
       392          4         17          0          0         92   __printf_flags_ss_wp.o
        14          0          0          0          0         68   __printf_wp.o
         0          0          0          0          0          0   __rtentry.o
        12          0          0          0          0          0   __rtentry2.o
         6          0          0          0          0          0   __rtentry4.o
        52          8          0          0          0          0   __scatter.o
        26          0          0          0          0          0   __scatter_copy.o
        28          0          0          0          0          0   __scatter_zi.o
         6          0          0          0          0          0   _printf_a.o
         6          0          0          0          0          0   _printf_c.o
        44          0          0          0          0        108   _printf_char.o
        48          6          0          0          0         96   _printf_char_common.o
        36          4          0          0          0         80   _printf_char_file.o
        40          0          0          0          0         68   _printf_charcount.o
         6          0          0          0          0          0   _printf_d.o
       120         16          0          0          0         92   _printf_dec.o
         6          0          0          0          0          0   _printf_e.o
         6          0          0          0          0          0   _printf_f.o
      1054          0          0          0          0        216   _printf_fp_dec.o
       764          8         38          0          0        100   _printf_fp_hex.o
       128         16          0          0          0         84   _printf_fp_infnan.o
         6          0          0          0          0          0   _printf_g.o
       148          4         40          0          0        160   _printf_hex_int_ll_ptr.o
         6          0          0          0          0          0   _printf_i.o
       178          0          0          0          0         88   _printf_intcommon.o
        10          0          0          0          0          0   _printf_l.o
         6          0          0          0          0          0   _printf_lc.o
        10          0          0          0          0          0   _printf_ll.o
         6          0          0          0          0          0   _printf_lld.o
         6          0          0          0          0          0   _printf_lli.o
         6          0          0          0          0          0   _printf_llo.o
         6          0          0          0          0          0   _printf_llu.o
         6          0          0          0          0          0   _printf_llx.o
       124         16          0          0          0         92   _printf_longlong_dec.o
         6          0          0          0          0          0   _printf_ls.o
         6          0          0          0          0          0   _printf_n.o
         6          0          0          0          0          0   _printf_o.o
       112         10          0          0          0        124   _printf_oct_int_ll.o
         6          0          0          0          0          0   _printf_p.o
        78          0          0          0          0        108   _printf_pad.o
         0          0          0          0          0          0   _printf_percent.o
         4          0          0          0          0          0   _printf_percent_end.o
         6          0          0          0          0          0   _printf_s.o
        82          0          0          0          0         80   _printf_str.o
        36          0          0          0          0         84   _printf_truncate.o
         6          0          0          0          0          0   _printf_u.o
        44          0          0          0          0        108   _printf_wchar.o
       188          6          8          0          0         92   _printf_wctomb.o
         6          0          0          0          0          0   _printf_x.o
        10          0          0          0          0         68   _sputc.o
        64          0          0          0          0         92   _wcrtomb.o
       228          4        148          0          0         96   bigflt0.o
      1936        128          0          0          0        672   btod.o
        18          0          0          0          0         80   exit.o
         8          0          0          0          0         68   ferror.o
         6          0          0          0          0        152   heapauxi.o
        44         10        272          0          0         76   lc_ctype_c.o
        44         10         28          0          0         76   lc_numeric_c.o
         2          0          0          0          0          0   libinit.o
        30          0          0          0          0          0   libinit2.o
         2          0          0          0          0          0   libshutdown.o
         2          0          0          0          0          0   libshutdown2.o
         8          4          0          0         96         68   libspace.o
       138          0          0          0          0         80   lludiv10.o
        16          4          0          0          0         76   rt_ctype_table.o
         8          4          0          0          0         68   rt_locale_intlibspace.o
         2          0          0          0          0          0   rtexit.o
        10          0          0          0          0          0   rtexit2.o
       128          0          0          0          0         68   strcmpv7m.o
        62          0          0          0          0         76   strlen.o
        36          0          0          0          0         80   strstr.o
        74          0          0          0          0         80   sys_stackheap_outer.o
         2          0          0          0          0         68   use_no_semi.o
         2          0          0          0          0         68   use_no_semi_2.o
        36          4          0          0          0         76   vsprintf.o
         4          0          0          0          0         68   printf1.o
         4          0          0          0          0         68   printf2.o
         0          0          0          0          0          0   usenofp.o
        40          0          0          0          0         68   fpclassify.o

    ----------------------------------------------------------------------
      6954        276        556          0        100       4568   Library Totals
        16          0          5          0          4          0   (incl. Padding)

    ----------------------------------------------------------------------

      Code (inc. data)   RO Data    RW Data    ZI Data      Debug   Library Name

      6890        276        551          0         96       4364   c_w.l
         8          0          0          0          0        136   fz_ws.l
        40          0          0          0          0         68   m_ws.l

    ----------------------------------------------------------------------
      6954        276        556          0        100       4568   Library Totals

    ----------------------------------------------------------------------

==============================================================================


      Code (inc. data)   RO Data    RW Data    ZI Data      Debug   

     14180       1304        892         88      14544     332913   Grand Totals
     14180       1304        892         88      14544     332913   ELF Image Totals
     14180       1304        892         88          0          0   ROM Totals

==============================================================================

    Total RO  Size (Code + RO Data)                15072 (  14.72kB)
    Total RW  Size (RW Data + ZI Data)             14632 (  14.29kB)
    Total ROM Size (Code + RO Data + RW Data)      15160 (  14.80kB)

==============================================================================

